Archive member included because of file (symbol)

c:/program files (x86)/atollic/truestudio for arm 5.4.0/armtools/bin/../lib/gcc/arm-atollic-eabi/4.8.3/../../../../arm-atollic-eabi/lib/armv7e-m/fpu\libc_s.a(lib_a-init.o)
                              src\startup_stm32f40xx.o (__libc_init_array)
c:/program files (x86)/atollic/truestudio for arm 5.4.0/armtools/bin/../lib/gcc/arm-atollic-eabi/4.8.3/../../../../arm-atollic-eabi/lib/armv7e-m/fpu\libc_s.a(lib_a-memset.o)
                              Libraries\CMSIS\Include\USART_STM32F4xx.o (memset)
c:/program files (x86)/atollic/truestudio for arm 5.4.0/armtools/bin/../lib/gcc/arm-atollic-eabi/4.8.3/../../../../arm-atollic-eabi/lib/armv7e-m/fpu\libc_s.a(lib_a-strlen.o)
                              src\tiny_printf.o (strlen)
c:/program files (x86)/atollic/truestudio for arm 5.4.0/armtools/bin/../lib/gcc/arm-atollic-eabi/4.8.3/../../../../arm-atollic-eabi/lib/armv7e-m/fpu\libc_s.a(lib_a-syscalls.o)
                              src\tiny_printf.o (_write)
c:/program files (x86)/atollic/truestudio for arm 5.4.0/armtools/bin/../lib/gcc/arm-atollic-eabi/4.8.3/../../../../arm-atollic-eabi/lib/armv7e-m/fpu\libc_s.a(lib_a-reent.o)
                              c:/program files (x86)/atollic/truestudio for arm 5.4.0/armtools/bin/../lib/gcc/arm-atollic-eabi/4.8.3/../../../../arm-atollic-eabi/lib/armv7e-m/fpu\libc_s.a(lib_a-syscalls.o) (errno)
c:/program files (x86)/atollic/truestudio for arm 5.4.0/armtools/bin/../lib/gcc/arm-atollic-eabi/4.8.3/../../../../arm-atollic-eabi/lib/armv7e-m/fpu\libc_s.a(lib_a-impure.o)
                              c:/program files (x86)/atollic/truestudio for arm 5.4.0/armtools/bin/../lib/gcc/arm-atollic-eabi/4.8.3/../../../../arm-atollic-eabi/lib/armv7e-m/fpu\libc_s.a(lib_a-reent.o) (_impure_ptr)
c:/program files (x86)/atollic/truestudio for arm 5.4.0/armtools/bin/../lib/gcc/arm-atollic-eabi/4.8.3/../../../../arm-atollic-eabi/lib/armv7e-m/fpu\libc_s.a(lib_a-nano-freer.o)
                              c:/program files (x86)/atollic/truestudio for arm 5.4.0/armtools/bin/../lib/gcc/arm-atollic-eabi/4.8.3/../../../../arm-atollic-eabi/lib/armv7e-m/fpu\libc_s.a(lib_a-reent.o) (_free_r)
c:/program files (x86)/atollic/truestudio for arm 5.4.0/armtools/bin/../lib/gcc/arm-atollic-eabi/4.8.3/../../../../arm-atollic-eabi/lib/armv7e-m/fpu\libc_s.a(lib_a-nano-mallocr.o)
                              c:/program files (x86)/atollic/truestudio for arm 5.4.0/armtools/bin/../lib/gcc/arm-atollic-eabi/4.8.3/../../../../arm-atollic-eabi/lib/armv7e-m/fpu\libc_s.a(lib_a-nano-freer.o) (__malloc_free_list)
c:/program files (x86)/atollic/truestudio for arm 5.4.0/armtools/bin/../lib/gcc/arm-atollic-eabi/4.8.3/../../../../arm-atollic-eabi/lib/armv7e-m/fpu\libc_s.a(lib_a-sbrkr.o)
                              c:/program files (x86)/atollic/truestudio for arm 5.4.0/armtools/bin/../lib/gcc/arm-atollic-eabi/4.8.3/../../../../arm-atollic-eabi/lib/armv7e-m/fpu\libc_s.a(lib_a-nano-mallocr.o) (_sbrk_r)

Allocating common symbols
Common symbol       size              file

pidY_X              0x4               src\globals.o
errno               0x4               c:/program files (x86)/atollic/truestudio for arm 5.4.0/armtools/bin/../lib/gcc/arm-atollic-eabi/4.8.3/../../../../arm-atollic-eabi/lib/armv7e-m/fpu\libc_s.a(lib_a-reent.o)
pFlash              0x20              Libraries\STM32F4xx_HAL_Driver\Src\stm32f4xx_hal_flash.o
pidDataX            0x4               src\globals.o
pidDataY            0x4               src\globals.o
pidY_Y              0x4               src\globals.o

Discarded input sections

 .text          0x00000000        0x0 c:/program files (x86)/atollic/truestudio for arm 5.4.0/armtools/bin/../lib/gcc/arm-atollic-eabi/4.8.3/armv7e-m/fpu/crti.o
 .data          0x00000000        0x0 c:/program files (x86)/atollic/truestudio for arm 5.4.0/armtools/bin/../lib/gcc/arm-atollic-eabi/4.8.3/armv7e-m/fpu/crti.o
 .bss           0x00000000        0x0 c:/program files (x86)/atollic/truestudio for arm 5.4.0/armtools/bin/../lib/gcc/arm-atollic-eabi/4.8.3/armv7e-m/fpu/crti.o
 .data          0x00000000        0x4 c:/program files (x86)/atollic/truestudio for arm 5.4.0/armtools/bin/../lib/gcc/arm-atollic-eabi/4.8.3/armv7e-m/fpu/crtbegin.o
 .text          0x00000000        0x0 src\tiny_printf.o
 .data          0x00000000        0x0 src\tiny_printf.o
 .bss           0x00000000        0x0 src\tiny_printf.o
 .text.siprintf
                0x00000000       0x2c src\tiny_printf.o
 .text.fiprintf
                0x00000000       0x9c src\tiny_printf.o
 .text.fputs    0x00000000       0x68 src\tiny_printf.o
 .text.fwrite   0x00000000       0x38 src\tiny_printf.o
 .text          0x00000000        0x0 src\system_stm32f4xx.o
 .data          0x00000000        0x0 src\system_stm32f4xx.o
 .bss           0x00000000        0x0 src\system_stm32f4xx.o
 .data.AHBPrescTable
                0x00000000       0x10 src\system_stm32f4xx.o
 .text.SystemCoreClockUpdate
[...]
Memory Configuration

Name             Origin             Length             Attributes
FLASH            0x08000000         0x00100000         xr
RAM              0x20000000         0x00020000         xrw
MEMORY_B1        0x60000000         0x00000000         xr
CCMRAM           0x10000000         0x00010000         rw
*default*        0x00000000         0xffffffff

Linker script and memory map

LOAD c:/program files (x86)/atollic/truestudio for arm 5.4.0/armtools/bin/../lib/gcc/arm-atollic-eabi/4.8.3/armv7e-m/fpu/crti.o
LOAD c:/program files (x86)/atollic/truestudio for arm 5.4.0/armtools/bin/../lib/gcc/arm-atollic-eabi/4.8.3/armv7e-m/fpu/crtbegin.o
LOAD src\tiny_printf.o
LOAD src\system_stm32f4xx.o
LOAD src\stm32f4xx_it.o
LOAD src\stm32f4xx_hal_msp.o
LOAD src\stdout_USART.o
LOAD src\startup_stm32f40xx.o
LOAD src\main.o
LOAD src\globals.o
LOAD src\PWM.o
LOAD src\PID.o
LOAD src\I2C_Treiber.o
LOAD src\Driver_I2C.o
LOAD src\Daten_Filter.o
LOAD Libraries\STM32F4xx_HAL_Driver\Src\stm32f4xx_ll_usb.o
LOAD Libraries\STM32F4xx_HAL_Driver\Src\stm32f4xx_ll_sdmmc.o
LOAD Libraries\STM32F4xx_HAL_Driver\Src\stm32f4xx_ll_fsmc.o
LOAD Libraries\STM32F4xx_HAL_Driver\Src\stm32f4xx_ll_fmc.o
LOAD Libraries\STM32F4xx_HAL_Driver\Src\stm32f4xx_hal_usart.o
LOAD Libraries\STM32F4xx_HAL_Driver\Src\stm32f4xx_hal_uart.o
LOAD Libraries\STM32F4xx_HAL_Driver\Src\stm32f4xx_hal_tim_ex.o
LOAD Libraries\STM32F4xx_HAL_Driver\Src\stm32f4xx_hal_tim.o
LOAD Libraries\STM32F4xx_HAL_Driver\Src\stm32f4xx_hal_spi.o
LOAD Libraries\STM32F4xx_HAL_Driver\Src\stm32f4xx_hal_rcc_ex.o
LOAD Libraries\STM32F4xx_HAL_Driver\Src\stm32f4xx_hal_rcc.o
LOAD Libraries\STM32F4xx_HAL_Driver\Src\stm32f4xx_hal_pwr_ex.o
LOAD Libraries\STM32F4xx_HAL_Driver\Src\stm32f4xx_hal_pwr.o
LOAD Libraries\STM32F4xx_HAL_Driver\Src\stm32f4xx_hal_i2c_ex.o
LOAD Libraries\STM32F4xx_HAL_Driver\Src\stm32f4xx_hal_i2c.o
LOAD Libraries\STM32F4xx_HAL_Driver\Src\stm32f4xx_hal_gpio.o
LOAD Libraries\STM32F4xx_HAL_Driver\Src\stm32f4xx_hal_flash_ramfunc.o
LOAD Libraries\STM32F4xx_HAL_Driver\Src\stm32f4xx_hal_flash_ex.o
LOAD Libraries\STM32F4xx_HAL_Driver\Src\stm32f4xx_hal_flash.o
LOAD Libraries\STM32F4xx_HAL_Driver\Src\stm32f4xx_hal_dma_ex.o
LOAD Libraries\STM32F4xx_HAL_Driver\Src\stm32f4xx_hal_dma2d.o
LOAD Libraries\STM32F4xx_HAL_Driver\Src\stm32f4xx_hal_dma.o
LOAD Libraries\STM32F4xx_HAL_Driver\Src\stm32f4xx_hal_cortex.o
LOAD Libraries\STM32F4xx_HAL_Driver\Src\stm32f4xx_hal_adc_ex.o
LOAD Libraries\STM32F4xx_HAL_Driver\Src\stm32f4xx_hal_adc.o
LOAD Libraries\STM32F4xx_HAL_Driver\Src\stm32f4xx_hal.o
LOAD Libraries\CMSIS\Include\USART_STM32F4xx.o
START GROUP
LOAD c:/program files (x86)/atollic/truestudio for arm 5.4.0/armtools/bin/../lib/gcc/arm-atollic-eabi/4.8.3/../../../../arm-atollic-eabi/lib/armv7e-m/fpu\libc_s.a
LOAD c:/program files (x86)/atollic/truestudio for arm 5.4.0/armtools/bin/../lib/gcc/arm-atollic-eabi/4.8.3/../../../../arm-atollic-eabi/lib/armv7e-m/fpu\libm.a
END GROUP
                0x00001000                malloc_getpagesize_P = 0x1000
START GROUP
LOAD c:/program files (x86)/atollic/truestudio for arm 5.4.0/armtools/bin/../lib/gcc/arm-atollic-eabi/4.8.3/armv7e-m/fpu\libgcc.a
LOAD c:/program files (x86)/atollic/truestudio for arm 5.4.0/armtools/bin/../lib/gcc/arm-atollic-eabi/4.8.3/../../../../arm-atollic-eabi/lib/armv7e-m/fpu\libc.a
END GROUP
LOAD c:/program files (x86)/atollic/truestudio for arm 5.4.0/armtools/bin/../lib/gcc/arm-atollic-eabi/4.8.3/armv7e-m/fpu/crtend.o
LOAD c:/program files (x86)/atollic/truestudio for arm 5.4.0/armtools/bin/../lib/gcc/arm-atollic-eabi/4.8.3/armv7e-m/fpu/crtn.o
                0x20020000                _estack = 0x20020000
                0x00000000                _Min_Heap_Size = 0x0
                0x00000400                _Min_Stack_Size = 0x400

.isr_vector     0x08000000      0x188
                0x08000000                . = ALIGN (0x4)
 *(.isr_vector)
 .isr_vector    0x08000000      0x188 src\startup_stm32f40xx.o
                0x08000000                g_pfnVectors
                0x08000188                . = ALIGN (0x4)

.text           0x08000188     0x74f8
                0x08000188                . = ALIGN (0x4)
 *(.text)
 .text          0x08000188       0x40 c:/program files (x86)/atollic/truestudio for arm 5.4.0/armtools/bin/../lib/gcc/arm-atollic-eabi/4.8.3/armv7e-m/fpu/crtbegin.o
 *(.text*)
 .text.ts_itoa  0x080001c8       0x90 src\tiny_printf.o
                0x080001c8                ts_itoa
 .text.ts_formatstring
                0x08000258      0x134 src\tiny_printf.o
                0x08000258                ts_formatstring
 .text.ts_formatlength
                0x0800038c      0x12c src\tiny_printf.o
                0x0800038c                ts_formatlength
 .text.iprintf  0x080004b8       0x94 src\tiny_printf.o
                0x080004b8                iprintf
                0x080004b8                printf
 .text.puts     0x0800054c       0x58 src\tiny_printf.o
                0x0800054c                puts
 .text.SystemInit
                0x080005a4       0x68 src\system_stm32f4xx.o
                0x080005a4                SystemInit
 .text.SetSysClock
                0x0800060c       0xf8 src\system_stm32f4xx.o
 .text.NMI_Handler
                0x08000704        0xc src\stm32f4xx_it.o
                0x08000704                NMI_Handler
 .text.HardFault_Handler
                0x08000710        0x8 src\stm32f4xx_it.o
                0x08000710                HardFault_Handler
 .text.MemManage_Handler
                0x08000718        0x8 src\stm32f4xx_it.o
                0x08000718                MemManage_Handler
 .text.BusFault_Handler
                0x08000720        0x8 src\stm32f4xx_it.o
                0x08000720                BusFault_Handler
 .text.UsageFault_Handler
                0x08000728        0x8 src\stm32f4xx_it.o
                0x08000728                UsageFault_Handler
 .text.SVC_Handler
                0x08000730        0xc src\stm32f4xx_it.o
                0x08000730                SVC_Handler
 .text.DebugMon_Handler
                0x0800073c        0xc src\stm32f4xx_it.o
                0x0800073c                DebugMon_Handler
 .text.PendSV_Handler
                0x08000748        0xc src\stm32f4xx_it.o
                0x08000748                PendSV_Handler
 .text.SysTick_Handler
                0x08000754        0xc src\stm32f4xx_it.o
                0x08000754                SysTick_Handler
 .text.HAL_MspInit
                0x08000760        0xc src\stm32f4xx_hal_msp.o
                0x08000760                HAL_MspInit
 .text.buildCommand
                0x0800076c      0x138 src\stdout_USART.o
                0x0800076c                buildCommand
 .text.sendCommand
                0x080008a4       0x8c src\stdout_USART.o
                0x080008a4                sendCommand
 .text.myUSART_callback
                0x08000930      0x138 src\stdout_USART.o
                0x08000930                myUSART_callback
 .text.sendCode
                0x08000a68      0x144 src\stdout_USART.o
                0x08000a68                sendCode
 .text.startRecording
                0x08000bac       0x70 src\stdout_USART.o
                0x08000bac                startRecording
 .text.stopRecordingAll
                0x08000c1c       0x18 src\stdout_USART.o
                0x08000c1c                stopRecordingAll
 .text.stopRecording
                0x08000c34       0x80 src\stdout_USART.o
                0x08000c34                stopRecording
 .text.changeValue
                0x08000cb4       0xc0 src\stdout_USART.o
                0x08000cb4                changeValue
 .text.kommuHandler
                0x08000d74      0x1f4 src\stdout_USART.o
                0x08000d74                kommuHandler
 .text.startRec
                0x08000f68       0x2c src\stdout_USART.o
                0x08000f68                startRec
 .text.std_init
                0x08000f94       0x84 src\stdout_USART.o
                0x08000f94                std_init
 .text.helperBufferToInt
                0x08001018       0x24 src\stdout_USART.o
                0x08001018                helperBufferToInt
 .text.helperIntToBuffer
                0x0800103c       0x40 src\stdout_USART.o
                0x0800103c                helperIntToBuffer
 .text.helperShortToBuffer
                0x0800107c       0x2c src\stdout_USART.o
                0x0800107c                helperShortToBuffer
 .text.Reset_Handler
                0x080010a8       0x58 src\startup_stm32f40xx.o
                0x080010a8                Reset_Handler
 .text.Default_Handler
                0x08001100        0x4 src\startup_stm32f40xx.o
                0x08001100                RTC_Alarm_IRQHandler
                0x08001100                HASH_RNG_IRQHandler
                0x08001100                EXTI2_IRQHandler
                0x08001100                TIM8_CC_IRQHandler
                0x08001100                DMA2_Stream5_IRQHandler
                0x08001100                PVD_IRQHandler
                0x08001100                SDIO_IRQHandler
                0x08001100                TAMP_STAMP_IRQHandler
                0x08001100                CAN2_RX1_IRQHandler
                0x08001100                TIM8_TRG_COM_TIM14_IRQHandler
                0x08001100                TIM1_UP_TIM10_IRQHandler
                0x08001100                TIM8_UP_TIM13_IRQHandler
                0x08001100                I2C3_ER_IRQHandler
                0x08001100                EXTI0_IRQHandler
                0x08001100                I2C2_EV_IRQHandler
                0x08001100                DMA1_Stream2_IRQHandler
                0x08001100                CAN1_RX0_IRQHandler
                0x08001100                FPU_IRQHandler
                0x08001100                OTG_HS_WKUP_IRQHandler
                0x08001100                CAN2_SCE_IRQHandler
                0x08001100                DMA2_Stream2_IRQHandler
                0x08001100                SPI1_IRQHandler
                0x08001100                TIM6_DAC_IRQHandler
                0x08001100                TIM1_BRK_TIM9_IRQHandler
                0x08001100                DCMI_IRQHandler
                0x08001100                CAN2_RX0_IRQHandler
                0x08001100                DMA2_Stream3_IRQHandler
                0x08001100                USART6_IRQHandler
                0x08001100                CRYP_IRQHandler
                0x08001100                CAN1_RX1_IRQHandler
                0x08001100                UART5_IRQHandler
                0x08001100                DMA2_Stream0_IRQHandler
                0x08001100                TIM4_IRQHandler
                0x08001100                DMA1_Stream1_IRQHandler
                0x08001100                UART4_IRQHandler
                0x08001100                TIM3_IRQHandler
                0x08001100                RCC_IRQHandler
                0x08001100                TIM8_BRK_TIM12_IRQHandler
                0x08001100                Default_Handler
                0x08001100                EXTI15_10_IRQHandler
                0x08001100                ADC_IRQHandler
                0x08001100                DMA1_Stream7_IRQHandler
                0x08001100                TIM7_IRQHandler
                0x08001100                CAN2_TX_IRQHandler
                0x08001100                TIM5_IRQHandler
                0x08001100                DMA2_Stream7_IRQHandler
                0x08001100                I2C3_EV_IRQHandler
                0x08001100                EXTI9_5_IRQHandler
                0x08001100                RTC_WKUP_IRQHandler
                0x08001100                ETH_WKUP_IRQHandler
                0x08001100                SPI2_IRQHandler
                0x08001100                OTG_HS_EP1_IN_IRQHandler
                0x08001100                DMA1_Stream0_IRQHandler
                0x08001100                CAN1_TX_IRQHandler
                0x08001100                EXTI4_IRQHandler
                0x08001100                FSMC_IRQHandler
                0x08001100                ETH_IRQHandler
                0x08001100                OTG_HS_EP1_OUT_IRQHandler
                0x08001100                WWDG_IRQHandler
                0x08001100                TIM2_IRQHandler
                0x08001100                OTG_FS_WKUP_IRQHandler
                0x08001100                TIM1_TRG_COM_TIM11_IRQHandler
                0x08001100                OTG_HS_IRQHandler
                0x08001100                EXTI1_IRQHandler
                0x08001100                USART2_IRQHandler
                0x08001100                I2C2_ER_IRQHandler
                0x08001100                DMA2_Stream1_IRQHandler
                0x08001100                CAN1_SCE_IRQHandler
                0x08001100                FLASH_IRQHandler
                0x08001100                DMA2_Stream4_IRQHandler
                0x08001100                USART1_IRQHandler
                0x08001100                OTG_FS_IRQHandler
                0x08001100                SPI3_IRQHandler
                0x08001100                DMA1_Stream4_IRQHandler
                0x08001100                DMA2_Stream6_IRQHandler
                0x08001100                DMA1_Stream3_IRQHandler
 .text.main     0x08001104       0x30 src\main.o
                0x08001104                main
 .text.main_init
                0x08001134      0x150 src\main.o
 .text.main_loop
                0x08001284       0x40 src\main.o
 .text.callback_MPU6050
                0x080012c4       0x48 src\main.o
                0x080012c4                callback_MPU6050
 .text.callback_PWMOut
                0x0800130c       0xc8 src\main.o
                0x0800130c                callback_PWMOut
 .text.Error_Handler
                0x080013d4        0x8 src\main.o
 .text.HAL_InitTick
                0x080013dc       0x3c src\globals.o
                0x080013dc                HAL_InitTick
 .text.HAL_IncTick
                0x08001418       0x34 src\globals.o
                0x08001418                HAL_IncTick
 .text.HAL_GetTick
                0x0800144c       0x18 src\globals.o
                0x0800144c                HAL_GetTick
 .text.HAL_GetTick10u
                0x08001464       0x18 src\globals.o
                0x08001464                HAL_GetTick10u
 .text.HAL_Delay
                0x0800147c       0x2c src\globals.o
                0x0800147c                HAL_Delay
 .text.pwm_init
                0x080014a8       0xb8 src\PWM.o
                0x080014a8                pwm_init
 .text.pwm_set_pulsewidth
                0x08001560       0x58 src\PWM.o
                0x08001560                pwm_set_pulsewidth
 .text.bldc_set_power
                0x080015b8       0x38 src\PWM.o
                0x080015b8                bldc_set_power
 .text.HAL_TIM_PWM_MspInit
                0x080015f0       0x78 src\PWM.o
                0x080015f0                HAL_TIM_PWM_MspInit
 .text.TIM1_CC_IRQHandler
                0x08001668       0x10 src\PWM.o
                0x08001668                TIM1_CC_IRQHandler
 .text.HAL_TIM_PWM_PulseFinishedCallback
                0x08001678       0x14 src\PWM.o
                0x08001678                HAL_TIM_PWM_PulseFinishedCallback
 .text.pid_init
                0x0800168c       0x44 src\PID.o
                0x0800168c                pid_init
 .text.pi_run   0x080016d0       0xa4 src\PID.o
                0x080016d0                pi_run
 .text.pid_run_use_gyro
                0x08001774       0x44 src\PID.o
                0x08001774                pid_run_use_gyro
 .text.HAL_I2C_MspInit
                0x080017b8      0x1f4 src\I2C_Treiber.o
                0x080017b8                HAL_I2C_MspInit
 .text.initMPU  0x080019ac       0xa8 src\I2C_Treiber.o
                0x080019ac                initMPU
 .text.Initial_MPU6050
                0x08001a54       0x8c src\I2C_Treiber.o
                0x08001a54                Initial_MPU6050
 .text.MPU6050_GetRawAccelGyro
                0x08001ae0       0xf4 src\I2C_Treiber.o
                0x08001ae0                MPU6050_GetRawAccelGyro
 .text.SCCB_Read
                0x08001bd4       0x70 src\I2C_Treiber.o
                0x08001bd4                SCCB_Read
 .text.MPU6050_WriteBits
                0x08001c44       0xa8 src\I2C_Treiber.o
                0x08001c44                MPU6050_WriteBits
 .text.MPU6050_WriteBit
                0x08001cec       0x94 src\I2C_Treiber.o
                0x08001cec                MPU6050_WriteBit
 .text.DMA1_Stream5_IRQHandler
                0x08001d80       0x14 src\I2C_Treiber.o
                0x08001d80                DMA1_Stream5_IRQHandler
 .text.DMA1_Stream6_IRQHandler
                0x08001d94       0x14 src\I2C_Treiber.o
                0x08001d94                DMA1_Stream6_IRQHandler
 .text.I2C1_EV_IRQHandler
                0x08001da8       0x10 src\I2C_Treiber.o
                0x08001da8                I2C1_EV_IRQHandler
 .text.I2C1_ER_IRQHandler
                0x08001db8       0x10 src\I2C_Treiber.o
                0x08001db8                I2C1_ER_IRQHandler
 .text.EXTI3_IRQHandler
                0x08001dc8        0xc src\I2C_Treiber.o
                0x08001dc8                EXTI3_IRQHandler
 .text.filterMain
                0x08001dd4      0x190 src\Daten_Filter.o
                0x08001dd4                filterMain
 .text.Get_angle_from_accle
                0x08001f64       0x70 src\Daten_Filter.o
                0x08001f64                Get_angle_from_accle
 .text.Get_angle_from_comple
                0x08001fd4       0xf8 src\Daten_Filter.o
                0x08001fd4                Get_angle_from_comple
 .text.Get_Gyro_Offset_Start
                0x080020cc       0x28 src\Daten_Filter.o
                0x080020cc                Get_Gyro_Offset_Start
 .text.Get_Gyro_Offset_Stopp
                0x080020f4       0x2c src\Daten_Filter.o
                0x080020f4                Get_Gyro_Offset_Stopp
 .text.getFastXYAngle
                0x08002120      0x148 src\Daten_Filter.o
                0x08002120                getFastXYAngle
 .text.HAL_TIMEx_CommutationCallback
                0x08002268       0x14 Libraries\STM32F4xx_HAL_Driver\Src\stm32f4xx_hal_tim_ex.o
                0x08002268                HAL_TIMEx_CommutationCallback
 .text.HAL_TIMEx_BreakCallback
                0x0800227c       0x14 Libraries\STM32F4xx_HAL_Driver\Src\stm32f4xx_hal_tim_ex.o
                0x0800227c                HAL_TIMEx_BreakCallback
 .text.HAL_TIM_PWM_Init
                0x08002290       0x58 Libraries\STM32F4xx_HAL_Driver\Src\stm32f4xx_hal_tim.o
                0x08002290                HAL_TIM_PWM_Init
 .text.HAL_TIM_PWM_Start_IT
                0x080022e8       0xf4 Libraries\STM32F4xx_HAL_Driver\Src\stm32f4xx_hal_tim.o
                0x080022e8                HAL_TIM_PWM_Start_IT
 .text.HAL_TIM_IRQHandler
                0x080023dc      0x210 Libraries\STM32F4xx_HAL_Driver\Src\stm32f4xx_hal_tim.o
                0x080023dc                HAL_TIM_IRQHandler
 .text.HAL_TIM_PWM_ConfigChannel
                0x080025ec      0x18c Libraries\STM32F4xx_HAL_Driver\Src\stm32f4xx_hal_tim.o
                0x080025ec                HAL_TIM_PWM_ConfigChannel
 .text.HAL_TIM_PeriodElapsedCallback
                0x08002778       0x14 Libraries\STM32F4xx_HAL_Driver\Src\stm32f4xx_hal_tim.o
                0x08002778                HAL_TIM_PeriodElapsedCallback
 .text.HAL_TIM_OC_DelayElapsedCallback
                0x0800278c       0x14 Libraries\STM32F4xx_HAL_Driver\Src\stm32f4xx_hal_tim.o
                0x0800278c                HAL_TIM_OC_DelayElapsedCallback
 .text.HAL_TIM_IC_CaptureCallback
                0x080027a0       0x14 Libraries\STM32F4xx_HAL_Driver\Src\stm32f4xx_hal_tim.o
                0x080027a0                HAL_TIM_IC_CaptureCallback
 .text.HAL_TIM_TriggerCallback
                0x080027b4       0x14 Libraries\STM32F4xx_HAL_Driver\Src\stm32f4xx_hal_tim.o
                0x080027b4                HAL_TIM_TriggerCallback
 .text.TIM_Base_SetConfig
                0x080027c8      0x150 Libraries\STM32F4xx_HAL_Driver\Src\stm32f4xx_hal_tim.o
                0x080027c8                TIM_Base_SetConfig
 .text.TIM_OC2_SetConfig
                0x08002918       0xf0 Libraries\STM32F4xx_HAL_Driver\Src\stm32f4xx_hal_tim.o
                0x08002918                TIM_OC2_SetConfig
 .text.TIM_CCxChannelCmd
                0x08002a08       0x44 Libraries\STM32F4xx_HAL_Driver\Src\stm32f4xx_hal_tim.o
                0x08002a08                TIM_CCxChannelCmd
 .text.TIM_OC1_SetConfig
                0x08002a4c       0xe4 Libraries\STM32F4xx_HAL_Driver\Src\stm32f4xx_hal_tim.o
 .text.TIM_OC3_SetConfig
                0x08002b30       0xec Libraries\STM32F4xx_HAL_Driver\Src\stm32f4xx_hal_tim.o
 .text.TIM_OC4_SetConfig
                0x08002c1c       0xc0 Libraries\STM32F4xx_HAL_Driver\Src\stm32f4xx_hal_tim.o
 .text.HAL_RCC_GetSysClockFreq
                0x08002cdc       0xfc Libraries\STM32F4xx_HAL_Driver\Src\stm32f4xx_hal_rcc.o
                0x08002cdc                HAL_RCC_GetSysClockFreq
 .text.HAL_RCC_GetHCLKFreq
                0x08002dd8       0x4c Libraries\STM32F4xx_HAL_Driver\Src\stm32f4xx_hal_rcc.o
                0x08002dd8                HAL_RCC_GetHCLKFreq
 .text.HAL_RCC_GetPCLK1Freq
                0x08002e24       0x44 Libraries\STM32F4xx_HAL_Driver\Src\stm32f4xx_hal_rcc.o
                0x08002e24                HAL_RCC_GetPCLK1Freq
 .text.HAL_I2C_Init
                0x08002e68      0x1b4 Libraries\STM32F4xx_HAL_Driver\Src\stm32f4xx_hal_i2c.o
                0x08002e68                HAL_I2C_Init
 .text.HAL_I2C_DeInit
                0x0800301c       0x50 Libraries\STM32F4xx_HAL_Driver\Src\stm32f4xx_hal_i2c.o
                0x0800301c                HAL_I2C_DeInit
 .text.HAL_I2C_MspDeInit
                0x0800306c       0x14 Libraries\STM32F4xx_HAL_Driver\Src\stm32f4xx_hal_i2c.o
                0x0800306c                HAL_I2C_MspDeInit
 .text.HAL_I2C_Master_Transmit
                0x08003080      0x164 Libraries\STM32F4xx_HAL_Driver\Src\stm32f4xx_hal_i2c.o
                0x08003080                HAL_I2C_Master_Transmit
 .text.HAL_I2C_Master_Receive
                0x080031e4      0x2f0 Libraries\STM32F4xx_HAL_Driver\Src\stm32f4xx_hal_i2c.o
                0x080031e4                HAL_I2C_Master_Receive
 .text.HAL_I2C_Mem_Write
                0x080034d4      0x154 Libraries\STM32F4xx_HAL_Driver\Src\stm32f4xx_hal_i2c.o
                0x080034d4                HAL_I2C_Mem_Write
 .text.HAL_I2C_Mem_Read
                0x08003628      0x2e0 Libraries\STM32F4xx_HAL_Driver\Src\stm32f4xx_hal_i2c.o
                0x08003628                HAL_I2C_Mem_Read
 .text.HAL_I2C_Mem_Read_DMA
                0x08003908      0x150 Libraries\STM32F4xx_HAL_Driver\Src\stm32f4xx_hal_i2c.o
                0x08003908                HAL_I2C_Mem_Read_DMA
 .text.HAL_I2C_EV_IRQHandler
                0x08003a58      0x2e0 Libraries\STM32F4xx_HAL_Driver\Src\stm32f4xx_hal_i2c.o
                0x08003a58                HAL_I2C_EV_IRQHandler
 .text.HAL_I2C_ER_IRQHandler
                0x08003d38      0x1bc Libraries\STM32F4xx_HAL_Driver\Src\stm32f4xx_hal_i2c.o
                0x08003d38                HAL_I2C_ER_IRQHandler
 .text.HAL_I2C_MasterTxCpltCallback
                0x08003ef4       0x14 Libraries\STM32F4xx_HAL_Driver\Src\stm32f4xx_hal_i2c.o
                0x08003ef4                HAL_I2C_MasterTxCpltCallback
 .text.HAL_I2C_MasterRxCpltCallback
                0x08003f08       0x14 Libraries\STM32F4xx_HAL_Driver\Src\stm32f4xx_hal_i2c.o
                0x08003f08                HAL_I2C_MasterRxCpltCallback
 .text.HAL_I2C_SlaveTxCpltCallback
                0x08003f1c       0x14 Libraries\STM32F4xx_HAL_Driver\Src\stm32f4xx_hal_i2c.o
                0x08003f1c                HAL_I2C_SlaveTxCpltCallback
 .text.HAL_I2C_SlaveRxCpltCallback
                0x08003f30       0x14 Libraries\STM32F4xx_HAL_Driver\Src\stm32f4xx_hal_i2c.o
                0x08003f30                HAL_I2C_SlaveRxCpltCallback
 .text.HAL_I2C_MemTxCpltCallback
                0x08003f44       0x14 Libraries\STM32F4xx_HAL_Driver\Src\stm32f4xx_hal_i2c.o
                0x08003f44                HAL_I2C_MemTxCpltCallback
 .text.HAL_I2C_MemRxCpltCallback
                0x08003f58       0x14 Libraries\STM32F4xx_HAL_Driver\Src\stm32f4xx_hal_i2c.o
                0x08003f58                HAL_I2C_MemRxCpltCallback
 .text.HAL_I2C_ErrorCallback
                0x08003f6c       0x14 Libraries\STM32F4xx_HAL_Driver\Src\stm32f4xx_hal_i2c.o
                0x08003f6c                HAL_I2C_ErrorCallback
 .text.HAL_I2C_GetState
                0x08003f80       0x1c Libraries\STM32F4xx_HAL_Driver\Src\stm32f4xx_hal_i2c.o
                0x08003f80                HAL_I2C_GetState
 .text.I2C_MasterTransmit_TXE
                0x08003f9c       0x50 Libraries\STM32F4xx_HAL_Driver\Src\stm32f4xx_hal_i2c.o
 .text.I2C_MasterTransmit_BTF
                0x08003fec       0x88 Libraries\STM32F4xx_HAL_Driver\Src\stm32f4xx_hal_i2c.o
 .text.I2C_MasterReceive_RXNE
                0x08004074       0xc4 Libraries\STM32F4xx_HAL_Driver\Src\stm32f4xx_hal_i2c.o
 .text.I2C_MasterReceive_BTF
                0x08004138      0x10c Libraries\STM32F4xx_HAL_Driver\Src\stm32f4xx_hal_i2c.o
 .text.I2C_SlaveTransmit_TXE
                0x08004244       0x40 Libraries\STM32F4xx_HAL_Driver\Src\stm32f4xx_hal_i2c.o
 .text.I2C_SlaveTransmit_BTF
                0x08004284       0x40 Libraries\STM32F4xx_HAL_Driver\Src\stm32f4xx_hal_i2c.o
 .text.I2C_SlaveReceive_RXNE
                0x080042c4       0x44 Libraries\STM32F4xx_HAL_Driver\Src\stm32f4xx_hal_i2c.o
 .text.I2C_SlaveReceive_BTF
                0x08004308       0x44 Libraries\STM32F4xx_HAL_Driver\Src\stm32f4xx_hal_i2c.o
 .text.I2C_Slave_ADDR
                0x0800434c       0x28 Libraries\STM32F4xx_HAL_Driver\Src\stm32f4xx_hal_i2c.o
 .text.I2C_Slave_STOPF
                0x08004374       0x5c Libraries\STM32F4xx_HAL_Driver\Src\stm32f4xx_hal_i2c.o
 .text.I2C_Slave_AF
                0x080043d0       0x4c Libraries\STM32F4xx_HAL_Driver\Src\stm32f4xx_hal_i2c.o
 .text.I2C_MasterRequestWrite
                0x0800441c       0xc4 Libraries\STM32F4xx_HAL_Driver\Src\stm32f4xx_hal_i2c.o
 .text.I2C_MasterRequestRead
                0x080044e0      0x144 Libraries\STM32F4xx_HAL_Driver\Src\stm32f4xx_hal_i2c.o
 .text.I2C_RequestMemoryWrite
                0x08004624       0xe0 Libraries\STM32F4xx_HAL_Driver\Src\stm32f4xx_hal_i2c.o
 .text.I2C_RequestMemoryRead
                0x08004704      0x15c Libraries\STM32F4xx_HAL_Driver\Src\stm32f4xx_hal_i2c.o
 .text.I2C_DMAMemReceiveCplt
                0x08004860       0x78 Libraries\STM32F4xx_HAL_Driver\Src\stm32f4xx_hal_i2c.o
 .text.I2C_DMAError
                0x080048d8       0x44 Libraries\STM32F4xx_HAL_Driver\Src\stm32f4xx_hal_i2c.o
 .text.I2C_WaitOnFlagUntilTimeout
                0x0800491c      0x114 Libraries\STM32F4xx_HAL_Driver\Src\stm32f4xx_hal_i2c.o
 .text.I2C_WaitOnMasterAddressFlagUntilTimeout
                0x08004a30       0xd8 Libraries\STM32F4xx_HAL_Driver\Src\stm32f4xx_hal_i2c.o
 .text.HAL_GPIO_Init
                0x08004b08      0x340 Libraries\STM32F4xx_HAL_Driver\Src\stm32f4xx_hal_gpio.o
                0x08004b08                HAL_GPIO_Init
 .text.HAL_GPIO_DeInit
                0x08004e48      0x204 Libraries\STM32F4xx_HAL_Driver\Src\stm32f4xx_hal_gpio.o
                0x08004e48                HAL_GPIO_DeInit
 .text.HAL_GPIO_ReadPin
                0x0800504c       0x30 Libraries\STM32F4xx_HAL_Driver\Src\stm32f4xx_hal_gpio.o
                0x0800504c                HAL_GPIO_ReadPin
 .text.HAL_GPIO_WritePin
                0x0800507c       0x30 Libraries\STM32F4xx_HAL_Driver\Src\stm32f4xx_hal_gpio.o
                0x0800507c                HAL_GPIO_WritePin
 .text.HAL_GPIO_TogglePin
                0x080050ac       0x24 Libraries\STM32F4xx_HAL_Driver\Src\stm32f4xx_hal_gpio.o
                0x080050ac                HAL_GPIO_TogglePin
 .text.HAL_GPIO_EXTI_IRQHandler
                0x080050d0       0x30 Libraries\STM32F4xx_HAL_Driver\Src\stm32f4xx_hal_gpio.o
                0x080050d0                HAL_GPIO_EXTI_IRQHandler
 .text.HAL_GPIO_EXTI_Callback
                0x08005100       0x14 Libraries\STM32F4xx_HAL_Driver\Src\stm32f4xx_hal_gpio.o
                0x08005100                HAL_GPIO_EXTI_Callback
 .text.HAL_DMA_Init
                0x08005114       0xd8 Libraries\STM32F4xx_HAL_Driver\Src\stm32f4xx_hal_dma.o
                0x08005114                HAL_DMA_Init
 .text.HAL_DMA_Start_IT
                0x080051ec       0x84 Libraries\STM32F4xx_HAL_Driver\Src\stm32f4xx_hal_dma.o
                0x080051ec                HAL_DMA_Start_IT
 .text.HAL_DMA_Abort
                0x08005270       0x7c Libraries\STM32F4xx_HAL_Driver\Src\stm32f4xx_hal_dma.o
                0x08005270                HAL_DMA_Abort
 .text.HAL_DMA_IRQHandler
                0x080052ec      0x2d8 Libraries\STM32F4xx_HAL_Driver\Src\stm32f4xx_hal_dma.o
                0x080052ec                HAL_DMA_IRQHandler
 .text.DMA_SetConfig
                0x080055c4       0x5c Libraries\STM32F4xx_HAL_Driver\Src\stm32f4xx_hal_dma.o
 .text.DMA_CalcBaseAndBitshift
                0x08005620       0x6c Libraries\STM32F4xx_HAL_Driver\Src\stm32f4xx_hal_dma.o
 .text.NVIC_SetPriorityGrouping
                0x0800568c       0x48 Libraries\STM32F4xx_HAL_Driver\Src\stm32f4xx_hal_cortex.o
 .text.NVIC_GetPriorityGrouping
                0x080056d4       0x1c Libraries\STM32F4xx_HAL_Driver\Src\stm32f4xx_hal_cortex.o
 .text.NVIC_EnableIRQ
                0x080056f0       0x30 Libraries\STM32F4xx_HAL_Driver\Src\stm32f4xx_hal_cortex.o
 .text.NVIC_DisableIRQ
                0x08005720       0x34 Libraries\STM32F4xx_HAL_Driver\Src\stm32f4xx_hal_cortex.o
 .text.NVIC_ClearPendingIRQ
                0x08005754       0x34 Libraries\STM32F4xx_HAL_Driver\Src\stm32f4xx_hal_cortex.o
 .text.NVIC_SetPriority
                0x08005788       0x54 Libraries\STM32F4xx_HAL_Driver\Src\stm32f4xx_hal_cortex.o
 .text.NVIC_EncodePriority
                0x080057dc       0x64 Libraries\STM32F4xx_HAL_Driver\Src\stm32f4xx_hal_cortex.o
 .text.SysTick_Config
                0x08005840       0x44 Libraries\STM32F4xx_HAL_Driver\Src\stm32f4xx_hal_cortex.o
 .text.HAL_NVIC_SetPriorityGrouping
                0x08005884       0x14 Libraries\STM32F4xx_HAL_Driver\Src\stm32f4xx_hal_cortex.o
                0x08005884                HAL_NVIC_SetPriorityGrouping
 .text.HAL_NVIC_SetPriority
                0x08005898       0x38 Libraries\STM32F4xx_HAL_Driver\Src\stm32f4xx_hal_cortex.o
                0x08005898                HAL_NVIC_SetPriority
 .text.HAL_NVIC_EnableIRQ
                0x080058d0       0x1c Libraries\STM32F4xx_HAL_Driver\Src\stm32f4xx_hal_cortex.o
                0x080058d0                HAL_NVIC_EnableIRQ
 .text.HAL_NVIC_DisableIRQ
                0x080058ec       0x1c Libraries\STM32F4xx_HAL_Driver\Src\stm32f4xx_hal_cortex.o
                0x080058ec                HAL_NVIC_DisableIRQ
 .text.HAL_SYSTICK_Config
                0x08005908       0x18 Libraries\STM32F4xx_HAL_Driver\Src\stm32f4xx_hal_cortex.o
                0x08005908                HAL_SYSTICK_Config
 .text.HAL_NVIC_ClearPendingIRQ
                0x08005920       0x1c Libraries\STM32F4xx_HAL_Driver\Src\stm32f4xx_hal_cortex.o
                0x08005920                HAL_NVIC_ClearPendingIRQ
 .text.HAL_Init
                0x0800593c       0x44 Libraries\STM32F4xx_HAL_Driver\Src\stm32f4xx_hal.o
                0x0800593c                HAL_Init
 .text.NVIC_EnableIRQ
                0x08005980       0x30 Libraries\CMSIS\Include\USART_STM32F4xx.o
 .text.NVIC_ClearPendingIRQ
                0x080059b0       0x34 Libraries\CMSIS\Include\USART_STM32F4xx.o
 .text.Enable_GPIO_Clock
                0x080059e4      0x15c Libraries\CMSIS\Include\USART_STM32F4xx.o
 .text.USART_PeripheralReset
                0x08005b40      0x13c Libraries\CMSIS\Include\USART_STM32F4xx.o
 .text.USARTx_GetVersion
                0x08005c7c       0x2c Libraries\CMSIS\Include\USART_STM32F4xx.o
 .text.USART_GetCapabilities
                0x08005ca8       0x18 Libraries\CMSIS\Include\USART_STM32F4xx.o
 .text.USART_Initialize
                0x08005cc0       0xe4 Libraries\CMSIS\Include\USART_STM32F4xx.o
 .text.USART_Uninitialize
                0x08005da4       0xa8 Libraries\CMSIS\Include\USART_STM32F4xx.o
 .text.USART_PowerControl
                0x08005e4c      0x2cc Libraries\CMSIS\Include\USART_STM32F4xx.o
 .text.USART_Send
                0x08006118       0xbc Libraries\CMSIS\Include\USART_STM32F4xx.o
 .text.USART_Receive
                0x080061d4       0xe8 Libraries\CMSIS\Include\USART_STM32F4xx.o
 .text.USART_Transfer
                0x080062bc       0x88 Libraries\CMSIS\Include\USART_STM32F4xx.o
 .text.USART_GetTxCount
                0x08006344       0x1c Libraries\CMSIS\Include\USART_STM32F4xx.o
 .text.USART_GetRxCount
                0x08006360       0x1c Libraries\CMSIS\Include\USART_STM32F4xx.o
 .text.USART_Control
                0x0800637c      0xbcc Libraries\CMSIS\Include\USART_STM32F4xx.o
 .text.USART_GetStatus
                0x08006f48       0xc8 Libraries\CMSIS\Include\USART_STM32F4xx.o
 .text.USART_SetModemControl
                0x08007010       0x90 Libraries\CMSIS\Include\USART_STM32F4xx.o
 .text.USART_GetModemStatus
                0x080070a0       0x78 Libraries\CMSIS\Include\USART_STM32F4xx.o
 .text.USART_IRQHandler
                0x08007118      0x35c Libraries\CMSIS\Include\USART_STM32F4xx.o
                0x08007118                USART_IRQHandler
 .text.USART3_GetCapabilities
                0x08007474       0x14 Libraries\CMSIS\Include\USART_STM32F4xx.o
 .text.USART3_Initialize
                0x08007488       0x20 Libraries\CMSIS\Include\USART_STM32F4xx.o
 .text.USART3_Uninitialize
                0x080074a8       0x14 Libraries\CMSIS\Include\USART_STM32F4xx.o
 .text.USART3_PowerControl
                0x080074bc       0x24 Libraries\CMSIS\Include\USART_STM32F4xx.o
 .text.USART3_Send
                0x080074e0       0x24 Libraries\CMSIS\Include\USART_STM32F4xx.o
 .text.USART3_Receive
                0x08007504       0x24 Libraries\CMSIS\Include\USART_STM32F4xx.o
 .text.USART3_Transfer
                0x08007528       0x28 Libraries\CMSIS\Include\USART_STM32F4xx.o
 .text.USART3_GetTxCount
                0x08007550       0x14 Libraries\CMSIS\Include\USART_STM32F4xx.o
 .text.USART3_GetRxCount
                0x08007564       0x14 Libraries\CMSIS\Include\USART_STM32F4xx.o
 .text.USART3_Control
                0x08007578       0x24 Libraries\CMSIS\Include\USART_STM32F4xx.o
 .text.USART3_GetStatus
                0x0800759c       0x14 Libraries\CMSIS\Include\USART_STM32F4xx.o
 .text.USART3_SetModemControl
                0x080075b0       0x24 Libraries\CMSIS\Include\USART_STM32F4xx.o
 .text.USART3_GetModemStatus
                0x080075d4       0x14 Libraries\CMSIS\Include\USART_STM32F4xx.o
 .text.USART3_IRQHandler
                0x080075e8       0x10 Libraries\CMSIS\Include\USART_STM32F4xx.o
                0x080075e8                USART3_IRQHandler
 .text.__libc_init_array
                0x080075f8       0x4c c:/program files (x86)/atollic/truestudio for arm 5.4.0/armtools/bin/../lib/gcc/arm-atollic-eabi/4.8.3/../../../../arm-atollic-eabi/lib/armv7e-m/fpu\libc_s.a(lib_a-init.o)
                0x080075f8                __libc_init_array
 .text.memset   0x08007644       0x10 c:/program files (x86)/atollic/truestudio for arm 5.4.0/armtools/bin/../lib/gcc/arm-atollic-eabi/4.8.3/../../../../arm-atollic-eabi/lib/armv7e-m/fpu\libc_s.a(lib_a-memset.o)
                0x08007644                memset
 .text.strlen   0x08007654       0x10 c:/program files (x86)/atollic/truestudio for arm 5.4.0/armtools/bin/../lib/gcc/arm-atollic-eabi/4.8.3/../../../../arm-atollic-eabi/lib/armv7e-m/fpu\libc_s.a(lib_a-strlen.o)
                0x08007654                strlen
 .text._write   0x08007664        0x4 c:/program files (x86)/atollic/truestudio for arm 5.4.0/armtools/bin/../lib/gcc/arm-atollic-eabi/4.8.3/../../../../arm-atollic-eabi/lib/armv7e-m/fpu\libc_s.a(lib_a-syscalls.o)
                0x08007664                _write
 *(.glue_7)
 .glue_7        0x00000000        0x0 linker stubs
 *(.glue_7t)
 .glue_7t       0x00000000        0x0 linker stubs
 *(.eh_frame)
 .eh_frame      0x08007668        0x0 c:/program files (x86)/atollic/truestudio for arm 5.4.0/armtools/bin/../lib/gcc/arm-atollic-eabi/4.8.3/armv7e-m/fpu/crtbegin.o
 *(.init)
 .init          0x08007668        0x4 c:/program files (x86)/atollic/truestudio for arm 5.4.0/armtools/bin/../lib/gcc/arm-atollic-eabi/4.8.3/armv7e-m/fpu/crti.o
                0x08007668                _init
 .init          0x0800766c        0x8 c:/program files (x86)/atollic/truestudio for arm 5.4.0/armtools/bin/../lib/gcc/arm-atollic-eabi/4.8.3/armv7e-m/fpu/crtn.o
 *(.fini)
 .fini          0x08007674        0x4 c:/program files (x86)/atollic/truestudio for arm 5.4.0/armtools/bin/../lib/gcc/arm-atollic-eabi/4.8.3/armv7e-m/fpu/crti.o
                0x08007674                _fini
 .fini          0x08007678        0x8 c:/program files (x86)/atollic/truestudio for arm 5.4.0/armtools/bin/../lib/gcc/arm-atollic-eabi/4.8.3/armv7e-m/fpu/crtn.o
                0x08007680                . = ALIGN (0x4)
                0x08007680                _etext = .

.vfp11_veneer   0x08007680        0x0
 .vfp11_veneer  0x00000000        0x0 linker stubs

.v4_bx          0x08007680        0x0
 .v4_bx         0x00000000        0x0 linker stubs

.iplt           0x08007680        0x0
 .iplt          0x00000000        0x0 c:/program files (x86)/atollic/truestudio for arm 5.4.0/armtools/bin/../lib/gcc/arm-atollic-eabi/4.8.3/armv7e-m/fpu/crtbegin.o

.rodata         0x08007680      0x118
                0x08007680                . = ALIGN (0x4)
 *(.rodata)
 .rodata        0x08007680        0x4 src\tiny_printf.o
 .rodata        0x08007684       0x2c src\stdout_USART.o
 .rodata        0x080076b0       0x38 src\main.o
 .rodata        0x080076e8       0x18 src\I2C_Treiber.o
 *(.rodata*)
 .rodata.APBAHBPrescTable
                0x08007700       0x10 Libraries\STM32F4xx_HAL_Driver\Src\stm32f4xx_hal_rcc.o
                0x08007700                APBAHBPrescTable
 .rodata.flagBitshiftOffset.7879
                0x08007710        0x8 Libraries\STM32F4xx_HAL_Driver\Src\stm32f4xx_hal_dma.o
 .rodata.usart_driver_version
                0x08007718        0x4 Libraries\CMSIS\Include\USART_STM32F4xx.o
 .rodata.USART3_tx
                0x0800771c        0x8 Libraries\CMSIS\Include\USART_STM32F4xx.o
 .rodata.USART3_rx
                0x08007724        0x8 Libraries\CMSIS\Include\USART_STM32F4xx.o
 .rodata.USART3_Resources
                0x0800772c       0x34 Libraries\CMSIS\Include\USART_STM32F4xx.o
 .rodata.Driver_USART3
                0x08007760       0x38 Libraries\CMSIS\Include\USART_STM32F4xx.o
                0x08007760                Driver_USART3
                0x08007798                . = ALIGN (0x4)

.rel.dyn        0x08007798        0x0
 .rel.iplt      0x00000000        0x0 c:/program files (x86)/atollic/truestudio for arm 5.4.0/armtools/bin/../lib/gcc/arm-atollic-eabi/4.8.3/armv7e-m/fpu/crtbegin.o

.ARM.extab
 *(.ARM.extab* .gnu.linkonce.armextab.*)

.ARM            0x08007798        0x0
                0x08007798                __exidx_start = .
 *(.ARM.exidx*)
                0x08007798                __exidx_end = .

.preinit_array  0x08007798        0x0
                0x08007798                PROVIDE (__preinit_array_start, .)
 *(.preinit_array*)
                0x08007798                PROVIDE (__preinit_array_end, .)

.init_array     0x08007798        0x4
                0x08007798                PROVIDE (__init_array_start, .)
 *(SORT(.init_array.*))
 *(.init_array*)
 .init_array    0x08007798        0x4 c:/program files (x86)/atollic/truestudio for arm 5.4.0/armtools/bin/../lib/gcc/arm-atollic-eabi/4.8.3/armv7e-m/fpu/crtbegin.o
                0x0800779c                PROVIDE (__init_array_end, .)

.fini_array     0x0800779c        0x4
                0x0800779c                PROVIDE (__fini_array_start, .)
 *(SORT(.fini_array.*))
 *(.fini_array*)
 .fini_array    0x0800779c        0x4 c:/program files (x86)/atollic/truestudio for arm 5.4.0/armtools/bin/../lib/gcc/arm-atollic-eabi/4.8.3/armv7e-m/fpu/crtbegin.o
                0x080077a0                PROVIDE (__fini_array_end, .)
                0x080077a0                _sidata = LOADADDR (.data)

.data           0x20000000       0x10 load address 0x080077a0
                0x20000000                . = ALIGN (0x4)
                0x20000000                _sdata = .
 *(.data)
 *(.data*)
 .data.SystemCoreClock
                0x20000000        0x4 src\system_stm32f4xx.o
                0x20000000                SystemCoreClock
 .data.output_currentBufferNr
                0x20000004        0x4 src\stdout_USART.o
 .data.output_currentBuffer
                0x20000008        0x4 src\stdout_USART.o
 .data.divider100ms.8060
                0x2000000c        0x4 src\main.o
                0x20000010                . = ALIGN (0x4)
                0x20000010                _edata = .
                0x080077b0                _siccmram = LOADADDR (.ccmram)

.igot.plt       0x20000010        0x0 load address 0x080077b0
 .igot.plt      0x00000000        0x0 c:/program files (x86)/atollic/truestudio for arm 5.4.0/armtools/bin/../lib/gcc/arm-atollic-eabi/4.8.3/armv7e-m/fpu/crtbegin.o

.ccmram         0x10000000        0x0 load address 0x080077b0
                0x10000000                . = ALIGN (0x4)
                0x10000000                _sccmram = .
 *(.ccmram)
 *(.ccmram*)
                0x10000000                . = ALIGN (0x4)
                0x10000000                _eccmram = .
                0x10000000                . = ALIGN (0x4)

.bss            0x20000010      0x534
                0x20000010                _sbss = .
                0x20000010                __bss_start__ = _sbss
 *(.bss)
 .bss           0x20000010       0x1c c:/program files (x86)/atollic/truestudio for arm 5.4.0/armtools/bin/../lib/gcc/arm-atollic-eabi/4.8.3/armv7e-m/fpu/crtbegin.o
 *(.bss*)
 .bss.input_buf
                0x2000002c       0x64 src\stdout_USART.o
 .bss.output_buffer1
                0x20000090      0x118 src\stdout_USART.o
 .bss.output_buffer2
                0x200001a8      0x118 src\stdout_USART.o
 .bss.output_currentPos
                0x200002c0        0x4 src\stdout_USART.o
 .bss.buffer    0x200002c4        0xc src\stdout_USART.o
 .bss.sendingCodes
                0x200002d0        0x8 src\stdout_USART.o
 .bss.sendingCodesCurrent
                0x200002d8        0x1 src\stdout_USART.o
 *fill*         0x200002d9        0x3 
 .bss.command   0x200002dc        0xc src\stdout_USART.o
 .bss.kommuConnected
                0x200002e8        0x1 src\stdout_USART.o
 .bss.kommuNoPing
                0x200002e9        0x1 src\stdout_USART.o
 *fill*         0x200002ea        0x2 
 .bss.currentPos.7983
                0x200002ec        0x4 src\stdout_USART.o
 .bss.gotStart.7987
                0x200002f0        0x1 src\stdout_USART.o
 *fill*         0x200002f1        0x3 
 .bss.commandPos.7984
                0x200002f4        0x4 src\stdout_USART.o
 .bss.reciving.7985
                0x200002f8        0x1 src\stdout_USART.o
 *fill*         0x200002f9        0x3 
 .bss.delayTime
                0x200002fc        0x4 src\main.o
 .bss.pidDataXObj
                0x20000300       0x1c src\main.o
 .bss.pidDataYObj
                0x2000031c       0x1c src\main.o
 .bss.loopCounter.8059
                0x20000338        0x4 src\main.o
 .bss.last.8064
                0x2000033c        0x4 src\main.o
 .bss.acceltempgyroVals
                0x20000340       0x10 src\globals.o
                0x20000340                acceltempgyroVals
 .bss.acceltempgyroValsFiltered
                0x20000350       0x10 src\globals.o
                0x20000350                acceltempgyroValsFiltered
 .bss.timeDiffMPU
                0x20000360        0x4 src\globals.o
                0x20000360                timeDiffMPU
 .bss.angleGyro
                0x20000364        0xc src\globals.o
                0x20000364                angleGyro
 .bss.angleAccel
                0x20000370        0xc src\globals.o
                0x20000370                angleAccel
 .bss.angleComple
                0x2000037c        0xc src\globals.o
                0x2000037c                angleComple
 .bss.power     0x20000388       0x10 src\globals.o
                0x20000388                power
 .bss.uwTick    0x20000398        0x4 src\globals.o
 .bss.uwTick10u
                0x2000039c        0x4 src\globals.o
 .bss.hnd_tim1  0x200003a0       0x3c src\PWM.o
 .bss.hnd       0x200003dc       0x3c src\I2C_Treiber.o
 .bss.hndDMArx  0x20000418       0x58 src\I2C_Treiber.o
 .bss.hndDMAtx  0x20000470       0x58 src\I2C_Treiber.o
 .bss.tmpBuffer
                0x200004c8       0x10 src\I2C_Treiber.o
 .bss.gettingGyroOffset
                0x200004d8        0x1 src\Daten_Filter.o
 *fill*         0x200004d9        0x3 
 .bss.gyroOffsetSamples
                0x200004dc        0x4 src\Daten_Filter.o
 .bss.gyroOffsets
                0x200004e0        0xc src\Daten_Filter.o
 .bss.gyroOffsetsReminder
                0x200004ec        0xc src\Daten_Filter.o
 .bss.period.7856
                0x200004f8        0x4 src\Daten_Filter.o
 .bss.USART3_Info
                0x200004fc       0x14 Libraries\CMSIS\Include\USART_STM32F4xx.o
 .bss.USART3_TransferInfo
                0x20000510       0x24 Libraries\CMSIS\Include\USART_STM32F4xx.o
 *(COMMON)
 COMMON         0x20000534       0x10 src\globals.o
                0x20000534                pidY_X
                0x20000538                pidDataX
                0x2000053c                pidDataY
                0x20000540                pidY_Y
                0x20000544                . = ALIGN (0x4)
                0x20000544                _ebss = .
                0x20000544                __bss_end__ = _ebss

._user_heap_stack
                0x20000544      0x400
                0x20000544                . = ALIGN (0x4)
                0x20000544                PROVIDE (end, .)
                0x20000544                PROVIDE (_end, .)
                0x20000544                . = (. + _Min_Heap_Size)
                0x20000944                . = (. + _Min_Stack_Size)
 *fill*         0x20000544      0x400 
                0x20000944                . = ALIGN (0x4)

.memory_b1_text
 *(.mb1text)
 *(.mb1text*)
 *(.mb1rodata)
 *(.mb1rodata*)

/DISCARD/
 libc.a(*)
 libm.a(*)
 libgcc.a(*)

.ARM.attributes
                0x00000000       0x30
 *(.ARM.attributes)
 .ARM.attributes
                0x00000000       0x22 c:/program files (x86)/atollic/truestudio for arm 5.4.0/armtools/bin/../lib/gcc/arm-atollic-eabi/4.8.3/armv7e-m/fpu/crti.o
 .ARM.attributes
                0x00000022       0x34 c:/program files (x86)/atollic/truestudio for arm 5.4.0/armtools/bin/../lib/gcc/arm-atollic-eabi/4.8.3/armv7e-m/fpu/crtbegin.o
 .ARM.attributes
                0x00000056       0x39 src\tiny_printf.o
 .ARM.attributes
                0x0000008f       0x39 src\system_stm32f4xx.o
 .ARM.attributes
                0x000000c8       0x39 src\stm32f4xx_it.o
 .ARM.attributes
                0x00000101       0x39 src\stm32f4xx_hal_msp.o
 .ARM.attributes
                0x0000013a       0x39 src\stdout_USART.o
 .ARM.attributes
                0x00000173       0x21 src\startup_stm32f40xx.o
 .ARM.attributes
                0x00000194       0x39 src\main.o
 .ARM.attributes
                0x000001cd       0x39 src\globals.o
 .ARM.attributes
                0x00000206       0x39 src\PWM.o
 .ARM.attributes
                0x0000023f       0x39 src\PID.o
 .ARM.attributes
                0x00000278       0x39 src\I2C_Treiber.o
 .ARM.attributes
                0x000002b1       0x39 src\Daten_Filter.o
 .ARM.attributes
                0x000002ea       0x39 Libraries\STM32F4xx_HAL_Driver\Src\stm32f4xx_hal_tim_ex.o
 .ARM.attributes
                0x00000323       0x39 Libraries\STM32F4xx_HAL_Driver\Src\stm32f4xx_hal_tim.o
 .ARM.attributes
                0x0000035c       0x39 Libraries\STM32F4xx_HAL_Driver\Src\stm32f4xx_hal_rcc.o
 .ARM.attributes
                0x00000395       0x39 Libraries\STM32F4xx_HAL_Driver\Src\stm32f4xx_hal_i2c.o
 .ARM.attributes
                0x000003ce       0x39 Libraries\STM32F4xx_HAL_Driver\Src\stm32f4xx_hal_gpio.o
 .ARM.attributes
                0x00000407       0x39 Libraries\STM32F4xx_HAL_Driver\Src\stm32f4xx_hal_dma.o
 .ARM.attributes
                0x00000440       0x39 Libraries\STM32F4xx_HAL_Driver\Src\stm32f4xx_hal_cortex.o
 .ARM.attributes
                0x00000479       0x39 Libraries\STM32F4xx_HAL_Driver\Src\stm32f4xx_hal.o
 .ARM.attributes
                0x000004b2       0x39 Libraries\CMSIS\Include\USART_STM32F4xx.o
 .ARM.attributes
                0x000004eb       0x34 c:/program files (x86)/atollic/truestudio for arm 5.4.0/armtools/bin/../lib/gcc/arm-atollic-eabi/4.8.3/../../../../arm-atollic-eabi/lib/armv7e-m/fpu\libc_s.a(lib_a-init.o)
 .ARM.attributes
                0x0000051f       0x34 c:/program files (x86)/atollic/truestudio for arm 5.4.0/armtools/bin/../lib/gcc/arm-atollic-eabi/4.8.3/../../../../arm-atollic-eabi/lib/armv7e-m/fpu\libc_s.a(lib_a-memset.o)
 .ARM.attributes
                0x00000553       0x34 c:/program files (x86)/atollic/truestudio for arm 5.4.0/armtools/bin/../lib/gcc/arm-atollic-eabi/4.8.3/../../../../arm-atollic-eabi/lib/armv7e-m/fpu\libc_s.a(lib_a-strlen.o)
 .ARM.attributes
                0x00000587       0x34 c:/program files (x86)/atollic/truestudio for arm 5.4.0/armtools/bin/../lib/gcc/arm-atollic-eabi/4.8.3/../../../../arm-atollic-eabi/lib/armv7e-m/fpu\libc_s.a(lib_a-syscalls.o)
 .ARM.attributes
                0x000005bb       0x22 c:/program files (x86)/atollic/truestudio for arm 5.4.0/armtools/bin/../lib/gcc/arm-atollic-eabi/4.8.3/armv7e-m/fpu/crtn.o
OUTPUT(testImport1.elf elf32-littlearm)

.debug_info     0x00000000     0xdf8a
 .debug_info    0x00000000      0xbc2 src\tiny_printf.o
 .debug_info    0x00000bc2      0x593 src\system_stm32f4xx.o
 .debug_info    0x00001155      0x13a src\stm32f4xx_it.o
 .debug_info    0x0000128f       0xc3 src\stm32f4xx_hal_msp.o
 .debug_info    0x00001352      0xc59 src\stdout_USART.o
 .debug_info    0x00001fab       0x88 src\startup_stm32f40xx.o
 .debug_info    0x00002033      0x7d9 src\main.o
 .debug_info    0x0000280c      0x565 src\globals.o
 .debug_info    0x00002d71      0xc03 src\PWM.o
 .debug_info    0x00003974      0x27a src\PID.o
 .debug_info    0x00003bee      0xe80 src\I2C_Treiber.o
 .debug_info    0x00004a6e      0x2b0 src\Daten_Filter.o
 .debug_info    0x00004d1e      0xf3c Libraries\STM32F4xx_HAL_Driver\Src\stm32f4xx_hal_tim_ex.o
 .debug_info    0x00005c5a     0x2176 Libraries\STM32F4xx_HAL_Driver\Src\stm32f4xx_hal_tim.o
 .debug_info    0x00007dd0      0xb11 Libraries\STM32F4xx_HAL_Driver\Src\stm32f4xx_hal_rcc.o
 .debug_info    0x000088e1     0x1880 Libraries\STM32F4xx_HAL_Driver\Src\stm32f4xx_hal_i2c.o
 .debug_info    0x0000a161      0x6f8 Libraries\STM32F4xx_HAL_Driver\Src\stm32f4xx_hal_gpio.o
 .debug_info    0x0000a859      0x6ea Libraries\STM32F4xx_HAL_Driver\Src\stm32f4xx_hal_dma.o
 .debug_info    0x0000af43      0xd04 Libraries\STM32F4xx_HAL_Driver\Src\stm32f4xx_hal_cortex.o
 .debug_info    0x0000bc47      0x843 Libraries\STM32F4xx_HAL_Driver\Src\stm32f4xx_hal.o
 .debug_info    0x0000c48a     0x1b00 Libraries\CMSIS\Include\USART_STM32F4xx.o

.debug_abbrev   0x00000000     0x241a
 .debug_abbrev  0x00000000      0x248 src\tiny_printf.o
 .debug_abbrev  0x00000248      0x138 src\system_stm32f4xx.o
 .debug_abbrev  0x00000380       0x7f src\stm32f4xx_it.o
 .debug_abbrev  0x000003ff       0x67 src\stm32f4xx_hal_msp.o
 .debug_abbrev  0x00000466      0x2e7 src\stdout_USART.o
 .debug_abbrev  0x0000074d       0x12 src\startup_stm32f40xx.o
 .debug_abbrev  0x0000075f      0x197 src\main.o
 .debug_abbrev  0x000008f6      0x144 src\globals.o
 .debug_abbrev  0x00000a3a      0x1bd src\PWM.o
 .debug_abbrev  0x00000bf7      0x104 src\PID.o
 .debug_abbrev  0x00000cfb      0x204 src\I2C_Treiber.o
 .debug_abbrev  0x00000eff      0x139 src\Daten_Filter.o
 .debug_abbrev  0x00001038      0x1fb Libraries\STM32F4xx_HAL_Driver\Src\stm32f4xx_hal_tim_ex.o
 .debug_abbrev  0x00001233      0x204 Libraries\STM32F4xx_HAL_Driver\Src\stm32f4xx_hal_tim.o
 .debug_abbrev  0x00001437      0x294 Libraries\STM32F4xx_HAL_Driver\Src\stm32f4xx_hal_rcc.o
 .debug_abbrev  0x000016cb      0x1ea Libraries\STM32F4xx_HAL_Driver\Src\stm32f4xx_hal_i2c.o
 .debug_abbrev  0x000018b5      0x1aa Libraries\STM32F4xx_HAL_Driver\Src\stm32f4xx_hal_gpio.o
 .debug_abbrev  0x00001a5f      0x204 Libraries\STM32F4xx_HAL_Driver\Src\stm32f4xx_hal_dma.o
 .debug_abbrev  0x00001c63      0x2be Libraries\STM32F4xx_HAL_Driver\Src\stm32f4xx_hal_cortex.o
 .debug_abbrev  0x00001f21      0x1ee Libraries\STM32F4xx_HAL_Driver\Src\stm32f4xx_hal.o
 .debug_abbrev  0x0000210f      0x30b Libraries\CMSIS\Include\USART_STM32F4xx.o

.debug_aranges  0x00000000      0xe90
 .debug_aranges
                0x00000000       0x60 src\tiny_printf.o
 .debug_aranges
                0x00000060       0x30 src\system_stm32f4xx.o
 .debug_aranges
                0x00000090       0x60 src\stm32f4xx_it.o
 .debug_aranges
                0x000000f0       0x28 src\stm32f4xx_hal_msp.o
 .debug_aranges
                0x00000118       0xa0 src\stdout_USART.o
 .debug_aranges
                0x000001b8       0x28 src\startup_stm32f40xx.o
 .debug_aranges
                0x000001e0       0x48 src\main.o
 .debug_aranges
                0x00000228       0x48 src\globals.o
 .debug_aranges
                0x00000270       0x48 src\PWM.o
 .debug_aranges
                0x000002b8       0x38 src\PID.o
 .debug_aranges
                0x000002f0       0x90 src\I2C_Treiber.o
 .debug_aranges
                0x00000380       0x48 src\Daten_Filter.o
 .debug_aranges
                0x000003c8      0x140 Libraries\STM32F4xx_HAL_Driver\Src\stm32f4xx_hal_tim_ex.o
 .debug_aranges
                0x00000508      0x368 Libraries\STM32F4xx_HAL_Driver\Src\stm32f4xx_hal_tim.o
 .debug_aranges
                0x00000870       0x88 Libraries\STM32F4xx_HAL_Driver\Src\stm32f4xx_hal_rcc.o
 .debug_aranges
                0x000008f8      0x1e8 Libraries\STM32F4xx_HAL_Driver\Src\stm32f4xx_hal_i2c.o
 .debug_aranges
                0x00000ae0       0x58 Libraries\STM32F4xx_HAL_Driver\Src\stm32f4xx_hal_gpio.o
 .debug_aranges
                0x00000b38       0x70 Libraries\STM32F4xx_HAL_Driver\Src\stm32f4xx_hal_dma.o
 .debug_aranges
                0x00000ba8      0x108 Libraries\STM32F4xx_HAL_Driver\Src\stm32f4xx_hal_cortex.o
 .debug_aranges
                0x00000cb0       0xc0 Libraries\STM32F4xx_HAL_Driver\Src\stm32f4xx_hal.o
 .debug_aranges
                0x00000d70      0x120 Libraries\CMSIS\Include\USART_STM32F4xx.o

.debug_ranges   0x00000000      0xd48
 .debug_ranges  0x00000000       0x50 src\tiny_printf.o
 .debug_ranges  0x00000050       0x20 src\system_stm32f4xx.o
 .debug_ranges  0x00000070       0x50 src\stm32f4xx_it.o
 .debug_ranges  0x000000c0       0x18 src\stm32f4xx_hal_msp.o
 .debug_ranges  0x000000d8       0x90 src\stdout_USART.o
 .debug_ranges  0x00000168       0x20 src\startup_stm32f40xx.o
 .debug_ranges  0x00000188       0x38 src\main.o
 .debug_ranges  0x000001c0       0x38 src\globals.o
 .debug_ranges  0x000001f8       0x38 src\PWM.o
 .debug_ranges  0x00000230       0x28 src\PID.o
 .debug_ranges  0x00000258       0x80 src\I2C_Treiber.o
 .debug_ranges  0x000002d8       0x38 src\Daten_Filter.o
 .debug_ranges  0x00000310      0x130 Libraries\STM32F4xx_HAL_Driver\Src\stm32f4xx_hal_tim_ex.o
 .debug_ranges  0x00000440      0x358 Libraries\STM32F4xx_HAL_Driver\Src\stm32f4xx_hal_tim.o
 .debug_ranges  0x00000798       0x78 Libraries\STM32F4xx_HAL_Driver\Src\stm32f4xx_hal_rcc.o
 .debug_ranges  0x00000810      0x1d8 Libraries\STM32F4xx_HAL_Driver\Src\stm32f4xx_hal_i2c.o
 .debug_ranges  0x000009e8       0x48 Libraries\STM32F4xx_HAL_Driver\Src\stm32f4xx_hal_gpio.o
 .debug_ranges  0x00000a30       0x60 Libraries\STM32F4xx_HAL_Driver\Src\stm32f4xx_hal_dma.o
 .debug_ranges  0x00000a90       0xf8 Libraries\STM32F4xx_HAL_Driver\Src\stm32f4xx_hal_cortex.o
 .debug_ranges  0x00000b88       0xb0 Libraries\STM32F4xx_HAL_Driver\Src\stm32f4xx_hal.o
 .debug_ranges  0x00000c38      0x110 Libraries\CMSIS\Include\USART_STM32F4xx.o

.debug_line     0x00000000     0x7059
 .debug_line    0x00000000      0x2cf src\tiny_printf.o
 .debug_line    0x000002cf      0x283 src\system_stm32f4xx.o
 .debug_line    0x00000552      0x224 src\stm32f4xx_it.o
 .debug_line    0x00000776      0x1a1 src\stm32f4xx_hal_msp.o
 .debug_line    0x00000917      0x527 src\stdout_USART.o
 .debug_line    0x00000e3e       0x79 src\startup_stm32f40xx.o
 .debug_line    0x00000eb7      0x32a src\main.o
 .debug_line    0x000011e1      0x2ef src\globals.o
 .debug_line    0x000014d0      0x336 src\PWM.o
 .debug_line    0x00001806      0x1d4 src\PID.o
 .debug_line    0x000019da      0x48e src\I2C_Treiber.o
 .debug_line    0x00001e68      0x29e src\Daten_Filter.o
 .debug_line    0x00002106      0x836 Libraries\STM32F4xx_HAL_Driver\Src\stm32f4xx_hal_tim_ex.o
 .debug_line    0x0000293c     0x1365 Libraries\STM32F4xx_HAL_Driver\Src\stm32f4xx_hal_tim.o
 .debug_line    0x00003ca1      0x6c6 Libraries\STM32F4xx_HAL_Driver\Src\stm32f4xx_hal_rcc.o
 .debug_line    0x00004367      0xfa6 Libraries\STM32F4xx_HAL_Driver\Src\stm32f4xx_hal_i2c.o
 .debug_line    0x0000530d      0x4a8 Libraries\STM32F4xx_HAL_Driver\Src\stm32f4xx_hal_gpio.o
 .debug_line    0x000057b5      0x4a1 Libraries\STM32F4xx_HAL_Driver\Src\stm32f4xx_hal_dma.o
 .debug_line    0x00005c56      0x592 Libraries\STM32F4xx_HAL_Driver\Src\stm32f4xx_hal_cortex.o
 .debug_line    0x000061e8      0x45d Libraries\STM32F4xx_HAL_Driver\Src\stm32f4xx_hal.o
 .debug_line    0x00006645      0xa14 Libraries\CMSIS\Include\USART_STM32F4xx.o

.debug_str      0x00000000     0x44f4
 .debug_str     0x00000000      0x59c src\tiny_printf.o
                                0x613 (size before relaxing)
 .debug_str     0x0000059c      0x231 src\system_stm32f4xx.o
                                0x3fc (size before relaxing)
 .debug_str     0x000007cd       0xa6 src\stm32f4xx_it.o
                                0x259 (size before relaxing)
 .debug_str     0x00000873       0x35 src\stm32f4xx_hal_msp.o
                                0x1e8 (size before relaxing)
 .debug_str     0x000008a8      0x56f src\stdout_USART.o
                                0x89f (size before relaxing)
 .debug_str     0x00000e17      0x5dc src\main.o
                                0x97c (size before relaxing)
 .debug_str     0x000013f3       0xbc src\globals.o
                                0x835 (size before relaxing)
 .debug_str     0x000014af      0x544 src\PWM.o
                                0xdc4 (size before relaxing)
 .debug_str     0x000019f3       0x6d src\PID.o
                                0x248 (size before relaxing)
 .debug_str     0x00001a60      0x343 src\I2C_Treiber.o
                                0xeb3 (size before relaxing)
 .debug_str     0x00001da3       0xef src\Daten_Filter.o
                                0x320 (size before relaxing)
 .debug_str     0x00001e92      0x59d Libraries\STM32F4xx_HAL_Driver\Src\stm32f4xx_hal_tim_ex.o
                                0xc8f (size before relaxing)
 .debug_str     0x0000242f      0xc20 Libraries\STM32F4xx_HAL_Driver\Src\stm32f4xx_hal_tim.o
                               0x13dc (size before relaxing)
 .debug_str     0x0000304f      0x2b2 Libraries\STM32F4xx_HAL_Driver\Src\stm32f4xx_hal_rcc.o
                                0x6d1 (size before relaxing)
 .debug_str     0x00003301      0x5a8 Libraries\STM32F4xx_HAL_Driver\Src\stm32f4xx_hal_i2c.o
                                0xc7d (size before relaxing)
 .debug_str     0x000038a9      0x155 Libraries\STM32F4xx_HAL_Driver\Src\stm32f4xx_hal_gpio.o
                                0x51d (size before relaxing)
 .debug_str     0x000039fe      0x199 Libraries\STM32F4xx_HAL_Driver\Src\stm32f4xx_hal_dma.o
                                0x683 (size before relaxing)
 .debug_str     0x00003b97      0x3aa Libraries\STM32F4xx_HAL_Driver\Src\stm32f4xx_hal_cortex.o
                                0xc15 (size before relaxing)
 .debug_str     0x00003f41      0x1a9 Libraries\STM32F4xx_HAL_Driver\Src\stm32f4xx_hal.o
                                0xa6c (size before relaxing)
 .debug_str     0x000040ea      0x40a Libraries\CMSIS\Include\USART_STM32F4xx.o
                               0x13a2 (size before relaxing)

.comment        0x00000000       0x82
 .comment       0x00000000       0x82 src\tiny_printf.o
                                 0x83 (size before relaxing)
 .comment       0x00000000       0x83 src\system_stm32f4xx.o
 .comment       0x00000000       0x83 src\stm32f4xx_it.o
 .comment       0x00000000       0x83 src\stm32f4xx_hal_msp.o
 .comment       0x00000000       0x83 src\stdout_USART.o
 .comment       0x00000000       0x83 src\main.o
 .comment       0x00000000       0x83 src\globals.o
 .comment       0x00000000       0x83 src\PWM.o
 .comment       0x00000000       0x83 src\PID.o
 .comment       0x00000000       0x83 src\I2C_Treiber.o
 .comment       0x00000000       0x83 src\Daten_Filter.o
 .comment       0x00000000       0x83 Libraries\STM32F4xx_HAL_Driver\Src\stm32f4xx_hal_tim_ex.o
 .comment       0x00000000       0x83 Libraries\STM32F4xx_HAL_Driver\Src\stm32f4xx_hal_tim.o
 .comment       0x00000000       0x83 Libraries\STM32F4xx_HAL_Driver\Src\stm32f4xx_hal_rcc.o
 .comment       0x00000000       0x83 Libraries\STM32F4xx_HAL_Driver\Src\stm32f4xx_hal_i2c.o
 .comment       0x00000000       0x83 Libraries\STM32F4xx_HAL_Driver\Src\stm32f4xx_hal_gpio.o
 .comment       0x00000000       0x83 Libraries\STM32F4xx_HAL_Driver\Src\stm32f4xx_hal_dma.o
 .comment       0x00000000       0x83 Libraries\STM32F4xx_HAL_Driver\Src\stm32f4xx_hal_cortex.o
 .comment       0x00000000       0x83 Libraries\STM32F4xx_HAL_Driver\Src\stm32f4xx_hal.o
 .comment       0x00000000       0x83 Libraries\CMSIS\Include\USART_STM32F4xx.o

.debug_frame    0x00000000     0x31b4
 .debug_frame   0x00000000      0x154 src\tiny_printf.o
 .debug_frame   0x00000154       0x64 src\system_stm32f4xx.o
 .debug_frame   0x000001b8       0xec src\stm32f4xx_it.o
 .debug_frame   0x000002a4       0x40 src\stm32f4xx_hal_msp.o
 .debug_frame   0x000002e4      0x210 src\stdout_USART.o
 .debug_frame   0x000004f4       0xc0 src\main.o
 .debug_frame   0x000005b4       0xb8 src\globals.o
 .debug_frame   0x0000066c       0xc8 src\PWM.o
 .debug_frame   0x00000734       0x88 src\PID.o
 .debug_frame   0x000007bc      0x1dc src\I2C_Treiber.o
 .debug_frame   0x00000998       0xb8 src\Daten_Filter.o
 .debug_frame   0x00000a50      0x480 Libraries\STM32F4xx_HAL_Driver\Src\stm32f4xx_hal_tim_ex.o
 .debug_frame   0x00000ed0      0xc98 Libraries\STM32F4xx_HAL_Driver\Src\stm32f4xx_hal_tim.o
 .debug_frame   0x00001b68      0x1a0 Libraries\STM32F4xx_HAL_Driver\Src\stm32f4xx_hal_rcc.o
 .debug_frame   0x00001d08      0x70c Libraries\STM32F4xx_HAL_Driver\Src\stm32f4xx_hal_i2c.o
 .debug_frame   0x00002414       0xf4 Libraries\STM32F4xx_HAL_Driver\Src\stm32f4xx_hal_gpio.o
 .debug_frame   0x00002508      0x160 Libraries\STM32F4xx_HAL_Driver\Src\stm32f4xx_hal_dma.o
 .debug_frame   0x00002668      0x378 Libraries\STM32F4xx_HAL_Driver\Src\stm32f4xx_hal_cortex.o
 .debug_frame   0x000029e0      0x228 Libraries\STM32F4xx_HAL_Driver\Src\stm32f4xx_hal.o
 .debug_frame   0x00002c08      0x3f4 Libraries\CMSIS\Include\USART_STM32F4xx.o
 .debug_frame   0x00002ffc       0x2c c:/program files (x86)/atollic/truestudio for arm 5.4.0/armtools/bin/../lib/gcc/arm-atollic-eabi/4.8.3/../../../../arm-atollic-eabi/lib/armv7e-m/fpu\libc_s.a(lib_a-init.o)
 .debug_frame   0x00003028       0x20 c:/program files (x86)/atollic/truestudio for arm 5.4.0/armtools/bin/../lib/gcc/arm-atollic-eabi/4.8.3/../../../../arm-atollic-eabi/lib/armv7e-m/fpu\libc_s.a(lib_a-memset.o)
 .debug_frame   0x00003048       0x20 c:/program files (x86)/atollic/truestudio for arm 5.4.0/armtools/bin/../lib/gcc/arm-atollic-eabi/4.8.3/../../../../arm-atollic-eabi/lib/armv7e-m/fpu\libc_s.a(lib_a-strlen.o)
 .debug_frame   0x00003068      0x14c c:/program files (x86)/atollic/truestudio for arm 5.4.0/armtools/bin/../lib/gcc/arm-atollic-eabi/4.8.3/../../../../arm-atollic-eabi/lib/armv7e-m/fpu\libc_s.a(lib_a-syscalls.o)

Cross Reference Table

Symbol                                            File
ADC_IRQHandler                                    src\startup_stm32f40xx.o
AHBPrescTable                                     src\system_stm32f4xx.o
APBAHBPrescTable                                  Libraries\STM32F4xx_HAL_Driver\Src\stm32f4xx_hal_rcc.o
BusFault_Handler                                  src\stm32f4xx_it.o
CAN1_RX0_IRQHandler                               src\startup_stm32f40xx.o
CAN1_RX1_IRQHandler                               src\startup_stm32f40xx.o
CAN1_SCE_IRQHandler                               src\startup_stm32f40xx.o
CAN1_TX_IRQHandler                                src\startup_stm32f40xx.o
CAN2_RX0_IRQHandler                               src\startup_stm32f40xx.o
CAN2_RX1_IRQHandler                               src\startup_stm32f40xx.o
CAN2_SCE_IRQHandler                               src\startup_stm32f40xx.o
CAN2_TX_IRQHandler                                src\startup_stm32f40xx.o
CRYP_IRQHandler                                   src\startup_stm32f40xx.o
DCMI_IRQHandler                                   src\startup_stm32f40xx.o
DMA1_Stream0_IRQHandler                           src\startup_stm32f40xx.o
DMA1_Stream1_IRQHandler                           src\startup_stm32f40xx.o
DMA1_Stream2_IRQHandler                           src\startup_stm32f40xx.o
DMA1_Stream3_IRQHandler                           src\startup_stm32f40xx.o
DMA1_Stream4_IRQHandler                           src\startup_stm32f40xx.o
DMA1_Stream5_IRQHandler                           src\I2C_Treiber.o
                                                  src\startup_stm32f40xx.o
DMA1_Stream6_IRQHandler                           src\I2C_Treiber.o
                                                  src\startup_stm32f40xx.o
DMA1_Stream7_IRQHandler                           src\startup_stm32f40xx.o
DMA2_Stream0_IRQHandler                           src\startup_stm32f40xx.o
DMA2_Stream1_IRQHandler                           src\startup_stm32f40xx.o
DMA2_Stream2_IRQHandler                           src\startup_stm32f40xx.o
DMA2_Stream3_IRQHandler                           src\startup_stm32f40xx.o
DMA2_Stream4_IRQHandler                           src\startup_stm32f40xx.o
DMA2_Stream5_IRQHandler                           src\startup_stm32f40xx.o
DMA2_Stream6_IRQHandler                           src\startup_stm32f40xx.o
DMA2_Stream7_IRQHandler                           src\startup_stm32f40xx.o
DebugMon_Handler                                  src\stm32f4xx_it.o
Default_Handler                                   src\startup_stm32f40xx.o
Driver_USART3                                     Libraries\CMSIS\Include\USART_STM32F4xx.o
                                                  src\stdout_USART.o
ETH_IRQHandler                                    src\startup_stm32f40xx.o
ETH_WKUP_IRQHandler                               src\startup_stm32f40xx.o
EXTI0_IRQHandler                                  src\startup_stm32f40xx.o
EXTI15_10_IRQHandler                              src\startup_stm32f40xx.o
EXTI1_IRQHandler                                  src\startup_stm32f40xx.o
EXTI2_IRQHandler                                  src\startup_stm32f40xx.o
EXTI3_IRQHandler                                  src\I2C_Treiber.o
                                                  src\startup_stm32f40xx.o
EXTI4_IRQHandler                                  src\startup_stm32f40xx.o
EXTI9_5_IRQHandler                                src\startup_stm32f40xx.o
FLASH_Erase_Sector                                Libraries\STM32F4xx_HAL_Driver\Src\stm32f4xx_hal_flash_ex.o
                                                  Libraries\STM32F4xx_HAL_Driver\Src\stm32f4xx_hal_flash.o
FLASH_FlushCaches                                 Libraries\STM32F4xx_HAL_Driver\Src\stm32f4xx_hal_flash_ex.o
                                                  Libraries\STM32F4xx_HAL_Driver\Src\stm32f4xx_hal_flash.o
FLASH_IRQHandler                                  src\startup_stm32f40xx.o
FLASH_WaitForLastOperation                        Libraries\STM32F4xx_HAL_Driver\Src\stm32f4xx_hal_flash.o
                                                  Libraries\STM32F4xx_HAL_Driver\Src\stm32f4xx_hal_flash_ex.o
FPU_IRQHandler                                    src\startup_stm32f40xx.o
FSMC_IRQHandler                                   src\startup_stm32f40xx.o
Get_Gyro_Offset_Start                             src\Daten_Filter.o
                                                  src\main.o
Get_Gyro_Offset_Stopp                             src\Daten_Filter.o
                                                  src\main.o
Get_angle_from_accle                              src\Daten_Filter.o
Get_angle_from_comple                             src\Daten_Filter.o
HAL_ADCEx_InjectedConfigChannel                   Libraries\STM32F4xx_HAL_Driver\Src\stm32f4xx_hal_adc_ex.o
HAL_ADCEx_InjectedConvCpltCallback                Libraries\STM32F4xx_HAL_Driver\Src\stm32f4xx_hal_adc_ex.o
                                                  Libraries\STM32F4xx_HAL_Driver\Src\stm32f4xx_hal_adc.o
HAL_ADCEx_InjectedGetValue                        Libraries\STM32F4xx_HAL_Driver\Src\stm32f4xx_hal_adc_ex.o
HAL_ADCEx_InjectedPollForConversion               Libraries\STM32F4xx_HAL_Driver\Src\stm32f4xx_hal_adc_ex.o
HAL_ADCEx_InjectedStart                           Libraries\STM32F4xx_HAL_Driver\Src\stm32f4xx_hal_adc_ex.o
HAL_ADCEx_InjectedStart_IT                        Libraries\STM32F4xx_HAL_Driver\Src\stm32f4xx_hal_adc_ex.o
HAL_ADCEx_InjectedStop                            Libraries\STM32F4xx_HAL_Driver\Src\stm32f4xx_hal_adc_ex.o
HAL_ADCEx_InjectedStop_IT                         Libraries\STM32F4xx_HAL_Driver\Src\stm32f4xx_hal_adc_ex.o
HAL_ADCEx_MultiModeConfigChannel                  Libraries\STM32F4xx_HAL_Driver\Src\stm32f4xx_hal_adc_ex.o
HAL_ADCEx_MultiModeGetValue                       Libraries\STM32F4xx_HAL_Driver\Src\stm32f4xx_hal_adc_ex.o
HAL_ADCEx_MultiModeStart_DMA                      Libraries\STM32F4xx_HAL_Driver\Src\stm32f4xx_hal_adc_ex.o
HAL_ADCEx_MultiModeStop_DMA                       Libraries\STM32F4xx_HAL_Driver\Src\stm32f4xx_hal_adc_ex.o
HAL_ADC_AnalogWDGConfig                           Libraries\STM32F4xx_HAL_Driver\Src\stm32f4xx_hal_adc.o
HAL_ADC_ConfigChannel                             Libraries\STM32F4xx_HAL_Driver\Src\stm32f4xx_hal_adc.o
HAL_ADC_ConvCpltCallback                          Libraries\STM32F4xx_HAL_Driver\Src\stm32f4xx_hal_adc.o
                                                  Libraries\STM32F4xx_HAL_Driver\Src\stm32f4xx_hal_adc_ex.o
HAL_ADC_ConvHalfCpltCallback                      Libraries\STM32F4xx_HAL_Driver\Src\stm32f4xx_hal_adc.o
                                                  Libraries\STM32F4xx_HAL_Driver\Src\stm32f4xx_hal_adc_ex.o
HAL_ADC_DeInit                                    Libraries\STM32F4xx_HAL_Driver\Src\stm32f4xx_hal_adc.o
HAL_ADC_ErrorCallback                             Libraries\STM32F4xx_HAL_Driver\Src\stm32f4xx_hal_adc.o
                                                  Libraries\STM32F4xx_HAL_Driver\Src\stm32f4xx_hal_adc_ex.o
HAL_ADC_GetError                                  Libraries\STM32F4xx_HAL_Driver\Src\stm32f4xx_hal_adc.o
HAL_ADC_GetState                                  Libraries\STM32F4xx_HAL_Driver\Src\stm32f4xx_hal_adc.o
HAL_ADC_GetValue                                  Libraries\STM32F4xx_HAL_Driver\Src\stm32f4xx_hal_adc.o
HAL_ADC_IRQHandler                                Libraries\STM32F4xx_HAL_Driver\Src\stm32f4xx_hal_adc.o
HAL_ADC_Init                                      Libraries\STM32F4xx_HAL_Driver\Src\stm32f4xx_hal_adc.o
HAL_ADC_LevelOutOfWindowCallback                  Libraries\STM32F4xx_HAL_Driver\Src\stm32f4xx_hal_adc.o
HAL_ADC_MspDeInit                                 Libraries\STM32F4xx_HAL_Driver\Src\stm32f4xx_hal_adc.o
HAL_ADC_MspInit                                   Libraries\STM32F4xx_HAL_Driver\Src\stm32f4xx_hal_adc.o
HAL_ADC_PollForConversion                         Libraries\STM32F4xx_HAL_Driver\Src\stm32f4xx_hal_adc.o
HAL_ADC_PollForEvent                              Libraries\STM32F4xx_HAL_Driver\Src\stm32f4xx_hal_adc.o
HAL_ADC_Start                                     Libraries\STM32F4xx_HAL_Driver\Src\stm32f4xx_hal_adc.o
HAL_ADC_Start_DMA                                 Libraries\STM32F4xx_HAL_Driver\Src\stm32f4xx_hal_adc.o
HAL_ADC_Start_IT                                  Libraries\STM32F4xx_HAL_Driver\Src\stm32f4xx_hal_adc.o
HAL_ADC_Stop                                      Libraries\STM32F4xx_HAL_Driver\Src\stm32f4xx_hal_adc.o
HAL_ADC_Stop_DMA                                  Libraries\STM32F4xx_HAL_Driver\Src\stm32f4xx_hal_adc.o
HAL_ADC_Stop_IT                                   Libraries\STM32F4xx_HAL_Driver\Src\stm32f4xx_hal_adc.o
HAL_DBGMCU_DisableDBGSleepMode                    Libraries\STM32F4xx_HAL_Driver\Src\stm32f4xx_hal.o
HAL_DBGMCU_DisableDBGStandbyMode                  Libraries\STM32F4xx_HAL_Driver\Src\stm32f4xx_hal.o
HAL_DBGMCU_DisableDBGStopMode                     Libraries\STM32F4xx_HAL_Driver\Src\stm32f4xx_hal.o
HAL_DBGMCU_EnableDBGSleepMode                     Libraries\STM32F4xx_HAL_Driver\Src\stm32f4xx_hal.o
HAL_DBGMCU_EnableDBGStandbyMode                   Libraries\STM32F4xx_HAL_Driver\Src\stm32f4xx_hal.o
HAL_DBGMCU_EnableDBGStopMode                      Libraries\STM32F4xx_HAL_Driver\Src\stm32f4xx_hal.o
HAL_DMAEx_ChangeMemory                            Libraries\STM32F4xx_HAL_Driver\Src\stm32f4xx_hal_dma_ex.o
HAL_DMAEx_MultiBufferStart                        Libraries\STM32F4xx_HAL_Driver\Src\stm32f4xx_hal_dma_ex.o
HAL_DMAEx_MultiBufferStart_IT                     Libraries\STM32F4xx_HAL_Driver\Src\stm32f4xx_hal_dma_ex.o
HAL_DMA_Abort                                     Libraries\STM32F4xx_HAL_Driver\Src\stm32f4xx_hal_dma.o
                                                  Libraries\CMSIS\Include\USART_STM32F4xx.o
                                                  Libraries\STM32F4xx_HAL_Driver\Src\stm32f4xx_hal_adc.o
                                                  Libraries\STM32F4xx_HAL_Driver\Src\stm32f4xx_hal_adc_ex.o
                                                  Libraries\STM32F4xx_HAL_Driver\Src\stm32f4xx_hal_tim.o
                                                  Libraries\STM32F4xx_HAL_Driver\Src\stm32f4xx_hal_uart.o
                                                  Libraries\STM32F4xx_HAL_Driver\Src\stm32f4xx_hal_usart.o
HAL_DMA_DeInit                                    Libraries\STM32F4xx_HAL_Driver\Src\stm32f4xx_hal_dma.o
HAL_DMA_GetError                                  Libraries\STM32F4xx_HAL_Driver\Src\stm32f4xx_hal_dma.o
HAL_DMA_GetState                                  Libraries\STM32F4xx_HAL_Driver\Src\stm32f4xx_hal_dma.o
HAL_DMA_IRQHandler                                Libraries\STM32F4xx_HAL_Driver\Src\stm32f4xx_hal_dma.o
                                                  src\I2C_Treiber.o
HAL_DMA_Init                                      Libraries\STM32F4xx_HAL_Driver\Src\stm32f4xx_hal_dma.o
                                                  src\I2C_Treiber.o
HAL_DMA_PollForTransfer                           Libraries\STM32F4xx_HAL_Driver\Src\stm32f4xx_hal_dma.o
HAL_DMA_Start                                     Libraries\STM32F4xx_HAL_Driver\Src\stm32f4xx_hal_dma.o
HAL_DMA_Start_IT                                  Libraries\STM32F4xx_HAL_Driver\Src\stm32f4xx_hal_dma.o
                                                  Libraries\STM32F4xx_HAL_Driver\Src\stm32f4xx_hal_adc.o
                                                  Libraries\STM32F4xx_HAL_Driver\Src\stm32f4xx_hal_adc_ex.o
                                                  Libraries\STM32F4xx_HAL_Driver\Src\stm32f4xx_hal_i2c.o
                                                  Libraries\STM32F4xx_HAL_Driver\Src\stm32f4xx_hal_tim.o
                                                  Libraries\STM32F4xx_HAL_Driver\Src\stm32f4xx_hal_tim_ex.o
                                                  Libraries\STM32F4xx_HAL_Driver\Src\stm32f4xx_hal_uart.o
                                                  Libraries\STM32F4xx_HAL_Driver\Src\stm32f4xx_hal_usart.o
HAL_DeInit                                        Libraries\STM32F4xx_HAL_Driver\Src\stm32f4xx_hal.o
HAL_Delay                                         src\globals.o
                                                  src\I2C_Treiber.o
                                                  src\main.o
HAL_Delay10u                                      src\globals.o
HAL_DisableCompensationCell                       Libraries\STM32F4xx_HAL_Driver\Src\stm32f4xx_hal.o
HAL_EnableCompensationCell                        Libraries\STM32F4xx_HAL_Driver\Src\stm32f4xx_hal.o
HAL_FLASHEx_Erase                                 Libraries\STM32F4xx_HAL_Driver\Src\stm32f4xx_hal_flash_ex.o
HAL_FLASHEx_Erase_IT                              Libraries\STM32F4xx_HAL_Driver\Src\stm32f4xx_hal_flash_ex.o
HAL_FLASHEx_OBGetConfig                           Libraries\STM32F4xx_HAL_Driver\Src\stm32f4xx_hal_flash_ex.o
HAL_FLASHEx_OBProgram                             Libraries\STM32F4xx_HAL_Driver\Src\stm32f4xx_hal_flash_ex.o
HAL_FLASH_EndOfOperationCallback                  Libraries\STM32F4xx_HAL_Driver\Src\stm32f4xx_hal_flash.o
HAL_FLASH_GetError                                Libraries\STM32F4xx_HAL_Driver\Src\stm32f4xx_hal_flash.o
HAL_FLASH_IRQHandler                              Libraries\STM32F4xx_HAL_Driver\Src\stm32f4xx_hal_flash.o
HAL_FLASH_Lock                                    Libraries\STM32F4xx_HAL_Driver\Src\stm32f4xx_hal_flash.o
HAL_FLASH_OB_Launch                               Libraries\STM32F4xx_HAL_Driver\Src\stm32f4xx_hal_flash.o
HAL_FLASH_OB_Lock                                 Libraries\STM32F4xx_HAL_Driver\Src\stm32f4xx_hal_flash.o
HAL_FLASH_OB_Unlock                               Libraries\STM32F4xx_HAL_Driver\Src\stm32f4xx_hal_flash.o
HAL_FLASH_OperationErrorCallback                  Libraries\STM32F4xx_HAL_Driver\Src\stm32f4xx_hal_flash.o
HAL_FLASH_Program                                 Libraries\STM32F4xx_HAL_Driver\Src\stm32f4xx_hal_flash.o
HAL_FLASH_Program_IT                              Libraries\STM32F4xx_HAL_Driver\Src\stm32f4xx_hal_flash.o
HAL_FLASH_Unlock                                  Libraries\STM32F4xx_HAL_Driver\Src\stm32f4xx_hal_flash.o
HAL_GPIO_DeInit                                   Libraries\STM32F4xx_HAL_Driver\Src\stm32f4xx_hal_gpio.o
                                                  Libraries\CMSIS\Include\USART_STM32F4xx.o
HAL_GPIO_EXTI_Callback                            Libraries\STM32F4xx_HAL_Driver\Src\stm32f4xx_hal_gpio.o
HAL_GPIO_EXTI_IRQHandler                          Libraries\STM32F4xx_HAL_Driver\Src\stm32f4xx_hal_gpio.o
                                                  src\main.o
HAL_GPIO_Init                                     Libraries\STM32F4xx_HAL_Driver\Src\stm32f4xx_hal_gpio.o
                                                  Libraries\CMSIS\Include\USART_STM32F4xx.o
                                                  Libraries\STM32F4xx_HAL_Driver\Src\stm32f4xx_hal_rcc.o
                                                  src\I2C_Treiber.o
                                                  src\PWM.o
                                                  src\main.o
HAL_GPIO_LockPin                                  Libraries\STM32F4xx_HAL_Driver\Src\stm32f4xx_hal_gpio.o
HAL_GPIO_ReadPin                                  Libraries\STM32F4xx_HAL_Driver\Src\stm32f4xx_hal_gpio.o
                                                  Libraries\CMSIS\Include\USART_STM32F4xx.o
HAL_GPIO_TogglePin                                Libraries\STM32F4xx_HAL_Driver\Src\stm32f4xx_hal_gpio.o
                                                  src\main.o
HAL_GPIO_WritePin                                 Libraries\STM32F4xx_HAL_Driver\Src\stm32f4xx_hal_gpio.o
                                                  Libraries\CMSIS\Include\USART_STM32F4xx.o
                                                  src\I2C_Treiber.o
                                                  src\stdout_USART.o
HAL_GetDEVID                                      Libraries\STM32F4xx_HAL_Driver\Src\stm32f4xx_hal.o
HAL_GetHalVersion                                 Libraries\STM32F4xx_HAL_Driver\Src\stm32f4xx_hal.o
HAL_GetREVID                                      Libraries\STM32F4xx_HAL_Driver\Src\stm32f4xx_hal.o
HAL_GetTick                                       src\globals.o
                                                  Libraries\STM32F4xx_HAL_Driver\Src\stm32f4xx_hal_adc.o
                                                  Libraries\STM32F4xx_HAL_Driver\Src\stm32f4xx_hal_adc_ex.o
                                                  Libraries\STM32F4xx_HAL_Driver\Src\stm32f4xx_hal_dma.o
                                                  Libraries\STM32F4xx_HAL_Driver\Src\stm32f4xx_hal_flash.o
                                                  Libraries\STM32F4xx_HAL_Driver\Src\stm32f4xx_hal_i2c.o
                                                  Libraries\STM32F4xx_HAL_Driver\Src\stm32f4xx_hal_pwr_ex.o
                                                  Libraries\STM32F4xx_HAL_Driver\Src\stm32f4xx_hal_rcc.o
                                                  Libraries\STM32F4xx_HAL_Driver\Src\stm32f4xx_hal_rcc_ex.o
                                                  Libraries\STM32F4xx_HAL_Driver\Src\stm32f4xx_hal_uart.o
                                                  Libraries\STM32F4xx_HAL_Driver\Src\stm32f4xx_hal_usart.o
                                                  src\main.o
                                                  src\stdout_USART.o
HAL_GetTick10u                                    src\globals.o
                                                  src\main.o
HAL_HalfDuplex_EnableReceiver                     Libraries\STM32F4xx_HAL_Driver\Src\stm32f4xx_hal_uart.o
HAL_HalfDuplex_EnableTransmitter                  Libraries\STM32F4xx_HAL_Driver\Src\stm32f4xx_hal_uart.o
HAL_HalfDuplex_Init                               Libraries\STM32F4xx_HAL_Driver\Src\stm32f4xx_hal_uart.o
HAL_I2C_DeInit                                    Libraries\STM32F4xx_HAL_Driver\Src\stm32f4xx_hal_i2c.o
                                                  src\I2C_Treiber.o
HAL_I2C_ER_IRQHandler                             Libraries\STM32F4xx_HAL_Driver\Src\stm32f4xx_hal_i2c.o
                                                  src\I2C_Treiber.o
HAL_I2C_EV_IRQHandler                             Libraries\STM32F4xx_HAL_Driver\Src\stm32f4xx_hal_i2c.o
                                                  src\I2C_Treiber.o
HAL_I2C_ErrorCallback                             Libraries\STM32F4xx_HAL_Driver\Src\stm32f4xx_hal_i2c.o
HAL_I2C_GetError                                  Libraries\STM32F4xx_HAL_Driver\Src\stm32f4xx_hal_i2c.o
HAL_I2C_GetState                                  Libraries\STM32F4xx_HAL_Driver\Src\stm32f4xx_hal_i2c.o
                                                  src\I2C_Treiber.o
HAL_I2C_Init                                      Libraries\STM32F4xx_HAL_Driver\Src\stm32f4xx_hal_i2c.o
                                                  src\I2C_Treiber.o
HAL_I2C_IsDeviceReady                             Libraries\STM32F4xx_HAL_Driver\Src\stm32f4xx_hal_i2c.o
HAL_I2C_MasterRxCpltCallback                      Libraries\STM32F4xx_HAL_Driver\Src\stm32f4xx_hal_i2c.o
HAL_I2C_MasterTxCpltCallback                      Libraries\STM32F4xx_HAL_Driver\Src\stm32f4xx_hal_i2c.o
HAL_I2C_Master_Receive                            Libraries\STM32F4xx_HAL_Driver\Src\stm32f4xx_hal_i2c.o
                                                  src\I2C_Treiber.o
HAL_I2C_Master_Receive_DMA                        Libraries\STM32F4xx_HAL_Driver\Src\stm32f4xx_hal_i2c.o
HAL_I2C_Master_Receive_IT                         Libraries\STM32F4xx_HAL_Driver\Src\stm32f4xx_hal_i2c.o
HAL_I2C_Master_Transmit                           Libraries\STM32F4xx_HAL_Driver\Src\stm32f4xx_hal_i2c.o
                                                  src\I2C_Treiber.o
HAL_I2C_Master_Transmit_DMA                       Libraries\STM32F4xx_HAL_Driver\Src\stm32f4xx_hal_i2c.o
HAL_I2C_Master_Transmit_IT                        Libraries\STM32F4xx_HAL_Driver\Src\stm32f4xx_hal_i2c.o
HAL_I2C_MemRxCpltCallback                         Libraries\STM32F4xx_HAL_Driver\Src\stm32f4xx_hal_i2c.o
HAL_I2C_MemTxCpltCallback                         Libraries\STM32F4xx_HAL_Driver\Src\stm32f4xx_hal_i2c.o
HAL_I2C_Mem_Read                                  Libraries\STM32F4xx_HAL_Driver\Src\stm32f4xx_hal_i2c.o
                                                  src\I2C_Treiber.o
HAL_I2C_Mem_Read_DMA                              Libraries\STM32F4xx_HAL_Driver\Src\stm32f4xx_hal_i2c.o
                                                  src\I2C_Treiber.o
HAL_I2C_Mem_Read_IT                               Libraries\STM32F4xx_HAL_Driver\Src\stm32f4xx_hal_i2c.o
HAL_I2C_Mem_Write                                 Libraries\STM32F4xx_HAL_Driver\Src\stm32f4xx_hal_i2c.o
                                                  src\I2C_Treiber.o
HAL_I2C_Mem_Write_DMA                             Libraries\STM32F4xx_HAL_Driver\Src\stm32f4xx_hal_i2c.o
HAL_I2C_Mem_Write_IT                              Libraries\STM32F4xx_HAL_Driver\Src\stm32f4xx_hal_i2c.o
HAL_I2C_MspDeInit                                 Libraries\STM32F4xx_HAL_Driver\Src\stm32f4xx_hal_i2c.o
HAL_I2C_MspInit                                   src\I2C_Treiber.o
HAL_I2C_SlaveRxCpltCallback                       Libraries\STM32F4xx_HAL_Driver\Src\stm32f4xx_hal_i2c.o
HAL_I2C_SlaveTxCpltCallback                       Libraries\STM32F4xx_HAL_Driver\Src\stm32f4xx_hal_i2c.o
HAL_I2C_Slave_Receive                             Libraries\STM32F4xx_HAL_Driver\Src\stm32f4xx_hal_i2c.o
HAL_I2C_Slave_Receive_DMA                         Libraries\STM32F4xx_HAL_Driver\Src\stm32f4xx_hal_i2c.o
HAL_I2C_Slave_Receive_IT                          Libraries\STM32F4xx_HAL_Driver\Src\stm32f4xx_hal_i2c.o
HAL_I2C_Slave_Transmit                            Libraries\STM32F4xx_HAL_Driver\Src\stm32f4xx_hal_i2c.o
HAL_I2C_Slave_Transmit_DMA                        Libraries\STM32F4xx_HAL_Driver\Src\stm32f4xx_hal_i2c.o
HAL_I2C_Slave_Transmit_IT                         Libraries\STM32F4xx_HAL_Driver\Src\stm32f4xx_hal_i2c.o
HAL_IncTick                                       src\globals.o
                                                  src\stm32f4xx_it.o
HAL_Init                                          Libraries\STM32F4xx_HAL_Driver\Src\stm32f4xx_hal.o
                                                  src\main.o
HAL_InitTick                                      src\globals.o
                                                  Libraries\STM32F4xx_HAL_Driver\Src\stm32f4xx_hal_rcc.o
HAL_LIN_Init                                      Libraries\STM32F4xx_HAL_Driver\Src\stm32f4xx_hal_uart.o
HAL_LIN_SendBreak                                 Libraries\STM32F4xx_HAL_Driver\Src\stm32f4xx_hal_uart.o
HAL_MPU_ConfigRegion                              Libraries\STM32F4xx_HAL_Driver\Src\stm32f4xx_hal_cortex.o
HAL_MspDeInit                                     src\stm32f4xx_hal_msp.o
HAL_MspInit                                       src\stm32f4xx_hal_msp.o
HAL_MultiProcessor_EnterMuteMode                  Libraries\STM32F4xx_HAL_Driver\Src\stm32f4xx_hal_uart.o
HAL_MultiProcessor_ExitMuteMode                   Libraries\STM32F4xx_HAL_Driver\Src\stm32f4xx_hal_uart.o
HAL_MultiProcessor_Init                           Libraries\STM32F4xx_HAL_Driver\Src\stm32f4xx_hal_uart.o
HAL_NVIC_ClearPendingIRQ                          Libraries\STM32F4xx_HAL_Driver\Src\stm32f4xx_hal_cortex.o
                                                  src\main.o
HAL_NVIC_DisableIRQ                               Libraries\STM32F4xx_HAL_Driver\Src\stm32f4xx_hal_cortex.o
                                                  Libraries\CMSIS\Include\USART_STM32F4xx.o
HAL_NVIC_EnableIRQ                                Libraries\STM32F4xx_HAL_Driver\Src\stm32f4xx_hal_cortex.o
                                                  src\I2C_Treiber.o
                                                  src\PWM.o
HAL_NVIC_GetActive                                Libraries\STM32F4xx_HAL_Driver\Src\stm32f4xx_hal_cortex.o
HAL_NVIC_GetPendingIRQ                            Libraries\STM32F4xx_HAL_Driver\Src\stm32f4xx_hal_cortex.o
HAL_NVIC_GetPriority                              Libraries\STM32F4xx_HAL_Driver\Src\stm32f4xx_hal_cortex.o
HAL_NVIC_GetPriorityGrouping                      Libraries\STM32F4xx_HAL_Driver\Src\stm32f4xx_hal_cortex.o
HAL_NVIC_SetPendingIRQ                            Libraries\STM32F4xx_HAL_Driver\Src\stm32f4xx_hal_cortex.o
HAL_NVIC_SetPriority                              Libraries\STM32F4xx_HAL_Driver\Src\stm32f4xx_hal_cortex.o
                                                  Libraries\STM32F4xx_HAL_Driver\Src\stm32f4xx_hal.o
                                                  src\I2C_Treiber.o
                                                  src\PWM.o
                                                  src\globals.o
HAL_NVIC_SetPriorityGrouping                      Libraries\STM32F4xx_HAL_Driver\Src\stm32f4xx_hal_cortex.o
                                                  Libraries\STM32F4xx_HAL_Driver\Src\stm32f4xx_hal.o
HAL_NVIC_SystemReset                              Libraries\STM32F4xx_HAL_Driver\Src\stm32f4xx_hal_cortex.o
HAL_PWREx_ControlVoltageScaling                   Libraries\STM32F4xx_HAL_Driver\Src\stm32f4xx_hal_pwr_ex.o
HAL_PWREx_DisableBkUpReg                          Libraries\STM32F4xx_HAL_Driver\Src\stm32f4xx_hal_pwr_ex.o
HAL_PWREx_DisableFlashPowerDown                   Libraries\STM32F4xx_HAL_Driver\Src\stm32f4xx_hal_pwr_ex.o
HAL_PWREx_EnableBkUpReg                           Libraries\STM32F4xx_HAL_Driver\Src\stm32f4xx_hal_pwr_ex.o
HAL_PWREx_EnableFlashPowerDown                    Libraries\STM32F4xx_HAL_Driver\Src\stm32f4xx_hal_pwr_ex.o
HAL_PWREx_GetVoltageRange                         Libraries\STM32F4xx_HAL_Driver\Src\stm32f4xx_hal_pwr_ex.o
HAL_PWR_ConfigPVD                                 Libraries\STM32F4xx_HAL_Driver\Src\stm32f4xx_hal_pwr.o
HAL_PWR_DeInit                                    Libraries\STM32F4xx_HAL_Driver\Src\stm32f4xx_hal_pwr.o
HAL_PWR_DisableBkUpAccess                         Libraries\STM32F4xx_HAL_Driver\Src\stm32f4xx_hal_pwr.o
HAL_PWR_DisablePVD                                Libraries\STM32F4xx_HAL_Driver\Src\stm32f4xx_hal_pwr.o
HAL_PWR_DisableSEVOnPend                          Libraries\STM32F4xx_HAL_Driver\Src\stm32f4xx_hal_pwr.o
HAL_PWR_DisableSleepOnExit                        Libraries\STM32F4xx_HAL_Driver\Src\stm32f4xx_hal_pwr.o
HAL_PWR_DisableWakeUpPin                          Libraries\STM32F4xx_HAL_Driver\Src\stm32f4xx_hal_pwr.o
HAL_PWR_EnableBkUpAccess                          Libraries\STM32F4xx_HAL_Driver\Src\stm32f4xx_hal_pwr.o
HAL_PWR_EnablePVD                                 Libraries\STM32F4xx_HAL_Driver\Src\stm32f4xx_hal_pwr.o
HAL_PWR_EnableSEVOnPend                           Libraries\STM32F4xx_HAL_Driver\Src\stm32f4xx_hal_pwr.o
HAL_PWR_EnableSleepOnExit                         Libraries\STM32F4xx_HAL_Driver\Src\stm32f4xx_hal_pwr.o
HAL_PWR_EnableWakeUpPin                           Libraries\STM32F4xx_HAL_Driver\Src\stm32f4xx_hal_pwr.o
HAL_PWR_EnterSLEEPMode                            Libraries\STM32F4xx_HAL_Driver\Src\stm32f4xx_hal_pwr.o
HAL_PWR_EnterSTANDBYMode                          Libraries\STM32F4xx_HAL_Driver\Src\stm32f4xx_hal_pwr.o
HAL_PWR_EnterSTOPMode                             Libraries\STM32F4xx_HAL_Driver\Src\stm32f4xx_hal_pwr.o
HAL_PWR_PVDCallback                               Libraries\STM32F4xx_HAL_Driver\Src\stm32f4xx_hal_pwr.o
HAL_PWR_PVD_IRQHandler                            Libraries\STM32F4xx_HAL_Driver\Src\stm32f4xx_hal_pwr.o
HAL_RCCEx_GetPeriphCLKConfig                      Libraries\STM32F4xx_HAL_Driver\Src\stm32f4xx_hal_rcc_ex.o
HAL_RCCEx_PeriphCLKConfig                         Libraries\STM32F4xx_HAL_Driver\Src\stm32f4xx_hal_rcc_ex.o
HAL_RCC_CSSCallback                               Libraries\STM32F4xx_HAL_Driver\Src\stm32f4xx_hal_rcc.o
HAL_RCC_ClockConfig                               Libraries\STM32F4xx_HAL_Driver\Src\stm32f4xx_hal_rcc.o
HAL_RCC_DeInit                                    Libraries\STM32F4xx_HAL_Driver\Src\stm32f4xx_hal_rcc_ex.o
HAL_RCC_DisableCSS                                Libraries\STM32F4xx_HAL_Driver\Src\stm32f4xx_hal_rcc.o
HAL_RCC_EnableCSS                                 Libraries\STM32F4xx_HAL_Driver\Src\stm32f4xx_hal_rcc.o
HAL_RCC_GetClockConfig                            Libraries\STM32F4xx_HAL_Driver\Src\stm32f4xx_hal_rcc.o
HAL_RCC_GetHCLKFreq                               Libraries\STM32F4xx_HAL_Driver\Src\stm32f4xx_hal_rcc.o
                                                  Libraries\STM32F4xx_HAL_Driver\Src\stm32f4xx_hal.o
                                                  src\globals.o
HAL_RCC_GetOscConfig                              Libraries\STM32F4xx_HAL_Driver\Src\stm32f4xx_hal_rcc.o
HAL_RCC_GetPCLK1Freq                              Libraries\STM32F4xx_HAL_Driver\Src\stm32f4xx_hal_rcc.o
                                                  Libraries\CMSIS\Include\USART_STM32F4xx.o
                                                  Libraries\STM32F4xx_HAL_Driver\Src\stm32f4xx_hal_i2c.o
                                                  Libraries\STM32F4xx_HAL_Driver\Src\stm32f4xx_hal_uart.o
                                                  Libraries\STM32F4xx_HAL_Driver\Src\stm32f4xx_hal_usart.o
HAL_RCC_GetPCLK2Freq                              Libraries\STM32F4xx_HAL_Driver\Src\stm32f4xx_hal_rcc.o
                                                  Libraries\STM32F4xx_HAL_Driver\Src\stm32f4xx_hal_uart.o
                                                  Libraries\STM32F4xx_HAL_Driver\Src\stm32f4xx_hal_usart.o
HAL_RCC_GetSysClockFreq                           Libraries\STM32F4xx_HAL_Driver\Src\stm32f4xx_hal_rcc.o