Archive member included because of file (symbol)

c:/program files (x86)/atollic/truestudio for arm 5.4.0/armtools/bin/../lib/gcc/arm-atollic-eabi/4.8.3/../../../../arm-atollic-eabi/lib/armv7e-m/fpu\libc_s.a(lib_a-init.o)
                              src\startup_stm32f40xx.o (__libc_init_array)
c:/program files (x86)/atollic/truestudio for arm 5.4.0/armtools/bin/../lib/gcc/arm-atollic-eabi/4.8.3/../../../../arm-atollic-eabi/lib/armv7e-m/fpu\libc_s.a(lib_a-memset.o)
                              Libraries\CMSIS\Source\FilteringFunctions\arm_lms_norm_init_q31.o (memset)
c:/program files (x86)/atollic/truestudio for arm 5.4.0/armtools/bin/../lib/gcc/arm-atollic-eabi/4.8.3/../../../../arm-atollic-eabi/lib/armv7e-m/fpu\libc_s.a(lib_a-strlen.o)
                              src\tiny_printf.o (strlen)
c:/program files (x86)/atollic/truestudio for arm 5.4.0/armtools/bin/../lib/gcc/arm-atollic-eabi/4.8.3/../../../../arm-atollic-eabi/lib/armv7e-m/fpu\libc_s.a(lib_a-syscalls.o)
                              src\tiny_printf.o (_write)
c:/program files (x86)/atollic/truestudio for arm 5.4.0/armtools/bin/../lib/gcc/arm-atollic-eabi/4.8.3/../../../../arm-atollic-eabi/lib/armv7e-m/fpu\libc_s.a(lib_a-reent.o)
                              c:/program files (x86)/atollic/truestudio for arm 5.4.0/armtools/bin/../lib/gcc/arm-atollic-eabi/4.8.3/../../../../arm-atollic-eabi/lib/armv7e-m/fpu\libc_s.a(lib_a-syscalls.o) (errno)
c:/program files (x86)/atollic/truestudio for arm 5.4.0/armtools/bin/../lib/gcc/arm-atollic-eabi/4.8.3/../../../../arm-atollic-eabi/lib/armv7e-m/fpu\libc_s.a(lib_a-impure.o)
                              c:/program files (x86)/atollic/truestudio for arm 5.4.0/armtools/bin/../lib/gcc/arm-atollic-eabi/4.8.3/../../../../arm-atollic-eabi/lib/armv7e-m/fpu\libc_s.a(lib_a-reent.o) (_impure_ptr)
c:/program files (x86)/atollic/truestudio for arm 5.4.0/armtools/bin/../lib/gcc/arm-atollic-eabi/4.8.3/../../../../arm-atollic-eabi/lib/armv7e-m/fpu\libc_s.a(lib_a-nano-freer.o)
                              c:/program files (x86)/atollic/truestudio for arm 5.4.0/armtools/bin/../lib/gcc/arm-atollic-eabi/4.8.3/../../../../arm-atollic-eabi/lib/armv7e-m/fpu\libc_s.a(lib_a-reent.o) (_free_r)
c:/program files (x86)/atollic/truestudio for arm 5.4.0/armtools/bin/../lib/gcc/arm-atollic-eabi/4.8.3/../../../../arm-atollic-eabi/lib/armv7e-m/fpu\libc_s.a(lib_a-nano-mallocr.o)
                              c:/program files (x86)/atollic/truestudio for arm 5.4.0/armtools/bin/../lib/gcc/arm-atollic-eabi/4.8.3/../../../../arm-atollic-eabi/lib/armv7e-m/fpu\libc_s.a(lib_a-nano-freer.o) (__malloc_free_list)
c:/program files (x86)/atollic/truestudio for arm 5.4.0/armtools/bin/../lib/gcc/arm-atollic-eabi/4.8.3/../../../../arm-atollic-eabi/lib/armv7e-m/fpu\libc_s.a(lib_a-sbrkr.o)
                              c:/program files (x86)/atollic/truestudio for arm 5.4.0/armtools/bin/../lib/gcc/arm-atollic-eabi/4.8.3/../../../../arm-atollic-eabi/lib/armv7e-m/fpu\libc_s.a(lib_a-nano-mallocr.o) (_sbrk_r)
c:/program files (x86)/atollic/truestudio for arm 5.4.0/armtools/bin/../lib/gcc/arm-atollic-eabi/4.8.3/../../../../arm-atollic-eabi/lib/armv7e-m/fpu\libm.a(lib_a-wf_sqrt.o)
                              Libraries\CMSIS\Source\StatisticsFunctions\arm_std_f32.o (sqrtf)
c:/program files (x86)/atollic/truestudio for arm 5.4.0/armtools/bin/../lib/gcc/arm-atollic-eabi/4.8.3/../../../../arm-atollic-eabi/lib/armv7e-m/fpu\libm.a(lib_a-ef_sqrt.o)
                              c:/program files (x86)/atollic/truestudio for arm 5.4.0/armtools/bin/../lib/gcc/arm-atollic-eabi/4.8.3/../../../../arm-atollic-eabi/lib/armv7e-m/fpu\libm.a(lib_a-wf_sqrt.o) (__ieee754_sqrtf)
c:/program files (x86)/atollic/truestudio for arm 5.4.0/armtools/bin/../lib/gcc/arm-atollic-eabi/4.8.3/../../../../arm-atollic-eabi/lib/armv7e-m/fpu\libm.a(lib_a-s_lib_ver.o)
                              c:/program files (x86)/atollic/truestudio for arm 5.4.0/armtools/bin/../lib/gcc/arm-atollic-eabi/4.8.3/../../../../arm-atollic-eabi/lib/armv7e-m/fpu\libm.a(lib_a-wf_sqrt.o) (__fdlib_version)
c:/program files (x86)/atollic/truestudio for arm 5.4.0/armtools/bin/../lib/gcc/arm-atollic-eabi/4.8.3/../../../../arm-atollic-eabi/lib/armv7e-m/fpu\libm.a(lib_a-s_matherr.o)
                              c:/program files (x86)/atollic/truestudio for arm 5.4.0/armtools/bin/../lib/gcc/arm-atollic-eabi/4.8.3/../../../../arm-atollic-eabi/lib/armv7e-m/fpu\libm.a(lib_a-wf_sqrt.o) (matherr)
c:/program files (x86)/atollic/truestudio for arm 5.4.0/armtools/bin/../lib/gcc/arm-atollic-eabi/4.8.3/../../../../arm-atollic-eabi/lib/armv7e-m/fpu\libm.a(lib_a-sf_fpclassify.o)
                              c:/program files (x86)/atollic/truestudio for arm 5.4.0/armtools/bin/../lib/gcc/arm-atollic-eabi/4.8.3/../../../../arm-atollic-eabi/lib/armv7e-m/fpu\libm.a(lib_a-wf_sqrt.o) (__fpclassifyf)
[...]
Memory Configuration

Name             Origin             Length             Attributes
FLASH            0x08000000         0x00100000         xr
RAM              0x20000000         0x00020000         xrw
MEMORY_B1        0x60000000         0x00000000         xr
CCMRAM           0x10000000         0x00010000         rw
*default*        0x00000000         0xffffffff

Linker script and memory map

LOAD c:/program files (x86)/atollic/truestudio for arm 5.4.0/armtools/bin/../lib/gcc/arm-atollic-eabi/4.8.3/armv7e-m/fpu/crti.o
LOAD c:/program files (x86)/atollic/truestudio for arm 5.4.0/armtools/bin/../lib/gcc/arm-atollic-eabi/4.8.3/armv7e-m/fpu/crtbegin.o
LOAD src\tiny_printf.o
LOAD src\system_stm32f4xx.o
LOAD src\stm32f4xx_it.o
LOAD src\stm32f4xx_hal_msp.o
LOAD src\stdout_USART.o
LOAD src\startup_stm32f40xx.o
LOAD src\main.o
LOAD src\globals.o
LOAD src\PWM.o
LOAD src\PID.o
LOAD src\Kalman.o
LOAD src\I2C_Treiber.o
LOAD src\Driver_I2C.o
LOAD src\Daten_Filter.o
LOAD Libraries\STM32F4xx_HAL_Driver\Src\stm32f4xx_ll_usb.o
LOAD Libraries\STM32F4xx_HAL_Driver\Src\stm32f4xx_ll_sdmmc.o
LOAD Libraries\STM32F4xx_HAL_Driver\Src\stm32f4xx_ll_fsmc.o
LOAD Libraries\STM32F4xx_HAL_Driver\Src\stm32f4xx_ll_fmc.o
LOAD Libraries\STM32F4xx_HAL_Driver\Src\stm32f4xx_hal_usart.o
LOAD Libraries\STM32F4xx_HAL_Driver\Src\stm32f4xx_hal_uart.o
LOAD Libraries\STM32F4xx_HAL_Driver\Src\stm32f4xx_hal_tim_ex.o
LOAD Libraries\STM32F4xx_HAL_Driver\Src\stm32f4xx_hal_tim.o
LOAD Libraries\STM32F4xx_HAL_Driver\Src\stm32f4xx_hal_spi.o
LOAD Libraries\STM32F4xx_HAL_Driver\Src\stm32f4xx_hal_rcc_ex.o
LOAD Libraries\STM32F4xx_HAL_Driver\Src\stm32f4xx_hal_rcc.o
LOAD Libraries\STM32F4xx_HAL_Driver\Src\stm32f4xx_hal_pwr_ex.o
LOAD Libraries\STM32F4xx_HAL_Driver\Src\stm32f4xx_hal_pwr.o
LOAD Libraries\STM32F4xx_HAL_Driver\Src\stm32f4xx_hal_i2c_ex.o
LOAD Libraries\STM32F4xx_HAL_Driver\Src\stm32f4xx_hal_i2c.o
LOAD Libraries\STM32F4xx_HAL_Driver\Src\stm32f4xx_hal_gpio.o
LOAD Libraries\STM32F4xx_HAL_Driver\Src\stm32f4xx_hal_flash_ramfunc.o
LOAD Libraries\STM32F4xx_HAL_Driver\Src\stm32f4xx_hal_flash_ex.o
LOAD Libraries\STM32F4xx_HAL_Driver\Src\stm32f4xx_hal_flash.o
LOAD Libraries\STM32F4xx_HAL_Driver\Src\stm32f4xx_hal_dma_ex.o
LOAD Libraries\STM32F4xx_HAL_Driver\Src\stm32f4xx_hal_dma2d.o
LOAD Libraries\STM32F4xx_HAL_Driver\Src\stm32f4xx_hal_dma.o
LOAD Libraries\STM32F4xx_HAL_Driver\Src\stm32f4xx_hal_cortex.o
LOAD Libraries\STM32F4xx_HAL_Driver\Src\stm32f4xx_hal_adc_ex.o
LOAD Libraries\STM32F4xx_HAL_Driver\Src\stm32f4xx_hal_adc.o
LOAD Libraries\STM32F4xx_HAL_Driver\Src\stm32f4xx_hal.o
LOAD Libraries\CMSIS\Source\TransformFunctions\arm_rfft_q31.o
LOAD Libraries\CMSIS\Source\TransformFunctions\arm_rfft_q15.o
LOAD Libraries\CMSIS\Source\TransformFunctions\arm_rfft_init_q31.o
LOAD Libraries\CMSIS\Source\TransformFunctions\arm_rfft_init_q15.o
LOAD Libraries\CMSIS\Source\TransformFunctions\arm_rfft_init_f32.o
LOAD Libraries\CMSIS\Source\TransformFunctions\arm_rfft_fast_init_f32.o
LOAD Libraries\CMSIS\Source\TransformFunctions\arm_rfft_fast_f32.o
LOAD Libraries\CMSIS\Source\TransformFunctions\arm_rfft_f32.o
LOAD Libraries\CMSIS\Source\TransformFunctions\arm_dct4_q31.o
LOAD Libraries\CMSIS\Source\TransformFunctions\arm_dct4_q15.o
LOAD Libraries\CMSIS\Source\TransformFunctions\arm_dct4_init_q31.o
LOAD Libraries\CMSIS\Source\TransformFunctions\arm_dct4_init_q15.o
LOAD Libraries\CMSIS\Source\TransformFunctions\arm_dct4_init_f32.o
LOAD Libraries\CMSIS\Source\TransformFunctions\arm_dct4_f32.o
LOAD Libraries\CMSIS\Source\TransformFunctions\arm_cfft_radix8_f32.o
LOAD Libraries\CMSIS\Source\TransformFunctions\arm_cfft_radix4_q31.o
LOAD Libraries\CMSIS\Source\TransformFunctions\arm_cfft_radix4_q15.o
LOAD Libraries\CMSIS\Source\TransformFunctions\arm_cfft_radix4_init_q31.o
LOAD Libraries\CMSIS\Source\TransformFunctions\arm_cfft_radix4_init_q15.o
LOAD Libraries\CMSIS\Source\TransformFunctions\arm_cfft_radix4_init_f32.o
LOAD Libraries\CMSIS\Source\TransformFunctions\arm_cfft_radix4_f32.o
LOAD Libraries\CMSIS\Source\TransformFunctions\arm_cfft_radix2_q31.o
LOAD Libraries\CMSIS\Source\TransformFunctions\arm_cfft_radix2_q15.o
LOAD Libraries\CMSIS\Source\TransformFunctions\arm_cfft_radix2_init_q31.o
LOAD Libraries\CMSIS\Source\TransformFunctions\arm_cfft_radix2_init_q15.o
LOAD Libraries\CMSIS\Source\TransformFunctions\arm_cfft_radix2_init_f32.o
LOAD Libraries\CMSIS\Source\TransformFunctions\arm_cfft_radix2_f32.o
LOAD Libraries\CMSIS\Source\TransformFunctions\arm_cfft_q31.o
LOAD Libraries\CMSIS\Source\TransformFunctions\arm_cfft_q15.o
LOAD Libraries\CMSIS\Source\TransformFunctions\arm_cfft_f32.o
LOAD Libraries\CMSIS\Source\TransformFunctions\arm_bitreversal2.o
LOAD Libraries\CMSIS\Source\TransformFunctions\arm_bitreversal.o
LOAD Libraries\CMSIS\Source\SupportFunctions\arm_q7_to_q31.o
LOAD Libraries\CMSIS\Source\SupportFunctions\arm_q7_to_q15.o
LOAD Libraries\CMSIS\Source\SupportFunctions\arm_q7_to_float.o
LOAD Libraries\CMSIS\Source\SupportFunctions\arm_q31_to_q7.o
LOAD Libraries\CMSIS\Source\SupportFunctions\arm_q31_to_q15.o
LOAD Libraries\CMSIS\Source\SupportFunctions\arm_q31_to_float.o
LOAD Libraries\CMSIS\Source\SupportFunctions\arm_q15_to_q7.o
LOAD Libraries\CMSIS\Source\SupportFunctions\arm_q15_to_q31.o
LOAD Libraries\CMSIS\Source\SupportFunctions\arm_q15_to_float.o
LOAD Libraries\CMSIS\Source\SupportFunctions\arm_float_to_q7.o
LOAD Libraries\CMSIS\Source\SupportFunctions\arm_float_to_q31.o
LOAD Libraries\CMSIS\Source\SupportFunctions\arm_float_to_q15.o
LOAD Libraries\CMSIS\Source\SupportFunctions\arm_fill_q7.o
LOAD Libraries\CMSIS\Source\SupportFunctions\arm_fill_q31.o
LOAD Libraries\CMSIS\Source\SupportFunctions\arm_fill_q15.o
LOAD Libraries\CMSIS\Source\SupportFunctions\arm_fill_f32.o
LOAD Libraries\CMSIS\Source\SupportFunctions\arm_copy_q7.o
LOAD Libraries\CMSIS\Source\SupportFunctions\arm_copy_q31.o
LOAD Libraries\CMSIS\Source\SupportFunctions\arm_copy_q15.o
LOAD Libraries\CMSIS\Source\SupportFunctions\arm_copy_f32.o
LOAD Libraries\CMSIS\Source\StatisticsFunctions\arm_var_q31.o
LOAD Libraries\CMSIS\Source\StatisticsFunctions\arm_var_q15.o
LOAD Libraries\CMSIS\Source\StatisticsFunctions\arm_var_f32.o
LOAD Libraries\CMSIS\Source\StatisticsFunctions\arm_std_q31.o
LOAD Libraries\CMSIS\Source\StatisticsFunctions\arm_std_q15.o
LOAD Libraries\CMSIS\Source\StatisticsFunctions\arm_std_f32.o
LOAD Libraries\CMSIS\Source\StatisticsFunctions\arm_rms_q31.o
LOAD Libraries\CMSIS\Source\StatisticsFunctions\arm_rms_q15.o
LOAD Libraries\CMSIS\Source\StatisticsFunctions\arm_rms_f32.o
LOAD Libraries\CMSIS\Source\StatisticsFunctions\arm_power_q7.o
LOAD Libraries\CMSIS\Source\StatisticsFunctions\arm_power_q31.o
LOAD Libraries\CMSIS\Source\StatisticsFunctions\arm_power_q15.o
LOAD Libraries\CMSIS\Source\StatisticsFunctions\arm_power_f32.o
LOAD Libraries\CMSIS\Source\StatisticsFunctions\arm_min_q7.o
LOAD Libraries\CMSIS\Source\StatisticsFunctions\arm_min_q31.o
LOAD Libraries\CMSIS\Source\StatisticsFunctions\arm_min_q15.o
LOAD Libraries\CMSIS\Source\StatisticsFunctions\arm_min_f32.o
LOAD Libraries\CMSIS\Source\StatisticsFunctions\arm_mean_q7.o
LOAD Libraries\CMSIS\Source\StatisticsFunctions\arm_mean_q31.o
LOAD Libraries\CMSIS\Source\StatisticsFunctions\arm_mean_q15.o
LOAD Libraries\CMSIS\Source\StatisticsFunctions\arm_mean_f32.o
LOAD Libraries\CMSIS\Source\StatisticsFunctions\arm_max_q7.o
LOAD Libraries\CMSIS\Source\StatisticsFunctions\arm_max_q31.o
LOAD Libraries\CMSIS\Source\StatisticsFunctions\arm_max_q15.o
LOAD Libraries\CMSIS\Source\StatisticsFunctions\arm_max_f32.o
LOAD Libraries\CMSIS\Source\MatrixFunctions\arm_mat_trans_q31.o
LOAD Libraries\CMSIS\Source\MatrixFunctions\arm_mat_trans_q15.o
LOAD Libraries\CMSIS\Source\MatrixFunctions\arm_mat_trans_f32.o
LOAD Libraries\CMSIS\Source\MatrixFunctions\arm_mat_sub_q31.o
LOAD Libraries\CMSIS\Source\MatrixFunctions\arm_mat_sub_q15.o
LOAD Libraries\CMSIS\Source\MatrixFunctions\arm_mat_sub_f32.o
LOAD Libraries\CMSIS\Source\MatrixFunctions\arm_mat_scale_q31.o
LOAD Libraries\CMSIS\Source\MatrixFunctions\arm_mat_scale_q15.o
LOAD Libraries\CMSIS\Source\MatrixFunctions\arm_mat_scale_f32.o
LOAD Libraries\CMSIS\Source\MatrixFunctions\arm_mat_mult_q31.o
LOAD Libraries\CMSIS\Source\MatrixFunctions\arm_mat_mult_q15.o
LOAD Libraries\CMSIS\Source\MatrixFunctions\arm_mat_mult_fast_q31.o
LOAD Libraries\CMSIS\Source\MatrixFunctions\arm_mat_mult_fast_q15.o
LOAD Libraries\CMSIS\Source\MatrixFunctions\arm_mat_mult_f32.o
LOAD Libraries\CMSIS\Source\MatrixFunctions\arm_mat_inverse_f64.o
LOAD Libraries\CMSIS\Source\MatrixFunctions\arm_mat_inverse_f32.o
LOAD Libraries\CMSIS\Source\MatrixFunctions\arm_mat_init_q31.o
LOAD Libraries\CMSIS\Source\MatrixFunctions\arm_mat_init_q15.o
LOAD Libraries\CMSIS\Source\MatrixFunctions\arm_mat_init_f32.o
LOAD Libraries\CMSIS\Source\MatrixFunctions\arm_mat_cmplx_mult_q31.o
LOAD Libraries\CMSIS\Source\MatrixFunctions\arm_mat_cmplx_mult_q15.o
LOAD Libraries\CMSIS\Source\MatrixFunctions\arm_mat_cmplx_mult_f32.o
LOAD Libraries\CMSIS\Source\MatrixFunctions\arm_mat_add_q31.o
LOAD Libraries\CMSIS\Source\MatrixFunctions\arm_mat_add_q15.o
LOAD Libraries\CMSIS\Source\MatrixFunctions\arm_mat_add_f32.o
LOAD Libraries\CMSIS\Source\FilteringFunctions\arm_lms_q31.o
LOAD Libraries\CMSIS\Source\FilteringFunctions\arm_lms_q15.o
LOAD Libraries\CMSIS\Source\FilteringFunctions\arm_lms_norm_q31.o
LOAD Libraries\CMSIS\Source\FilteringFunctions\arm_lms_norm_q15.o
LOAD Libraries\CMSIS\Source\FilteringFunctions\arm_lms_norm_init_q31.o
LOAD Libraries\CMSIS\Source\FilteringFunctions\arm_lms_norm_init_q15.o
LOAD Libraries\CMSIS\Source\FilteringFunctions\arm_lms_norm_init_f32.o
LOAD Libraries\CMSIS\Source\FilteringFunctions\arm_lms_norm_f32.o
LOAD Libraries\CMSIS\Source\FilteringFunctions\arm_lms_init_q31.o
LOAD Libraries\CMSIS\Source\FilteringFunctions\arm_lms_init_q15.o
LOAD Libraries\CMSIS\Source\FilteringFunctions\arm_lms_init_f32.o
LOAD Libraries\CMSIS\Source\FilteringFunctions\arm_lms_f32.o
LOAD Libraries\CMSIS\Source\FilteringFunctions\arm_iir_lattice_q31.o
LOAD Libraries\CMSIS\Source\FilteringFunctions\arm_iir_lattice_q15.o
LOAD Libraries\CMSIS\Source\FilteringFunctions\arm_iir_lattice_init_q31.o
LOAD Libraries\CMSIS\Source\FilteringFunctions\arm_iir_lattice_init_q15.o
LOAD Libraries\CMSIS\Source\FilteringFunctions\arm_iir_lattice_init_f32.o
LOAD Libraries\CMSIS\Source\FilteringFunctions\arm_iir_lattice_f32.o
LOAD Libraries\CMSIS\Source\FilteringFunctions\arm_fir_sparse_q7.o
LOAD Libraries\CMSIS\Source\FilteringFunctions\arm_fir_sparse_q31.o
LOAD Libraries\CMSIS\Source\FilteringFunctions\arm_fir_sparse_q15.o
LOAD Libraries\CMSIS\Source\FilteringFunctions\arm_fir_sparse_init_q7.o
LOAD Libraries\CMSIS\Source\FilteringFunctions\arm_fir_sparse_init_q31.o
LOAD Libraries\CMSIS\Source\FilteringFunctions\arm_fir_sparse_init_q15.o
LOAD Libraries\CMSIS\Source\FilteringFunctions\arm_fir_sparse_init_f32.o
LOAD Libraries\CMSIS\Source\FilteringFunctions\arm_fir_sparse_f32.o
LOAD Libraries\CMSIS\Source\FilteringFunctions\arm_fir_q7.o
LOAD Libraries\CMSIS\Source\FilteringFunctions\arm_fir_q31.o
LOAD Libraries\CMSIS\Source\FilteringFunctions\arm_fir_q15.o
LOAD Libraries\CMSIS\Source\FilteringFunctions\arm_fir_lattice_q31.o
LOAD Libraries\CMSIS\Source\FilteringFunctions\arm_fir_lattice_q15.o
LOAD Libraries\CMSIS\Source\FilteringFunctions\arm_fir_lattice_init_q31.o
LOAD Libraries\CMSIS\Source\FilteringFunctions\arm_fir_lattice_init_q15.o
LOAD Libraries\CMSIS\Source\FilteringFunctions\arm_fir_lattice_init_f32.o
LOAD Libraries\CMSIS\Source\FilteringFunctions\arm_fir_lattice_f32.o
LOAD Libraries\CMSIS\Source\FilteringFunctions\arm_fir_interpolate_q31.o
LOAD Libraries\CMSIS\Source\FilteringFunctions\arm_fir_interpolate_q15.o
LOAD Libraries\CMSIS\Source\FilteringFunctions\arm_fir_interpolate_init_q31.o
LOAD Libraries\CMSIS\Source\FilteringFunctions\arm_fir_interpolate_init_q15.o
LOAD Libraries\CMSIS\Source\FilteringFunctions\arm_fir_interpolate_init_f32.o
LOAD Libraries\CMSIS\Source\FilteringFunctions\arm_fir_interpolate_f32.o
LOAD Libraries\CMSIS\Source\FilteringFunctions\arm_fir_init_q7.o
LOAD Libraries\CMSIS\Source\FilteringFunctions\arm_fir_init_q31.o
LOAD Libraries\CMSIS\Source\FilteringFunctions\arm_fir_init_q15.o
LOAD Libraries\CMSIS\Source\FilteringFunctions\arm_fir_init_f32.o
LOAD Libraries\CMSIS\Source\FilteringFunctions\arm_fir_fast_q31.o
LOAD Libraries\CMSIS\Source\FilteringFunctions\arm_fir_fast_q15.o
LOAD Libraries\CMSIS\Source\FilteringFunctions\arm_fir_f32.o
LOAD Libraries\CMSIS\Source\FilteringFunctions\arm_fir_decimate_q31.o
LOAD Libraries\CMSIS\Source\FilteringFunctions\arm_fir_decimate_q15.o
LOAD Libraries\CMSIS\Source\FilteringFunctions\arm_fir_decimate_init_q31.o
LOAD Libraries\CMSIS\Source\FilteringFunctions\arm_fir_decimate_init_q15.o
LOAD Libraries\CMSIS\Source\FilteringFunctions\arm_fir_decimate_init_f32.o
LOAD Libraries\CMSIS\Source\FilteringFunctions\arm_fir_decimate_fast_q31.o
LOAD Libraries\CMSIS\Source\FilteringFunctions\arm_fir_decimate_fast_q15.o
LOAD Libraries\CMSIS\Source\FilteringFunctions\arm_fir_decimate_f32.o
LOAD Libraries\CMSIS\Source\FilteringFunctions\arm_correlate_q7.o
LOAD Libraries\CMSIS\Source\FilteringFunctions\arm_correlate_q31.o
LOAD Libraries\CMSIS\Source\FilteringFunctions\arm_correlate_q15.o
LOAD Libraries\CMSIS\Source\FilteringFunctions\arm_correlate_opt_q7.o
LOAD Libraries\CMSIS\Source\FilteringFunctions\arm_correlate_opt_q15.o
LOAD Libraries\CMSIS\Source\FilteringFunctions\arm_correlate_fast_q31.o
LOAD Libraries\CMSIS\Source\FilteringFunctions\arm_correlate_fast_q15.o
LOAD Libraries\CMSIS\Source\FilteringFunctions\arm_correlate_fast_opt_q15.o
LOAD Libraries\CMSIS\Source\FilteringFunctions\arm_correlate_f32.o
LOAD Libraries\CMSIS\Source\FilteringFunctions\arm_conv_q7.o
LOAD Libraries\CMSIS\Source\FilteringFunctions\arm_conv_q31.o
LOAD Libraries\CMSIS\Source\FilteringFunctions\arm_conv_q15.o
LOAD Libraries\CMSIS\Source\FilteringFunctions\arm_conv_partial_q7.o
LOAD Libraries\CMSIS\Source\FilteringFunctions\arm_conv_partial_q31.o
LOAD Libraries\CMSIS\Source\FilteringFunctions\arm_conv_partial_q15.o
LOAD Libraries\CMSIS\Source\FilteringFunctions\arm_conv_partial_opt_q7.o
LOAD Libraries\CMSIS\Source\FilteringFunctions\arm_conv_partial_opt_q15.o
LOAD Libraries\CMSIS\Source\FilteringFunctions\arm_conv_partial_fast_q31.o
LOAD Libraries\CMSIS\Source\FilteringFunctions\arm_conv_partial_fast_q15.o
LOAD Libraries\CMSIS\Source\FilteringFunctions\arm_conv_partial_fast_opt_q15.o
LOAD Libraries\CMSIS\Source\FilteringFunctions\arm_conv_partial_f32.o
LOAD Libraries\CMSIS\Source\FilteringFunctions\arm_conv_opt_q7.o
LOAD Libraries\CMSIS\Source\FilteringFunctions\arm_conv_opt_q15.o
LOAD Libraries\CMSIS\Source\FilteringFunctions\arm_conv_fast_q31.o
LOAD Libraries\CMSIS\Source\FilteringFunctions\arm_conv_fast_q15.o
LOAD Libraries\CMSIS\Source\FilteringFunctions\arm_conv_fast_opt_q15.o
LOAD Libraries\CMSIS\Source\FilteringFunctions\arm_conv_f32.o
LOAD Libraries\CMSIS\Source\FilteringFunctions\arm_biquad_cascade_stereo_df2T_init_f32.o
LOAD Libraries\CMSIS\Source\FilteringFunctions\arm_biquad_cascade_stereo_df2T_f32.o
LOAD Libraries\CMSIS\Source\FilteringFunctions\arm_biquad_cascade_df2T_init_f64.o
LOAD Libraries\CMSIS\Source\FilteringFunctions\arm_biquad_cascade_df2T_init_f32.o
LOAD Libraries\CMSIS\Source\FilteringFunctions\arm_biquad_cascade_df2T_f64.o
LOAD Libraries\CMSIS\Source\FilteringFunctions\arm_biquad_cascade_df2T_f32.o
LOAD Libraries\CMSIS\Source\FilteringFunctions\arm_biquad_cascade_df1_q31.o
LOAD Libraries\CMSIS\Source\FilteringFunctions\arm_biquad_cascade_df1_q15.o
LOAD Libraries\CMSIS\Source\FilteringFunctions\arm_biquad_cascade_df1_init_q31.o
LOAD Libraries\CMSIS\Source\FilteringFunctions\arm_biquad_cascade_df1_init_q15.o
LOAD Libraries\CMSIS\Source\FilteringFunctions\arm_biquad_cascade_df1_init_f32.o
LOAD Libraries\CMSIS\Source\FilteringFunctions\arm_biquad_cascade_df1_fast_q31.o
LOAD Libraries\CMSIS\Source\FilteringFunctions\arm_biquad_cascade_df1_fast_q15.o
LOAD Libraries\CMSIS\Source\FilteringFunctions\arm_biquad_cascade_df1_f32.o
LOAD Libraries\CMSIS\Source\FilteringFunctions\arm_biquad_cascade_df1_32x64_q31.o
LOAD Libraries\CMSIS\Source\FilteringFunctions\arm_biquad_cascade_df1_32x64_init_q31.o
LOAD Libraries\CMSIS\Source\FastMathFunctions\arm_sqrt_q31.o
LOAD Libraries\CMSIS\Source\FastMathFunctions\arm_sqrt_q15.o
LOAD Libraries\CMSIS\Source\FastMathFunctions\arm_sin_q31.o
LOAD Libraries\CMSIS\Source\FastMathFunctions\arm_sin_q15.o
LOAD Libraries\CMSIS\Source\FastMathFunctions\arm_sin_f32.o
LOAD Libraries\CMSIS\Source\FastMathFunctions\arm_cos_q31.o
LOAD Libraries\CMSIS\Source\FastMathFunctions\arm_cos_q15.o
LOAD Libraries\CMSIS\Source\FastMathFunctions\arm_cos_f32.o
LOAD Libraries\CMSIS\Source\ControllerFunctions\arm_sin_cos_q31.o
LOAD Libraries\CMSIS\Source\ControllerFunctions\arm_sin_cos_f32.o
LOAD Libraries\CMSIS\Source\ControllerFunctions\arm_pid_reset_q31.o
LOAD Libraries\CMSIS\Source\ControllerFunctions\arm_pid_reset_q15.o
LOAD Libraries\CMSIS\Source\ControllerFunctions\arm_pid_reset_f32.o
LOAD Libraries\CMSIS\Source\ControllerFunctions\arm_pid_init_q31.o
LOAD Libraries\CMSIS\Source\ControllerFunctions\arm_pid_init_q15.o
LOAD Libraries\CMSIS\Source\ControllerFunctions\arm_pid_init_f32.o
LOAD Libraries\CMSIS\Source\ComplexMathFunctions\arm_cmplx_mult_real_q31.o
LOAD Libraries\CMSIS\Source\ComplexMathFunctions\arm_cmplx_mult_real_q15.o
LOAD Libraries\CMSIS\Source\ComplexMathFunctions\arm_cmplx_mult_real_f32.o
LOAD Libraries\CMSIS\Source\ComplexMathFunctions\arm_cmplx_mult_cmplx_q31.o
LOAD Libraries\CMSIS\Source\ComplexMathFunctions\arm_cmplx_mult_cmplx_q15.o
LOAD Libraries\CMSIS\Source\ComplexMathFunctions\arm_cmplx_mult_cmplx_f32.o
LOAD Libraries\CMSIS\Source\ComplexMathFunctions\arm_cmplx_mag_squared_q31.o
LOAD Libraries\CMSIS\Source\ComplexMathFunctions\arm_cmplx_mag_squared_q15.o
LOAD Libraries\CMSIS\Source\ComplexMathFunctions\arm_cmplx_mag_squared_f32.o
LOAD Libraries\CMSIS\Source\ComplexMathFunctions\arm_cmplx_mag_q31.o
LOAD Libraries\CMSIS\Source\ComplexMathFunctions\arm_cmplx_mag_q15.o
LOAD Libraries\CMSIS\Source\ComplexMathFunctions\arm_cmplx_mag_f32.o
LOAD Libraries\CMSIS\Source\ComplexMathFunctions\arm_cmplx_dot_prod_q31.o
LOAD Libraries\CMSIS\Source\ComplexMathFunctions\arm_cmplx_dot_prod_q15.o
LOAD Libraries\CMSIS\Source\ComplexMathFunctions\arm_cmplx_dot_prod_f32.o
LOAD Libraries\CMSIS\Source\ComplexMathFunctions\arm_cmplx_conj_q31.o
LOAD Libraries\CMSIS\Source\ComplexMathFunctions\arm_cmplx_conj_q15.o
LOAD Libraries\CMSIS\Source\ComplexMathFunctions\arm_cmplx_conj_f32.o
LOAD Libraries\CMSIS\Source\CommonTables\arm_const_structs.o
LOAD Libraries\CMSIS\Source\CommonTables\arm_common_tables.o
LOAD Libraries\CMSIS\Source\BasicMathFunctions\arm_sub_q7.o
LOAD Libraries\CMSIS\Source\BasicMathFunctions\arm_sub_q31.o
LOAD Libraries\CMSIS\Source\BasicMathFunctions\arm_sub_q15.o
LOAD Libraries\CMSIS\Source\BasicMathFunctions\arm_sub_f32.o
LOAD Libraries\CMSIS\Source\BasicMathFunctions\arm_shift_q7.o
LOAD Libraries\CMSIS\Source\BasicMathFunctions\arm_shift_q31.o
LOAD Libraries\CMSIS\Source\BasicMathFunctions\arm_shift_q15.o
LOAD Libraries\CMSIS\Source\BasicMathFunctions\arm_scale_q7.o
LOAD Libraries\CMSIS\Source\BasicMathFunctions\arm_scale_q31.o
LOAD Libraries\CMSIS\Source\BasicMathFunctions\arm_scale_q15.o
LOAD Libraries\CMSIS\Source\BasicMathFunctions\arm_scale_f32.o
LOAD Libraries\CMSIS\Source\BasicMathFunctions\arm_offset_q7.o
LOAD Libraries\CMSIS\Source\BasicMathFunctions\arm_offset_q31.o
LOAD Libraries\CMSIS\Source\BasicMathFunctions\arm_offset_q15.o
LOAD Libraries\CMSIS\Source\BasicMathFunctions\arm_offset_f32.o
LOAD Libraries\CMSIS\Source\BasicMathFunctions\arm_negate_q7.o
LOAD Libraries\CMSIS\Source\BasicMathFunctions\arm_negate_q31.o
LOAD Libraries\CMSIS\Source\BasicMathFunctions\arm_negate_q15.o
LOAD Libraries\CMSIS\Source\BasicMathFunctions\arm_negate_f32.o
LOAD Libraries\CMSIS\Source\BasicMathFunctions\arm_mult_q7.o
LOAD Libraries\CMSIS\Source\BasicMathFunctions\arm_mult_q31.o
LOAD Libraries\CMSIS\Source\BasicMathFunctions\arm_mult_q15.o
LOAD Libraries\CMSIS\Source\BasicMathFunctions\arm_mult_f32.o
LOAD Libraries\CMSIS\Source\BasicMathFunctions\arm_dot_prod_q7.o
LOAD Libraries\CMSIS\Source\BasicMathFunctions\arm_dot_prod_q31.o
LOAD Libraries\CMSIS\Source\BasicMathFunctions\arm_dot_prod_q15.o
LOAD Libraries\CMSIS\Source\BasicMathFunctions\arm_dot_prod_f32.o
LOAD Libraries\CMSIS\Source\BasicMathFunctions\arm_add_q7.o
LOAD Libraries\CMSIS\Source\BasicMathFunctions\arm_add_q31.o
LOAD Libraries\CMSIS\Source\BasicMathFunctions\arm_add_q15.o
LOAD Libraries\CMSIS\Source\BasicMathFunctions\arm_add_f32.o
LOAD Libraries\CMSIS\Source\BasicMathFunctions\arm_abs_q7.o
LOAD Libraries\CMSIS\Source\BasicMathFunctions\arm_abs_q31.o
LOAD Libraries\CMSIS\Source\BasicMathFunctions\arm_abs_q15.o
LOAD Libraries\CMSIS\Source\BasicMathFunctions\arm_abs_f32.o
LOAD Libraries\CMSIS\Include\USART_STM32F4xx.o
START GROUP
LOAD c:/program files (x86)/atollic/truestudio for arm 5.4.0/armtools/bin/../lib/gcc/arm-atollic-eabi/4.8.3/../../../../arm-atollic-eabi/lib/armv7e-m/fpu\libc_s.a
LOAD c:/program files (x86)/atollic/truestudio for arm 5.4.0/armtools/bin/../lib/gcc/arm-atollic-eabi/4.8.3/../../../../arm-atollic-eabi/lib/armv7e-m/fpu\libm.a
END GROUP
                0x00001000                malloc_getpagesize_P = 0x1000
START GROUP
LOAD c:/program files (x86)/atollic/truestudio for arm 5.4.0/armtools/bin/../lib/gcc/arm-atollic-eabi/4.8.3/armv7e-m/fpu\libgcc.a
LOAD c:/program files (x86)/atollic/truestudio for arm 5.4.0/armtools/bin/../lib/gcc/arm-atollic-eabi/4.8.3/../../../../arm-atollic-eabi/lib/armv7e-m/fpu\libc.a
END GROUP
LOAD c:/program files (x86)/atollic/truestudio for arm 5.4.0/armtools/bin/../lib/gcc/arm-atollic-eabi/4.8.3/armv7e-m/fpu/crtend.o
LOAD c:/program files (x86)/atollic/truestudio for arm 5.4.0/armtools/bin/../lib/gcc/arm-atollic-eabi/4.8.3/armv7e-m/fpu/crtn.o
                0x20020000                _estack = 0x20020000
                0x00000000                _Min_Heap_Size = 0x0
                0x00000400                _Min_Stack_Size = 0x400

.isr_vector     0x08000000      0x188
                0x08000000                . = ALIGN (0x4)
 *(.isr_vector)
 .isr_vector    0x08000000      0x188 src\startup_stm32f40xx.o
                0x08000000                g_pfnVectors
                0x08000188                . = ALIGN (0x4)

.text           0x08000188     0x7ad4
                0x08000188                . = ALIGN (0x4)
 *(.text)
 .text          0x08000188       0x40 c:/program files (x86)/atollic/truestudio for arm 5.4.0/armtools/bin/../lib/gcc/arm-atollic-eabi/4.8.3/armv7e-m/fpu/crtbegin.o
 *(.text*)
 .text.ts_itoa  0x080001c8       0x90 src\tiny_printf.o
                0x080001c8                ts_itoa
 .text.ts_formatstring
                0x08000258      0x134 src\tiny_printf.o
                0x08000258                ts_formatstring
 .text.ts_formatlength
                0x0800038c      0x12c src\tiny_printf.o
                0x0800038c                ts_formatlength
 .text.iprintf  0x080004b8       0x94 src\tiny_printf.o
                0x080004b8                iprintf
                0x080004b8                printf
 .text.puts     0x0800054c       0x58 src\tiny_printf.o
                0x0800054c                puts
 .text.SystemInit
                0x080005a4       0x68 src\system_stm32f4xx.o
                0x080005a4                SystemInit
 .text.SetSysClock
                0x0800060c       0xf8 src\system_stm32f4xx.o
 .text.NMI_Handler
                0x08000704        0xc src\stm32f4xx_it.o
                0x08000704                NMI_Handler
 .text.HardFault_Handler
                0x08000710        0x8 src\stm32f4xx_it.o
                0x08000710                HardFault_Handler
 .text.MemManage_Handler
                0x08000718        0x8 src\stm32f4xx_it.o
                0x08000718                MemManage_Handler
 .text.BusFault_Handler
                0x08000720        0x8 src\stm32f4xx_it.o
                0x08000720                BusFault_Handler
 .text.UsageFault_Handler
                0x08000728        0x8 src\stm32f4xx_it.o
                0x08000728                UsageFault_Handler
 .text.SVC_Handler
                0x08000730        0xc src\stm32f4xx_it.o
                0x08000730                SVC_Handler
 .text.DebugMon_Handler
                0x0800073c        0xc src\stm32f4xx_it.o
                0x0800073c                DebugMon_Handler
 .text.PendSV_Handler
                0x08000748        0xc src\stm32f4xx_it.o
                0x08000748                PendSV_Handler
 .text.SysTick_Handler
                0x08000754        0xc src\stm32f4xx_it.o
                0x08000754                SysTick_Handler
 .text.HAL_MspInit
                0x08000760        0xc src\stm32f4xx_hal_msp.o
                0x08000760                HAL_MspInit
 .text.buildCommand
                0x0800076c      0x138 src\stdout_USART.o
                0x0800076c                buildCommand
 .text.sendCommand
                0x080008a4       0x8c src\stdout_USART.o
                0x080008a4                sendCommand
 .text.myUSART_callback
                0x08000930      0x138 src\stdout_USART.o
                0x08000930                myUSART_callback
 .text.sendCode
                0x08000a68      0x194 src\stdout_USART.o
                0x08000a68                sendCode
 .text.startRecording
                0x08000bfc       0x70 src\stdout_USART.o
                0x08000bfc                startRecording
 .text.stopRecordingAll
                0x08000c6c       0x18 src\stdout_USART.o
                0x08000c6c                stopRecordingAll
 .text.stopRecording
                0x08000c84       0x80 src\stdout_USART.o
                0x08000c84                stopRecording
 .text.changeValue
                0x08000d04      0x178 src\stdout_USART.o
                0x08000d04                changeValue
 .text.kommuHandler
                0x08000e7c      0x1f4 src\stdout_USART.o
                0x08000e7c                kommuHandler
 .text.startRec
                0x08001070       0x2c src\stdout_USART.o
                0x08001070                startRec
 .text.std_init
                0x0800109c       0x84 src\stdout_USART.o
                0x0800109c                std_init
 .text.stdout_putchar
                0x08001120       0x44 src\stdout_USART.o
                0x08001120                stdout_putchar
 .text.helperBufferToInt
                0x08001164       0x24 src\stdout_USART.o
                0x08001164                helperBufferToInt
 .text.helperIntToBuffer
                0x08001188       0x40 src\stdout_USART.o
                0x08001188                helperIntToBuffer
 .text.helperShortToBuffer
                0x080011c8       0x2c src\stdout_USART.o
                0x080011c8                helperShortToBuffer
 .text.Reset_Handler
                0x080011f4       0x58 src\startup_stm32f40xx.o
                0x080011f4                Reset_Handler
 .text.Default_Handler
                0x0800124c        0x4 src\startup_stm32f40xx.o
                0x0800124c                RTC_Alarm_IRQHandler
                0x0800124c                HASH_RNG_IRQHandler
                0x0800124c                EXTI2_IRQHandler
                0x0800124c                TIM8_CC_IRQHandler
                0x0800124c                DMA2_Stream5_IRQHandler
                0x0800124c                PVD_IRQHandler
                0x0800124c                SDIO_IRQHandler
                0x0800124c                TAMP_STAMP_IRQHandler
                0x0800124c                CAN2_RX1_IRQHandler
                0x0800124c                TIM8_TRG_COM_TIM14_IRQHandler
                0x0800124c                TIM1_UP_TIM10_IRQHandler
                0x0800124c                TIM8_UP_TIM13_IRQHandler
                0x0800124c                I2C3_ER_IRQHandler
                0x0800124c                EXTI0_IRQHandler
                0x0800124c                I2C2_EV_IRQHandler
                0x0800124c                DMA1_Stream2_IRQHandler
                0x0800124c                CAN1_RX0_IRQHandler
                0x0800124c                FPU_IRQHandler
                0x0800124c                OTG_HS_WKUP_IRQHandler
                0x0800124c                CAN2_SCE_IRQHandler
                0x0800124c                DMA2_Stream2_IRQHandler
                0x0800124c                SPI1_IRQHandler
                0x0800124c                TIM6_DAC_IRQHandler
                0x0800124c                TIM1_BRK_TIM9_IRQHandler
                0x0800124c                DCMI_IRQHandler
                0x0800124c                CAN2_RX0_IRQHandler
                0x0800124c                DMA2_Stream3_IRQHandler
                0x0800124c                USART6_IRQHandler
                0x0800124c                CRYP_IRQHandler
                0x0800124c                CAN1_RX1_IRQHandler
                0x0800124c                UART5_IRQHandler
                0x0800124c                DMA2_Stream0_IRQHandler
                0x0800124c                TIM4_IRQHandler
                0x0800124c                DMA1_Stream1_IRQHandler
                0x0800124c                UART4_IRQHandler
                0x0800124c                TIM3_IRQHandler
                0x0800124c                RCC_IRQHandler
                0x0800124c                TIM8_BRK_TIM12_IRQHandler
                0x0800124c                Default_Handler
                0x0800124c                EXTI15_10_IRQHandler
                0x0800124c                ADC_IRQHandler
                0x0800124c                DMA1_Stream7_IRQHandler
                0x0800124c                TIM7_IRQHandler
                0x0800124c                CAN2_TX_IRQHandler
                0x0800124c                TIM5_IRQHandler
                0x0800124c                DMA2_Stream7_IRQHandler
                0x0800124c                I2C3_EV_IRQHandler
                0x0800124c                EXTI9_5_IRQHandler
                0x0800124c                RTC_WKUP_IRQHandler
                0x0800124c                ETH_WKUP_IRQHandler
                0x0800124c                SPI2_IRQHandler
                0x0800124c                OTG_HS_EP1_IN_IRQHandler
                0x0800124c                DMA1_Stream0_IRQHandler
                0x0800124c                CAN1_TX_IRQHandler
                0x0800124c                EXTI4_IRQHandler
                0x0800124c                FSMC_IRQHandler
                0x0800124c                ETH_IRQHandler
                0x0800124c                OTG_HS_EP1_OUT_IRQHandler
                0x0800124c                WWDG_IRQHandler
                0x0800124c                TIM2_IRQHandler
                0x0800124c                OTG_FS_WKUP_IRQHandler
                0x0800124c                TIM1_TRG_COM_TIM11_IRQHandler
                0x0800124c                OTG_HS_IRQHandler
                0x0800124c                EXTI1_IRQHandler
                0x0800124c                USART2_IRQHandler
                0x0800124c                I2C2_ER_IRQHandler
                0x0800124c                DMA2_Stream1_IRQHandler
                0x0800124c                CAN1_SCE_IRQHandler
                0x0800124c                FLASH_IRQHandler
                0x0800124c                DMA2_Stream4_IRQHandler
                0x0800124c                USART1_IRQHandler
                0x0800124c                OTG_FS_IRQHandler
                0x0800124c                SPI3_IRQHandler
                0x0800124c                DMA1_Stream4_IRQHandler
                0x0800124c                DMA2_Stream6_IRQHandler
                0x0800124c                DMA1_Stream3_IRQHandler
 .text.main     0x08001250       0x30 src\main.o
                0x08001250                main
 .text.main_init
                0x08001280      0x188 src\main.o
 .text.main_loop
                0x08001408       0xac src\main.o
 .text.callback_MPU6050
                0x080014b4       0x48 src\main.o
                0x080014b4                callback_MPU6050
 .text.callback_PWMOut
                0x080014fc       0xc8 src\main.o
                0x080014fc                callback_PWMOut
 .text.Error_Handler
                0x080015c4        0x8 src\main.o
 .text.HAL_InitTick
                0x080015cc       0x3c src\globals.o
                0x080015cc                HAL_InitTick
 .text.HAL_IncTick
                0x08001608       0x34 src\globals.o
                0x08001608                HAL_IncTick
 .text.HAL_GetTick
                0x0800163c       0x18 src\globals.o
                0x0800163c                HAL_GetTick
 .text.HAL_GetTick10u
                0x08001654       0x18 src\globals.o
                0x08001654                HAL_GetTick10u
 .text.HAL_Delay
                0x0800166c       0x2c src\globals.o
                0x0800166c                HAL_Delay
 .text.pwm_init
                0x08001698       0xb8 src\PWM.o
                0x08001698                pwm_init
 .text.pwm_set_pulsewidth
                0x08001750       0x58 src\PWM.o
                0x08001750                pwm_set_pulsewidth
 .text.bldc_set_power
                0x080017a8       0x38 src\PWM.o
                0x080017a8                bldc_set_power
 .text.HAL_TIM_PWM_MspInit
                0x080017e0       0x78 src\PWM.o
                0x080017e0                HAL_TIM_PWM_MspInit
 .text.TIM1_CC_IRQHandler
                0x08001858       0x10 src\PWM.o
                0x08001858                TIM1_CC_IRQHandler
 .text.HAL_TIM_PWM_PulseFinishedCallback
                0x08001868       0x14 src\PWM.o
                0x08001868                HAL_TIM_PWM_PulseFinishedCallback
 .text.pid_init
                0x0800187c       0x44 src\PID.o
                0x0800187c                pid_init
 .text.pi_run   0x080018c0       0xa4 src\PID.o
                0x080018c0                pi_run
 .text.pid_run_use_gyro
                0x08001964       0x44 src\PID.o
                0x08001964                pid_run_use_gyro
 .text.initKalman
                0x080019a8       0x60 src\Kalman.o
                0x080019a8                initKalman
 .text.kalmanSetAngle
                0x08001a08       0x1c src\Kalman.o
                0x08001a08                kalmanSetAngle
 .text.kalman2GetAngle
                0x08001a24      0x21c src\Kalman.o
                0x08001a24                kalman2GetAngle
 .text.HAL_I2C_MspInit
                0x08001c40      0x1f4 src\I2C_Treiber.o
                0x08001c40                HAL_I2C_MspInit
 .text.initMPU  0x08001e34       0xa8 src\I2C_Treiber.o
                0x08001e34                initMPU
 .text.Initial_MPU6050
                0x08001edc       0x8c src\I2C_Treiber.o
                0x08001edc                Initial_MPU6050
 .text.MPU6050_GetRawAccelGyro
                0x08001f68       0xf4 src\I2C_Treiber.o
                0x08001f68                MPU6050_GetRawAccelGyro
 .text.SCCB_Read
                0x0800205c       0x70 src\I2C_Treiber.o
                0x0800205c                SCCB_Read
 .text.MPU6050_WriteBits
                0x080020cc       0xa8 src\I2C_Treiber.o
                0x080020cc                MPU6050_WriteBits
 .text.MPU6050_WriteBit
                0x08002174       0x94 src\I2C_Treiber.o
                0x08002174                MPU6050_WriteBit
 .text.DMA1_Stream5_IRQHandler
                0x08002208       0x14 src\I2C_Treiber.o
                0x08002208                DMA1_Stream5_IRQHandler
 .text.DMA1_Stream6_IRQHandler
                0x0800221c       0x14 src\I2C_Treiber.o
                0x0800221c                DMA1_Stream6_IRQHandler
 .text.I2C1_EV_IRQHandler
                0x08002230       0x10 src\I2C_Treiber.o
                0x08002230                I2C1_EV_IRQHandler
 .text.I2C1_ER_IRQHandler
                0x08002240       0x10 src\I2C_Treiber.o
                0x08002240                I2C1_ER_IRQHandler
 .text.EXTI3_IRQHandler
                0x08002250        0xc src\I2C_Treiber.o
                0x08002250                EXTI3_IRQHandler
 .text.filterMain
                0x0800225c      0x240 src\Daten_Filter.o
                0x0800225c                filterMain
 .text.Get_angle_from_accle
                0x0800249c       0x70 src\Daten_Filter.o
                0x0800249c                Get_angle_from_accle
 .text.Get_angle_from_comple
                0x0800250c       0xf8 src\Daten_Filter.o
                0x0800250c                Get_angle_from_comple
 .text.Get_angle_from_Kalman
                0x08002604       0xa4 src\Daten_Filter.o
                0x08002604                Get_angle_from_Kalman
 .text.Get_Gyro_Offset_Start
                0x080026a8       0x28 src\Daten_Filter.o
                0x080026a8                Get_Gyro_Offset_Start
 .text.Get_Gyro_Offset_Stopp
                0x080026d0       0x2c src\Daten_Filter.o
                0x080026d0                Get_Gyro_Offset_Stopp
 .text.getFastXYAngle
                0x080026fc      0x148 src\Daten_Filter.o
                0x080026fc                getFastXYAngle
 .text.HAL_TIMEx_CommutationCallback
                0x08002844       0x14 Libraries\STM32F4xx_HAL_Driver\Src\stm32f4xx_hal_tim_ex.o
                0x08002844                HAL_TIMEx_CommutationCallback
 .text.HAL_TIMEx_BreakCallback
                0x08002858       0x14 Libraries\STM32F4xx_HAL_Driver\Src\stm32f4xx_hal_tim_ex.o
                0x08002858                HAL_TIMEx_BreakCallback
 .text.HAL_TIM_PWM_Init
                0x0800286c       0x58 Libraries\STM32F4xx_HAL_Driver\Src\stm32f4xx_hal_tim.o
                0x0800286c                HAL_TIM_PWM_Init
 .text.HAL_TIM_PWM_Start_IT
                0x080028c4       0xf4 Libraries\STM32F4xx_HAL_Driver\Src\stm32f4xx_hal_tim.o
                0x080028c4                HAL_TIM_PWM_Start_IT
 .text.HAL_TIM_IRQHandler
                0x080029b8      0x210 Libraries\STM32F4xx_HAL_Driver\Src\stm32f4xx_hal_tim.o
                0x080029b8                HAL_TIM_IRQHandler
 .text.HAL_TIM_PWM_ConfigChannel
                0x08002bc8      0x18c Libraries\STM32F4xx_HAL_Driver\Src\stm32f4xx_hal_tim.o
                0x08002bc8                HAL_TIM_PWM_ConfigChannel
 .text.HAL_TIM_PeriodElapsedCallback
                0x08002d54       0x14 Libraries\STM32F4xx_HAL_Driver\Src\stm32f4xx_hal_tim.o
                0x08002d54                HAL_TIM_PeriodElapsedCallback
 .text.HAL_TIM_OC_DelayElapsedCallback
                0x08002d68       0x14 Libraries\STM32F4xx_HAL_Driver\Src\stm32f4xx_hal_tim.o
                0x08002d68                HAL_TIM_OC_DelayElapsedCallback
 .text.HAL_TIM_IC_CaptureCallback
                0x08002d7c       0x14 Libraries\STM32F4xx_HAL_Driver\Src\stm32f4xx_hal_tim.o
                0x08002d7c                HAL_TIM_IC_CaptureCallback
 .text.HAL_TIM_TriggerCallback
                0x08002d90       0x14 Libraries\STM32F4xx_HAL_Driver\Src\stm32f4xx_hal_tim.o
                0x08002d90                HAL_TIM_TriggerCallback
 .text.TIM_Base_SetConfig
                0x08002da4      0x150 Libraries\STM32F4xx_HAL_Driver\Src\stm32f4xx_hal_tim.o
                0x08002da4                TIM_Base_SetConfig
 .text.TIM_OC2_SetConfig
                0x08002ef4       0xf0 Libraries\STM32F4xx_HAL_Driver\Src\stm32f4xx_hal_tim.o
                0x08002ef4                TIM_OC2_SetConfig
 .text.TIM_CCxChannelCmd
                0x08002fe4       0x44 Libraries\STM32F4xx_HAL_Driver\Src\stm32f4xx_hal_tim.o
                0x08002fe4                TIM_CCxChannelCmd
 .text.TIM_OC1_SetConfig
                0x08003028       0xe4 Libraries\STM32F4xx_HAL_Driver\Src\stm32f4xx_hal_tim.o
 .text.TIM_OC3_SetConfig
                0x0800310c       0xec Libraries\STM32F4xx_HAL_Driver\Src\stm32f4xx_hal_tim.o
 .text.TIM_OC4_SetConfig
                0x080031f8       0xc0 Libraries\STM32F4xx_HAL_Driver\Src\stm32f4xx_hal_tim.o
 .text.HAL_RCC_GetSysClockFreq
                0x080032b8       0xfc Libraries\STM32F4xx_HAL_Driver\Src\stm32f4xx_hal_rcc.o
                0x080032b8                HAL_RCC_GetSysClockFreq
 .text.HAL_RCC_GetHCLKFreq
                0x080033b4       0x4c Libraries\STM32F4xx_HAL_Driver\Src\stm32f4xx_hal_rcc.o
                0x080033b4                HAL_RCC_GetHCLKFreq
 .text.HAL_RCC_GetPCLK1Freq
                0x08003400       0x44 Libraries\STM32F4xx_HAL_Driver\Src\stm32f4xx_hal_rcc.o
                0x08003400                HAL_RCC_GetPCLK1Freq
 .text.HAL_I2C_Init
                0x08003444      0x1b4 Libraries\STM32F4xx_HAL_Driver\Src\stm32f4xx_hal_i2c.o
                0x08003444                HAL_I2C_Init
 .text.HAL_I2C_DeInit
                0x080035f8       0x50 Libraries\STM32F4xx_HAL_Driver\Src\stm32f4xx_hal_i2c.o
                0x080035f8                HAL_I2C_DeInit
 .text.HAL_I2C_MspDeInit
                0x08003648       0x14 Libraries\STM32F4xx_HAL_Driver\Src\stm32f4xx_hal_i2c.o
                0x08003648                HAL_I2C_MspDeInit
 .text.HAL_I2C_Master_Transmit
                0x0800365c      0x164 Libraries\STM32F4xx_HAL_Driver\Src\stm32f4xx_hal_i2c.o
                0x0800365c                HAL_I2C_Master_Transmit
 .text.HAL_I2C_Master_Receive
                0x080037c0      0x2f0 Libraries\STM32F4xx_HAL_Driver\Src\stm32f4xx_hal_i2c.o
                0x080037c0                HAL_I2C_Master_Receive
 .text.HAL_I2C_Mem_Write
                0x08003ab0      0x154 Libraries\STM32F4xx_HAL_Driver\Src\stm32f4xx_hal_i2c.o
                0x08003ab0                HAL_I2C_Mem_Write
 .text.HAL_I2C_Mem_Read
                0x08003c04      0x2e0 Libraries\STM32F4xx_HAL_Driver\Src\stm32f4xx_hal_i2c.o
                0x08003c04                HAL_I2C_Mem_Read
 .text.HAL_I2C_Mem_Read_DMA
                0x08003ee4      0x150 Libraries\STM32F4xx_HAL_Driver\Src\stm32f4xx_hal_i2c.o
                0x08003ee4                HAL_I2C_Mem_Read_DMA
 .text.HAL_I2C_EV_IRQHandler
                0x08004034      0x2e0 Libraries\STM32F4xx_HAL_Driver\Src\stm32f4xx_hal_i2c.o
                0x08004034                HAL_I2C_EV_IRQHandler
 .text.HAL_I2C_ER_IRQHandler
                0x08004314      0x1bc Libraries\STM32F4xx_HAL_Driver\Src\stm32f4xx_hal_i2c.o
                0x08004314                HAL_I2C_ER_IRQHandler
 .text.HAL_I2C_MasterTxCpltCallback
                0x080044d0       0x14 Libraries\STM32F4xx_HAL_Driver\Src\stm32f4xx_hal_i2c.o
                0x080044d0                HAL_I2C_MasterTxCpltCallback
 .text.HAL_I2C_MasterRxCpltCallback
                0x080044e4       0x14 Libraries\STM32F4xx_HAL_Driver\Src\stm32f4xx_hal_i2c.o
                0x080044e4                HAL_I2C_MasterRxCpltCallback
 .text.HAL_I2C_SlaveTxCpltCallback
                0x080044f8       0x14 Libraries\STM32F4xx_HAL_Driver\Src\stm32f4xx_hal_i2c.o
                0x080044f8                HAL_I2C_SlaveTxCpltCallback
 .text.HAL_I2C_SlaveRxCpltCallback
                0x0800450c       0x14 Libraries\STM32F4xx_HAL_Driver\Src\stm32f4xx_hal_i2c.o
                0x0800450c                HAL_I2C_SlaveRxCpltCallback
 .text.HAL_I2C_MemTxCpltCallback
                0x08004520       0x14 Libraries\STM32F4xx_HAL_Driver\Src\stm32f4xx_hal_i2c.o
                0x08004520                HAL_I2C_MemTxCpltCallback
 .text.HAL_I2C_MemRxCpltCallback
                0x08004534       0x14 Libraries\STM32F4xx_HAL_Driver\Src\stm32f4xx_hal_i2c.o
                0x08004534                HAL_I2C_MemRxCpltCallback
 .text.HAL_I2C_ErrorCallback
                0x08004548       0x14 Libraries\STM32F4xx_HAL_Driver\Src\stm32f4xx_hal_i2c.o
                0x08004548                HAL_I2C_ErrorCallback
 .text.HAL_I2C_GetState
                0x0800455c       0x1c Libraries\STM32F4xx_HAL_Driver\Src\stm32f4xx_hal_i2c.o
                0x0800455c                HAL_I2C_GetState
 .text.I2C_MasterTransmit_TXE
                0x08004578       0x50 Libraries\STM32F4xx_HAL_Driver\Src\stm32f4xx_hal_i2c.o
 .text.I2C_MasterTransmit_BTF
                0x080045c8       0x88 Libraries\STM32F4xx_HAL_Driver\Src\stm32f4xx_hal_i2c.o
 .text.I2C_MasterReceive_RXNE
                0x08004650       0xc4 Libraries\STM32F4xx_HAL_Driver\Src\stm32f4xx_hal_i2c.o
 .text.I2C_MasterReceive_BTF
                0x08004714      0x10c Libraries\STM32F4xx_HAL_Driver\Src\stm32f4xx_hal_i2c.o
 .text.I2C_SlaveTransmit_TXE
                0x08004820       0x40 Libraries\STM32F4xx_HAL_Driver\Src\stm32f4xx_hal_i2c.o
 .text.I2C_SlaveTransmit_BTF
                0x08004860       0x40 Libraries\STM32F4xx_HAL_Driver\Src\stm32f4xx_hal_i2c.o
 .text.I2C_SlaveReceive_RXNE
                0x080048a0       0x44 Libraries\STM32F4xx_HAL_Driver\Src\stm32f4xx_hal_i2c.o
 .text.I2C_SlaveReceive_BTF
                0x080048e4       0x44 Libraries\STM32F4xx_HAL_Driver\Src\stm32f4xx_hal_i2c.o
 .text.I2C_Slave_ADDR
                0x08004928       0x28 Libraries\STM32F4xx_HAL_Driver\Src\stm32f4xx_hal_i2c.o
 .text.I2C_Slave_STOPF
                0x08004950       0x5c Libraries\STM32F4xx_HAL_Driver\Src\stm32f4xx_hal_i2c.o
 .text.I2C_Slave_AF
                0x080049ac       0x4c Libraries\STM32F4xx_HAL_Driver\Src\stm32f4xx_hal_i2c.o
 .text.I2C_MasterRequestWrite
                0x080049f8       0xc4 Libraries\STM32F4xx_HAL_Driver\Src\stm32f4xx_hal_i2c.o
 .text.I2C_MasterRequestRead
                0x08004abc      0x144 Libraries\STM32F4xx_HAL_Driver\Src\stm32f4xx_hal_i2c.o
 .text.I2C_RequestMemoryWrite
                0x08004c00       0xe0 Libraries\STM32F4xx_HAL_Driver\Src\stm32f4xx_hal_i2c.o
 .text.I2C_RequestMemoryRead
                0x08004ce0      0x15c Libraries\STM32F4xx_HAL_Driver\Src\stm32f4xx_hal_i2c.o
 .text.I2C_DMAMemReceiveCplt
                0x08004e3c       0x78 Libraries\STM32F4xx_HAL_Driver\Src\stm32f4xx_hal_i2c.o
 .text.I2C_DMAError
                0x08004eb4       0x44 Libraries\STM32F4xx_HAL_Driver\Src\stm32f4xx_hal_i2c.o
 .text.I2C_WaitOnFlagUntilTimeout
                0x08004ef8      0x114 Libraries\STM32F4xx_HAL_Driver\Src\stm32f4xx_hal_i2c.o
 .text.I2C_WaitOnMasterAddressFlagUntilTimeout
                0x0800500c       0xd8 Libraries\STM32F4xx_HAL_Driver\Src\stm32f4xx_hal_i2c.o
 .text.HAL_GPIO_Init
                0x080050e4      0x340 Libraries\STM32F4xx_HAL_Driver\Src\stm32f4xx_hal_gpio.o
                0x080050e4                HAL_GPIO_Init
 .text.HAL_GPIO_DeInit
                0x08005424      0x204 Libraries\STM32F4xx_HAL_Driver\Src\stm32f4xx_hal_gpio.o
                0x08005424                HAL_GPIO_DeInit
 .text.HAL_GPIO_ReadPin
                0x08005628       0x30 Libraries\STM32F4xx_HAL_Driver\Src\stm32f4xx_hal_gpio.o
                0x08005628                HAL_GPIO_ReadPin
 .text.HAL_GPIO_WritePin
                0x08005658       0x30 Libraries\STM32F4xx_HAL_Driver\Src\stm32f4xx_hal_gpio.o
                0x08005658                HAL_GPIO_WritePin
 .text.HAL_GPIO_TogglePin
                0x08005688       0x24 Libraries\STM32F4xx_HAL_Driver\Src\stm32f4xx_hal_gpio.o
                0x08005688                HAL_GPIO_TogglePin
 .text.HAL_GPIO_EXTI_IRQHandler
                0x080056ac       0x30 Libraries\STM32F4xx_HAL_Driver\Src\stm32f4xx_hal_gpio.o
                0x080056ac                HAL_GPIO_EXTI_IRQHandler
 .text.HAL_GPIO_EXTI_Callback
                0x080056dc       0x14 Libraries\STM32F4xx_HAL_Driver\Src\stm32f4xx_hal_gpio.o
                0x080056dc                HAL_GPIO_EXTI_Callback
 .text.HAL_DMA_Init
                0x080056f0       0xd8 Libraries\STM32F4xx_HAL_Driver\Src\stm32f4xx_hal_dma.o
                0x080056f0                HAL_DMA_Init
 .text.HAL_DMA_Start_IT
                0x080057c8       0x84 Libraries\STM32F4xx_HAL_Driver\Src\stm32f4xx_hal_dma.o
                0x080057c8                HAL_DMA_Start_IT
 .text.HAL_DMA_Abort
                0x0800584c       0x7c Libraries\STM32F4xx_HAL_Driver\Src\stm32f4xx_hal_dma.o
                0x0800584c                HAL_DMA_Abort
 .text.HAL_DMA_IRQHandler
                0x080058c8      0x2d8 Libraries\STM32F4xx_HAL_Driver\Src\stm32f4xx_hal_dma.o
                0x080058c8                HAL_DMA_IRQHandler
 .text.DMA_SetConfig
                0x08005ba0       0x5c Libraries\STM32F4xx_HAL_Driver\Src\stm32f4xx_hal_dma.o
 .text.DMA_CalcBaseAndBitshift
                0x08005bfc       0x6c Libraries\STM32F4xx_HAL_Driver\Src\stm32f4xx_hal_dma.o
 .text.NVIC_SetPriorityGrouping
                0x08005c68       0x48 Libraries\STM32F4xx_HAL_Driver\Src\stm32f4xx_hal_cortex.o
 .text.NVIC_GetPriorityGrouping
                0x08005cb0       0x1c Libraries\STM32F4xx_HAL_Driver\Src\stm32f4xx_hal_cortex.o
 .text.NVIC_EnableIRQ
                0x08005ccc       0x30 Libraries\STM32F4xx_HAL_Driver\Src\stm32f4xx_hal_cortex.o
 .text.NVIC_DisableIRQ
                0x08005cfc       0x34 Libraries\STM32F4xx_HAL_Driver\Src\stm32f4xx_hal_cortex.o
 .text.NVIC_ClearPendingIRQ
                0x08005d30       0x34 Libraries\STM32F4xx_HAL_Driver\Src\stm32f4xx_hal_cortex.o
 .text.NVIC_SetPriority
                0x08005d64       0x54 Libraries\STM32F4xx_HAL_Driver\Src\stm32f4xx_hal_cortex.o
 .text.NVIC_EncodePriority
                0x08005db8       0x64 Libraries\STM32F4xx_HAL_Driver\Src\stm32f4xx_hal_cortex.o
 .text.SysTick_Config
                0x08005e1c       0x44 Libraries\STM32F4xx_HAL_Driver\Src\stm32f4xx_hal_cortex.o
 .text.HAL_NVIC_SetPriorityGrouping
                0x08005e60       0x14 Libraries\STM32F4xx_HAL_Driver\Src\stm32f4xx_hal_cortex.o
                0x08005e60                HAL_NVIC_SetPriorityGrouping
 .text.HAL_NVIC_SetPriority
                0x08005e74       0x38 Libraries\STM32F4xx_HAL_Driver\Src\stm32f4xx_hal_cortex.o
                0x08005e74                HAL_NVIC_SetPriority
 .text.HAL_NVIC_EnableIRQ
                0x08005eac       0x1c Libraries\STM32F4xx_HAL_Driver\Src\stm32f4xx_hal_cortex.o
                0x08005eac                HAL_NVIC_EnableIRQ
 .text.HAL_NVIC_DisableIRQ
                0x08005ec8       0x1c Libraries\STM32F4xx_HAL_Driver\Src\stm32f4xx_hal_cortex.o
                0x08005ec8                HAL_NVIC_DisableIRQ
 .text.HAL_SYSTICK_Config
                0x08005ee4       0x18 Libraries\STM32F4xx_HAL_Driver\Src\stm32f4xx_hal_cortex.o
                0x08005ee4                HAL_SYSTICK_Config
 .text.HAL_NVIC_ClearPendingIRQ
                0x08005efc       0x1c Libraries\STM32F4xx_HAL_Driver\Src\stm32f4xx_hal_cortex.o
                0x08005efc                HAL_NVIC_ClearPendingIRQ
 .text.HAL_Init
                0x08005f18       0x44 Libraries\STM32F4xx_HAL_Driver\Src\stm32f4xx_hal.o
                0x08005f18                HAL_Init
 .text.NVIC_EnableIRQ
                0x08005f5c       0x30 Libraries\CMSIS\Include\USART_STM32F4xx.o
 .text.NVIC_ClearPendingIRQ
                0x08005f8c       0x34 Libraries\CMSIS\Include\USART_STM32F4xx.o
 .text.Enable_GPIO_Clock
                0x08005fc0      0x15c Libraries\CMSIS\Include\USART_STM32F4xx.o
 .text.USART_PeripheralReset
                0x0800611c      0x13c Libraries\CMSIS\Include\USART_STM32F4xx.o
 .text.USARTx_GetVersion
                0x08006258       0x2c Libraries\CMSIS\Include\USART_STM32F4xx.o
 .text.USART_GetCapabilities
                0x08006284       0x18 Libraries\CMSIS\Include\USART_STM32F4xx.o
 .text.USART_Initialize
                0x0800629c       0xe4 Libraries\CMSIS\Include\USART_STM32F4xx.o
 .text.USART_Uninitialize
                0x08006380       0xa8 Libraries\CMSIS\Include\USART_STM32F4xx.o
 .text.USART_PowerControl
                0x08006428      0x2cc Libraries\CMSIS\Include\USART_STM32F4xx.o
 .text.USART_Send
                0x080066f4       0xbc Libraries\CMSIS\Include\USART_STM32F4xx.o
 .text.USART_Receive
                0x080067b0       0xe8 Libraries\CMSIS\Include\USART_STM32F4xx.o
 .text.USART_Transfer
                0x08006898       0x88 Libraries\CMSIS\Include\USART_STM32F4xx.o
 .text.USART_GetTxCount
                0x08006920       0x1c Libraries\CMSIS\Include\USART_STM32F4xx.o
 .text.USART_GetRxCount
                0x0800693c       0x1c Libraries\CMSIS\Include\USART_STM32F4xx.o
 .text.USART_Control
                0x08006958      0xbcc Libraries\CMSIS\Include\USART_STM32F4xx.o
 .text.USART_GetStatus
                0x08007524       0xc8 Libraries\CMSIS\Include\USART_STM32F4xx.o
 .text.USART_SetModemControl
                0x080075ec       0x90 Libraries\CMSIS\Include\USART_STM32F4xx.o
 .text.USART_GetModemStatus
                0x0800767c       0x78 Libraries\CMSIS\Include\USART_STM32F4xx.o
 .text.USART_IRQHandler
                0x080076f4      0x35c Libraries\CMSIS\Include\USART_STM32F4xx.o
                0x080076f4                USART_IRQHandler
 .text.USART3_GetCapabilities
                0x08007a50       0x14 Libraries\CMSIS\Include\USART_STM32F4xx.o
 .text.USART3_Initialize
                0x08007a64       0x20 Libraries\CMSIS\Include\USART_STM32F4xx.o
 .text.USART3_Uninitialize
                0x08007a84       0x14 Libraries\CMSIS\Include\USART_STM32F4xx.o
 .text.USART3_PowerControl
                0x08007a98       0x24 Libraries\CMSIS\Include\USART_STM32F4xx.o
 .text.USART3_Send
                0x08007abc       0x24 Libraries\CMSIS\Include\USART_STM32F4xx.o
 .text.USART3_Receive
                0x08007ae0       0x24 Libraries\CMSIS\Include\USART_STM32F4xx.o
 .text.USART3_Transfer
                0x08007b04       0x28 Libraries\CMSIS\Include\USART_STM32F4xx.o
 .text.USART3_GetTxCount
                0x08007b2c       0x14 Libraries\CMSIS\Include\USART_STM32F4xx.o
 .text.USART3_GetRxCount
                0x08007b40       0x14 Libraries\CMSIS\Include\USART_STM32F4xx.o
 .text.USART3_Control
                0x08007b54       0x24 Libraries\CMSIS\Include\USART_STM32F4xx.o
 .text.USART3_GetStatus
                0x08007b78       0x14 Libraries\CMSIS\Include\USART_STM32F4xx.o
 .text.USART3_SetModemControl
                0x08007b8c       0x24 Libraries\CMSIS\Include\USART_STM32F4xx.o
 .text.USART3_GetModemStatus
                0x08007bb0       0x14 Libraries\CMSIS\Include\USART_STM32F4xx.o
 .text.USART3_IRQHandler
                0x08007bc4       0x10 Libraries\CMSIS\Include\USART_STM32F4xx.o
                0x08007bc4                USART3_IRQHandler
 .text.__libc_init_array
                0x08007bd4       0x4c c:/program files (x86)/atollic/truestudio for arm 5.4.0/armtools/bin/../lib/gcc/arm-atollic-eabi/4.8.3/../../../../arm-atollic-eabi/lib/armv7e-m/fpu\libc_s.a(lib_a-init.o)
                0x08007bd4                __libc_init_array
 .text.memset   0x08007c20       0x10 c:/program files (x86)/atollic/truestudio for arm 5.4.0/armtools/bin/../lib/gcc/arm-atollic-eabi/4.8.3/../../../../arm-atollic-eabi/lib/armv7e-m/fpu\libc_s.a(lib_a-memset.o)
                0x08007c20                memset
 .text.strlen   0x08007c30       0x10 c:/program files (x86)/atollic/truestudio for arm 5.4.0/armtools/bin/../lib/gcc/arm-atollic-eabi/4.8.3/../../../../arm-atollic-eabi/lib/armv7e-m/fpu\libc_s.a(lib_a-strlen.o)
                0x08007c30                strlen
 .text._write   0x08007c40        0x4 c:/program files (x86)/atollic/truestudio for arm 5.4.0/armtools/bin/../lib/gcc/arm-atollic-eabi/4.8.3/../../../../arm-atollic-eabi/lib/armv7e-m/fpu\libc_s.a(lib_a-syscalls.o)
                0x08007c40                _write
 *(.glue_7)
 .glue_7        0x00000000        0x0 linker stubs
 *(.glue_7t)
 .glue_7t       0x00000000        0x0 linker stubs
 *(.eh_frame)
 .eh_frame      0x08007c44        0x0 c:/program files (x86)/atollic/truestudio for arm 5.4.0/armtools/bin/../lib/gcc/arm-atollic-eabi/4.8.3/armv7e-m/fpu/crtbegin.o
 *(.init)
 .init          0x08007c44        0x4 c:/program files (x86)/atollic/truestudio for arm 5.4.0/armtools/bin/../lib/gcc/arm-atollic-eabi/4.8.3/armv7e-m/fpu/crti.o
                0x08007c44                _init
 .init          0x08007c48        0x8 c:/program files (x86)/atollic/truestudio for arm 5.4.0/armtools/bin/../lib/gcc/arm-atollic-eabi/4.8.3/armv7e-m/fpu/crtn.o
 *(.fini)
 .fini          0x08007c50        0x4 c:/program files (x86)/atollic/truestudio for arm 5.4.0/armtools/bin/../lib/gcc/arm-atollic-eabi/4.8.3/armv7e-m/fpu/crti.o
                0x08007c50                _fini
 .fini          0x08007c54        0x8 c:/program files (x86)/atollic/truestudio for arm 5.4.0/armtools/bin/../lib/gcc/arm-atollic-eabi/4.8.3/armv7e-m/fpu/crtn.o
                0x08007c5c                . = ALIGN (0x4)
                0x08007c5c                _etext = .

.vfp11_veneer   0x08007c5c        0x0
 .vfp11_veneer  0x00000000        0x0 linker stubs

.v4_bx          0x08007c5c        0x0
 .v4_bx         0x00000000        0x0 linker stubs

.iplt           0x08007c5c        0x0
 .iplt          0x00000000        0x0 c:/program files (x86)/atollic/truestudio for arm 5.4.0/armtools/bin/../lib/gcc/arm-atollic-eabi/4.8.3/armv7e-m/fpu/crtbegin.o

.rodata         0x08007c5c      0x118
                0x08007c5c                . = ALIGN (0x4)
 *(.rodata)
 .rodata        0x08007c5c        0x4 src\tiny_printf.o
 .rodata        0x08007c60       0x2c src\stdout_USART.o
 .rodata        0x08007c8c       0x38 src\main.o
 .rodata        0x08007cc4       0x18 src\I2C_Treiber.o
 *(.rodata*)
 .rodata.APBAHBPrescTable
                0x08007cdc       0x10 Libraries\STM32F4xx_HAL_Driver\Src\stm32f4xx_hal_rcc.o
                0x08007cdc                APBAHBPrescTable
 .rodata.flagBitshiftOffset.7879
                0x08007cec        0x8 Libraries\STM32F4xx_HAL_Driver\Src\stm32f4xx_hal_dma.o
 .rodata.usart_driver_version
                0x08007cf4        0x4 Libraries\CMSIS\Include\USART_STM32F4xx.o
 .rodata.USART3_tx
                0x08007cf8        0x8 Libraries\CMSIS\Include\USART_STM32F4xx.o
 .rodata.USART3_rx
                0x08007d00        0x8 Libraries\CMSIS\Include\USART_STM32F4xx.o
 .rodata.USART3_Resources
                0x08007d08       0x34 Libraries\CMSIS\Include\USART_STM32F4xx.o
 .rodata.Driver_USART3
                0x08007d3c       0x38 Libraries\CMSIS\Include\USART_STM32F4xx.o
                0x08007d3c                Driver_USART3
                0x08007d74                . = ALIGN (0x4)

.rel.dyn        0x08007d74        0x0
 .rel.iplt      0x00000000        0x0 c:/program files (x86)/atollic/truestudio for arm 5.4.0/armtools/bin/../lib/gcc/arm-atollic-eabi/4.8.3/armv7e-m/fpu/crtbegin.o

.ARM.extab
 *(.ARM.extab* .gnu.linkonce.armextab.*)

.ARM            0x08007d74        0x0
                0x08007d74                __exidx_start = .
 *(.ARM.exidx*)
                0x08007d74                __exidx_end = .

.preinit_array  0x08007d74        0x0
                0x08007d74                PROVIDE (__preinit_array_start, .)
 *(.preinit_array*)
                0x08007d74                PROVIDE (__preinit_array_end, .)

.init_array     0x08007d74        0x4
                0x08007d74                PROVIDE (__init_array_start, .)
 *(SORT(.init_array.*))
 *(.init_array*)
 .init_array    0x08007d74        0x4 c:/program files (x86)/atollic/truestudio for arm 5.4.0/armtools/bin/../lib/gcc/arm-atollic-eabi/4.8.3/armv7e-m/fpu/crtbegin.o
                0x08007d78                PROVIDE (__init_array_end, .)

.fini_array     0x08007d78        0x4
                0x08007d78                PROVIDE (__fini_array_start, .)
 *(SORT(.fini_array.*))
 *(.fini_array*)
 .fini_array    0x08007d78        0x4 c:/program files (x86)/atollic/truestudio for arm 5.4.0/armtools/bin/../lib/gcc/arm-atollic-eabi/4.8.3/armv7e-m/fpu/crtbegin.o
                0x08007d7c                PROVIDE (__fini_array_end, .)
                0x08007d7c                _sidata = LOADADDR (.data)

.data           0x20000000       0x30 load address 0x08007d7c
                0x20000000                . = ALIGN (0x4)
                0x20000000                _sdata = .
 *(.data)
 *(.data*)
 .data.SystemCoreClock
                0x20000000        0x4 src\system_stm32f4xx.o
                0x20000000                SystemCoreClock
 .data.output_currentBufferNr
                0x20000004        0x4 src\stdout_USART.o
 .data.output_currentBuffer
                0x20000008        0x4 src\stdout_USART.o
 .data.divider100ms.8085
                0x2000000c        0x4 src\main.o
 .data.kalman2X
                0x20000010       0x10 src\globals.o
                0x20000010                kalman2X
 .data.kalman2Y
                0x20000020       0x10 src\globals.o
                0x20000020                kalman2Y
                0x20000030                . = ALIGN (0x4)
                0x20000030                _edata = .
                0x08007dac                _siccmram = LOADADDR (.ccmram)

.igot.plt       0x20000030        0x0 load address 0x08007dac
 .igot.plt      0x00000000        0x0 c:/program files (x86)/atollic/truestudio for arm 5.4.0/armtools/bin/../lib/gcc/arm-atollic-eabi/4.8.3/armv7e-m/fpu/crtbegin.o

.ccmram         0x10000000        0x0 load address 0x08007dac
                0x10000000                . = ALIGN (0x4)
                0x10000000                _sccmram = .
 *(.ccmram)
 *(.ccmram*)
                0x10000000                . = ALIGN (0x4)
                0x10000000                _eccmram = .
                0x10000000                . = ALIGN (0x4)

.bss            0x20000030     0x53b8
                0x20000030                _sbss = .
                0x20000030                __bss_start__ = _sbss
 *(.bss)
 .bss           0x20000030       0x1c c:/program files (x86)/atollic/truestudio for arm 5.4.0/armtools/bin/../lib/gcc/arm-atollic-eabi/4.8.3/armv7e-m/fpu/crtbegin.o
 *(.bss*)
 .bss.input_buf
                0x2000004c       0x64 src\stdout_USART.o
 .bss.output_buffer1
                0x200000b0      0x118 src\stdout_USART.o
 .bss.output_buffer2
                0x200001c8      0x118 src\stdout_USART.o
 .bss.output_currentPos
                0x200002e0        0x4 src\stdout_USART.o
 .bss.buffer    0x200002e4        0xc src\stdout_USART.o
 .bss.sendingCodes
                0x200002f0        0x8 src\stdout_USART.o
 .bss.sendingCodesCurrent
                0x200002f8        0x1 src\stdout_USART.o
 *fill*         0x200002f9        0x3 
 .bss.command   0x200002fc        0xc src\stdout_USART.o
 .bss.kommuConnected
                0x20000308        0x1 src\stdout_USART.o
 .bss.kommuNoPing
                0x20000309        0x1 src\stdout_USART.o
 *fill*         0x2000030a        0x2 
 .bss.currentPos.8004
                0x2000030c        0x4 src\stdout_USART.o
 .bss.gotStart.8008
                0x20000310        0x1 src\stdout_USART.o
 *fill*         0x20000311        0x3 
 .bss.commandPos.8005
                0x20000314        0x4 src\stdout_USART.o
 .bss.reciving.8006
                0x20000318        0x1 src\stdout_USART.o
 *fill*         0x20000319        0x3 
 .bss.delayTime
                0x2000031c        0x4 src\main.o
 .bss.pidDataXObj
                0x20000320       0x1c src\main.o
 .bss.pidDataYObj
                0x2000033c       0x1c src\main.o
 .bss.loopCounter.8084
                0x20000358        0x4 src\main.o
 .bss.last.8093
                0x2000035c        0x4 src\main.o
 .bss.acceltempgyroVals
                0x20000360       0x10 src\globals.o
                0x20000360                acceltempgyroVals
 .bss.acceltempgyroValsFiltered
                0x20000370       0x10 src\globals.o
                0x20000370                acceltempgyroValsFiltered
 .bss.timeDiffMPU
                0x20000380        0x4 src\globals.o
                0x20000380                timeDiffMPU
 .bss.bursting_start
                0x20000384        0x1 src\globals.o
                0x20000384                bursting_start
 .bss.bursting_end
                0x20000385        0x1 src\globals.o
                0x20000385                bursting_end
 *fill*         0x20000386        0x2 
 .bss.currentburst
                0x20000388        0x4 src\globals.o
                0x20000388                currentburst
 .bss.angleGyro
                0x2000038c        0xc src\globals.o
                0x2000038c                angleGyro
 .bss.angleAccel
                0x20000398        0xc src\globals.o
                0x20000398                angleAccel
 .bss.angleComple
                0x200003a4        0xc src\globals.o
                0x200003a4                angleComple
 .bss.angleKalman
                0x200003b0        0xc src\globals.o
                0x200003b0                angleKalman
 .bss.power     0x200003bc       0x10 src\globals.o
                0x200003bc                power
 .bss.uwTick    0x200003cc        0x4 src\globals.o
 .bss.uwTick10u
                0x200003d0        0x4 src\globals.o
 .bss.hnd_tim1  0x200003d4       0x3c src\PWM.o
 .bss.hnd       0x20000410       0x3c src\I2C_Treiber.o
 .bss.hndDMArx  0x2000044c       0x58 src\I2C_Treiber.o
 .bss.hndDMAtx  0x200004a4       0x58 src\I2C_Treiber.o
 .bss.tmpBuffer
                0x200004fc       0x10 src\I2C_Treiber.o
 .bss.gettingGyroOffset
                0x2000050c        0x1 src\Daten_Filter.o
 *fill*         0x2000050d        0x3 
 .bss.gyroOffsetSamples
                0x20000510        0x4 src\Daten_Filter.o
 .bss.gyroOffsets
                0x20000514        0xc src\Daten_Filter.o
 .bss.gyroOffsetsReminder
                0x20000520        0xc src\Daten_Filter.o
 .bss.period.7908
                0x2000052c        0x4 src\Daten_Filter.o
 .bss.USART3_Info
                0x20000530       0x14 Libraries\CMSIS\Include\USART_STM32F4xx.o
 .bss.USART3_TransferInfo
                0x20000544       0x24 Libraries\CMSIS\Include\USART_STM32F4xx.o
 *(COMMON)
 COMMON         0x20000568     0x4e80 src\globals.o
                0x20000568                burst
                0x20005388                kalmanX
                0x200053b0                pidY_X
                0x200053b4                pidDataX
                0x200053b8                pidDataY
                0x200053bc                pidY_Y
                0x200053c0                kalmanY
                0x200053e8                . = ALIGN (0x4)
                0x200053e8                _ebss = .
                0x200053e8                __bss_end__ = _ebss

._user_heap_stack
                0x200053e8      0x400
                0x200053e8                . = ALIGN (0x4)
                0x200053e8                PROVIDE (end, .)
                0x200053e8                PROVIDE (_end, .)
                0x200053e8                . = (. + _Min_Heap_Size)
                0x200057e8                . = (. + _Min_Stack_Size)
 *fill*         0x200053e8      0x400 
                0x200057e8                . = ALIGN (0x4)

.memory_b1_text
 *(.mb1text)
 *(.mb1text*)
 *(.mb1rodata)
 *(.mb1rodata*)

/DISCARD/
 libc.a(*)
 libm.a(*)
 libgcc.a(*)

.ARM.attributes
                0x00000000       0x30
 *(.ARM.attributes)
 .ARM.attributes
                0x00000000       0x22 c:/program files (x86)/atollic/truestudio for arm 5.4.0/armtools/bin/../lib/gcc/arm-atollic-eabi/4.8.3/armv7e-m/fpu/crti.o
 .ARM.attributes
                0x00000022       0x34 c:/program files (x86)/atollic/truestudio for arm 5.4.0/armtools/bin/../lib/gcc/arm-atollic-eabi/4.8.3/armv7e-m/fpu/crtbegin.o
 .ARM.attributes
                0x00000056       0x39 src\tiny_printf.o
 .ARM.attributes
                0x0000008f       0x39 src\system_stm32f4xx.o
 .ARM.attributes
                0x000000c8       0x39 src\stm32f4xx_it.o
 .ARM.attributes
                0x00000101       0x39 src\stm32f4xx_hal_msp.o
 .ARM.attributes
                0x0000013a       0x39 src\stdout_USART.o
 .ARM.attributes
                0x00000173       0x21 src\startup_stm32f40xx.o
 .ARM.attributes
                0x00000194       0x39 src\main.o
 .ARM.attributes
                0x000001cd       0x39 src\globals.o
 .ARM.attributes
                0x00000206       0x39 src\PWM.o
 .ARM.attributes
                0x0000023f       0x39 src\PID.o
 .ARM.attributes
                0x00000278       0x39 src\Kalman.o
 .ARM.attributes
                0x000002b1       0x39 src\I2C_Treiber.o
 .ARM.attributes
                0x000002ea       0x39 src\Daten_Filter.o
 .ARM.attributes
                0x00000323       0x39 Libraries\STM32F4xx_HAL_Driver\Src\stm32f4xx_hal_tim_ex.o
 .ARM.attributes
                0x0000035c       0x39 Libraries\STM32F4xx_HAL_Driver\Src\stm32f4xx_hal_tim.o
 .ARM.attributes
                0x00000395       0x39 Libraries\STM32F4xx_HAL_Driver\Src\stm32f4xx_hal_rcc.o
 .ARM.attributes
                0x000003ce       0x39 Libraries\STM32F4xx_HAL_Driver\Src\stm32f4xx_hal_i2c.o
 .ARM.attributes
                0x00000407       0x39 Libraries\STM32F4xx_HAL_Driver\Src\stm32f4xx_hal_gpio.o
 .ARM.attributes
                0x00000440       0x39 Libraries\STM32F4xx_HAL_Driver\Src\stm32f4xx_hal_dma.o
 .ARM.attributes
                0x00000479       0x39 Libraries\STM32F4xx_HAL_Driver\Src\stm32f4xx_hal_cortex.o
 .ARM.attributes
                0x000004b2       0x39 Libraries\STM32F4xx_HAL_Driver\Src\stm32f4xx_hal.o
 .ARM.attributes
                0x000004eb       0x39 Libraries\CMSIS\Include\USART_STM32F4xx.o
 .ARM.attributes
                0x00000524       0x34 c:/program files (x86)/atollic/truestudio for arm 5.4.0/armtools/bin/../lib/gcc/arm-atollic-eabi/4.8.3/../../../../arm-atollic-eabi/lib/armv7e-m/fpu\libc_s.a(lib_a-init.o)
 .ARM.attributes
                0x00000558       0x34 c:/program files (x86)/atollic/truestudio for arm 5.4.0/armtools/bin/../lib/gcc/arm-atollic-eabi/4.8.3/../../../../arm-atollic-eabi/lib/armv7e-m/fpu\libc_s.a(lib_a-memset.o)
 .ARM.attributes
                0x0000058c       0x34 c:/program files (x86)/atollic/truestudio for arm 5.4.0/armtools/bin/../lib/gcc/arm-atollic-eabi/4.8.3/../../../../arm-atollic-eabi/lib/armv7e-m/fpu\libc_s.a(lib_a-strlen.o)
 .ARM.attributes
                0x000005c0       0x34 c:/program files (x86)/atollic/truestudio for arm 5.4.0/armtools/bin/../lib/gcc/arm-atollic-eabi/4.8.3/../../../../arm-atollic-eabi/lib/armv7e-m/fpu\libc_s.a(lib_a-syscalls.o)
 .ARM.attributes
                0x000005f4       0x22 c:/program files (x86)/atollic/truestudio for arm 5.4.0/armtools/bin/../lib/gcc/arm-atollic-eabi/4.8.3/armv7e-m/fpu/crtn.o
OUTPUT(testImport1.elf elf32-littlearm)

.debug_info     0x00000000     0xe7fd
 .debug_info    0x00000000      0xbc2 src\tiny_printf.o
 .debug_info    0x00000bc2      0x593 src\system_stm32f4xx.o
 .debug_info    0x00001155      0x13a src\stm32f4xx_it.o
 .debug_info    0x0000128f       0xc3 src\stm32f4xx_hal_msp.o
 .debug_info    0x00001352      0xd0a src\stdout_USART.o
 .debug_info    0x0000205c       0x88 src\startup_stm32f40xx.o
 .debug_info    0x000020e4      0x90e src\main.o
 .debug_info    0x000029f2      0x6f2 src\globals.o
 .debug_info    0x000030e4      0xc0a src\PWM.o
 .debug_info    0x00003cee      0x281 src\PID.o
 .debug_info    0x00003f6f      0x409 src\Kalman.o
 .debug_info    0x00004378      0xe87 src\I2C_Treiber.o
 .debug_info    0x000051ff      0x392 src\Daten_Filter.o
 .debug_info    0x00005591      0xf3c Libraries\STM32F4xx_HAL_Driver\Src\stm32f4xx_hal_tim_ex.o
 .debug_info    0x000064cd     0x2176 Libraries\STM32F4xx_HAL_Driver\Src\stm32f4xx_hal_tim.o
 .debug_info    0x00008643      0xb11 Libraries\STM32F4xx_HAL_Driver\Src\stm32f4xx_hal_rcc.o
 .debug_info    0x00009154     0x1880 Libraries\STM32F4xx_HAL_Driver\Src\stm32f4xx_hal_i2c.o
 .debug_info    0x0000a9d4      0x6f8 Libraries\STM32F4xx_HAL_Driver\Src\stm32f4xx_hal_gpio.o
 .debug_info    0x0000b0cc      0x6ea Libraries\STM32F4xx_HAL_Driver\Src\stm32f4xx_hal_dma.o
 .debug_info    0x0000b7b6      0xd04 Libraries\STM32F4xx_HAL_Driver\Src\stm32f4xx_hal_cortex.o
 .debug_info    0x0000c4ba      0x843 Libraries\STM32F4xx_HAL_Driver\Src\stm32f4xx_hal.o
 .debug_info    0x0000ccfd     0x1b00 Libraries\CMSIS\Include\USART_STM32F4xx.o

.debug_abbrev   0x00000000     0x2592
 .debug_abbrev  0x00000000      0x248 src\tiny_printf.o
 .debug_abbrev  0x00000248      0x138 src\system_stm32f4xx.o
 .debug_abbrev  0x00000380       0x7f src\stm32f4xx_it.o
 .debug_abbrev  0x000003ff       0x67 src\stm32f4xx_hal_msp.o
 .debug_abbrev  0x00000466      0x301 src\stdout_USART.o
 .debug_abbrev  0x00000767       0x12 src\startup_stm32f40xx.o
 .debug_abbrev  0x00000779      0x1b8 src\main.o
 .debug_abbrev  0x00000931      0x14d src\globals.o
 .debug_abbrev  0x00000a7e      0x1bd src\PWM.o
 .debug_abbrev  0x00000c3b      0x104 src\PID.o
 .debug_abbrev  0x00000d3f       0xfa src\Kalman.o
 .debug_abbrev  0x00000e39      0x204 src\I2C_Treiber.o
 .debug_abbrev  0x0000103d      0x173 src\Daten_Filter.o
 .debug_abbrev  0x000011b0      0x1fb Libraries\STM32F4xx_HAL_Driver\Src\stm32f4xx_hal_tim_ex.o
 .debug_abbrev  0x000013ab      0x204 Libraries\STM32F4xx_HAL_Driver\Src\stm32f4xx_hal_tim.o
 .debug_abbrev  0x000015af      0x294 Libraries\STM32F4xx_HAL_Driver\Src\stm32f4xx_hal_rcc.o
 .debug_abbrev  0x00001843      0x1ea Libraries\STM32F4xx_HAL_Driver\Src\stm32f4xx_hal_i2c.o
 .debug_abbrev  0x00001a2d      0x1aa Libraries\STM32F4xx_HAL_Driver\Src\stm32f4xx_hal_gpio.o
 .debug_abbrev  0x00001bd7      0x204 Libraries\STM32F4xx_HAL_Driver\Src\stm32f4xx_hal_dma.o
 .debug_abbrev  0x00001ddb      0x2be Libraries\STM32F4xx_HAL_Driver\Src\stm32f4xx_hal_cortex.o
 .debug_abbrev  0x00002099      0x1ee Libraries\STM32F4xx_HAL_Driver\Src\stm32f4xx_hal.o
 .debug_abbrev  0x00002287      0x30b Libraries\CMSIS\Include\USART_STM32F4xx.o

.debug_aranges  0x00000000      0xf08
 .debug_aranges
                0x00000000       0x60 src\tiny_printf.o
 .debug_aranges
                0x00000060       0x30 src\system_stm32f4xx.o
 .debug_aranges
                0x00000090       0x60 src\stm32f4xx_it.o
 .debug_aranges
                0x000000f0       0x28 src\stm32f4xx_hal_msp.o
 .debug_aranges
                0x00000118       0xa0 src\stdout_USART.o
 .debug_aranges
                0x000001b8       0x28 src\startup_stm32f40xx.o
 .debug_aranges
                0x000001e0       0x48 src\main.o
 .debug_aranges
                0x00000228       0x48 src\globals.o
 .debug_aranges
                0x00000270       0x48 src\PWM.o
 .debug_aranges
                0x000002b8       0x38 src\PID.o
 .debug_aranges
                0x000002f0       0x70 src\Kalman.o
 .debug_aranges
                0x00000360       0x90 src\I2C_Treiber.o
 .debug_aranges
                0x000003f0       0x50 src\Daten_Filter.o
 .debug_aranges
                0x00000440      0x140 Libraries\STM32F4xx_HAL_Driver\Src\stm32f4xx_hal_tim_ex.o
 .debug_aranges
                0x00000580      0x368 Libraries\STM32F4xx_HAL_Driver\Src\stm32f4xx_hal_tim.o
 .debug_aranges
                0x000008e8       0x88 Libraries\STM32F4xx_HAL_Driver\Src\stm32f4xx_hal_rcc.o
 .debug_aranges
                0x00000970      0x1e8 Libraries\STM32F4xx_HAL_Driver\Src\stm32f4xx_hal_i2c.o
 .debug_aranges
                0x00000b58       0x58 Libraries\STM32F4xx_HAL_Driver\Src\stm32f4xx_hal_gpio.o
 .debug_aranges
                0x00000bb0       0x70 Libraries\STM32F4xx_HAL_Driver\Src\stm32f4xx_hal_dma.o
 .debug_aranges
                0x00000c20      0x108 Libraries\STM32F4xx_HAL_Driver\Src\stm32f4xx_hal_cortex.o
 .debug_aranges
                0x00000d28       0xc0 Libraries\STM32F4xx_HAL_Driver\Src\stm32f4xx_hal.o
 .debug_aranges
                0x00000de8      0x120 Libraries\CMSIS\Include\USART_STM32F4xx.o

.debug_ranges   0x00000000      0xdb0
 .debug_ranges  0x00000000       0x50 src\tiny_printf.o
 .debug_ranges  0x00000050       0x20 src\system_stm32f4xx.o
 .debug_ranges  0x00000070       0x50 src\stm32f4xx_it.o
 .debug_ranges  0x000000c0       0x18 src\stm32f4xx_hal_msp.o
 .debug_ranges  0x000000d8       0x90 src\stdout_USART.o
 .debug_ranges  0x00000168       0x20 src\startup_stm32f40xx.o
 .debug_ranges  0x00000188       0x38 src\main.o
 .debug_ranges  0x000001c0       0x38 src\globals.o
 .debug_ranges  0x000001f8       0x38 src\PWM.o
 .debug_ranges  0x00000230       0x28 src\PID.o
 .debug_ranges  0x00000258       0x60 src\Kalman.o
 .debug_ranges  0x000002b8       0x80 src\I2C_Treiber.o
 .debug_ranges  0x00000338       0x40 src\Daten_Filter.o
 .debug_ranges  0x00000378      0x130 Libraries\STM32F4xx_HAL_Driver\Src\stm32f4xx_hal_tim_ex.o
 .debug_ranges  0x000004a8      0x358 Libraries\STM32F4xx_HAL_Driver\Src\stm32f4xx_hal_tim.o
 .debug_ranges  0x00000800       0x78 Libraries\STM32F4xx_HAL_Driver\Src\stm32f4xx_hal_rcc.o
 .debug_ranges  0x00000878      0x1d8 Libraries\STM32F4xx_HAL_Driver\Src\stm32f4xx_hal_i2c.o
 .debug_ranges  0x00000a50       0x48 Libraries\STM32F4xx_HAL_Driver\Src\stm32f4xx_hal_gpio.o
 .debug_ranges  0x00000a98       0x60 Libraries\STM32F4xx_HAL_Driver\Src\stm32f4xx_hal_dma.o
 .debug_ranges  0x00000af8       0xf8 Libraries\STM32F4xx_HAL_Driver\Src\stm32f4xx_hal_cortex.o
 .debug_ranges  0x00000bf0       0xb0 Libraries\STM32F4xx_HAL_Driver\Src\stm32f4xx_hal.o
 .debug_ranges  0x00000ca0      0x110 Libraries\CMSIS\Include\USART_STM32F4xx.o

.debug_line     0x00000000     0x7318
 .debug_line    0x00000000      0x2cf src\tiny_printf.o
 .debug_line    0x000002cf      0x283 src\system_stm32f4xx.o
 .debug_line    0x00000552      0x224 src\stm32f4xx_it.o
 .debug_line    0x00000776      0x1a1 src\stm32f4xx_hal_msp.o
 .debug_line    0x00000917      0x53b src\stdout_USART.o
 .debug_line    0x00000e52       0x79 src\startup_stm32f40xx.o
 .debug_line    0x00000ecb      0x33a src\main.o
 .debug_line    0x00001205      0x2f1 src\globals.o
 .debug_line    0x000014f6      0x336 src\PWM.o
 .debug_line    0x0000182c      0x1d4 src\PID.o
 .debug_line    0x00001a00      0x26e src\Kalman.o
 .debug_line    0x00001c6e      0x48e src\I2C_Treiber.o
 .debug_line    0x000020fc      0x2c9 src\Daten_Filter.o
 .debug_line    0x000023c5      0x836 Libraries\STM32F4xx_HAL_Driver\Src\stm32f4xx_hal_tim_ex.o
 .debug_line    0x00002bfb     0x1365 Libraries\STM32F4xx_HAL_Driver\Src\stm32f4xx_hal_tim.o
 .debug_line    0x00003f60      0x6c6 Libraries\STM32F4xx_HAL_Driver\Src\stm32f4xx_hal_rcc.o
 .debug_line    0x00004626      0xfa6 Libraries\STM32F4xx_HAL_Driver\Src\stm32f4xx_hal_i2c.o
 .debug_line    0x000055cc      0x4a8 Libraries\STM32F4xx_HAL_Driver\Src\stm32f4xx_hal_gpio.o
 .debug_line    0x00005a74      0x4a1 Libraries\STM32F4xx_HAL_Driver\Src\stm32f4xx_hal_dma.o
 .debug_line    0x00005f15      0x592 Libraries\STM32F4xx_HAL_Driver\Src\stm32f4xx_hal_cortex.o
 .debug_line    0x000064a7      0x45d Libraries\STM32F4xx_HAL_Driver\Src\stm32f4xx_hal.o
 .debug_line    0x00006904      0xa14 Libraries\CMSIS\Include\USART_STM32F4xx.o

.debug_str      0x00000000     0x46c3
 .debug_str     0x00000000      0x59c src\tiny_printf.o
                                0x613 (size before relaxing)
 .debug_str     0x0000059c      0x231 src\system_stm32f4xx.o
                                0x3fc (size before relaxing)
 .debug_str     0x000007cd       0xa6 src\stm32f4xx_it.o
                                0x259 (size before relaxing)
 .debug_str     0x00000873       0x35 src\stm32f4xx_hal_msp.o
                                0x1e8 (size before relaxing)
 .debug_str     0x000008a8      0x5f0 src\stdout_USART.o
                                0x920 (size before relaxing)
 .debug_str     0x00000e98      0x627 src\main.o
                                0xa70 (size before relaxing)
 .debug_str     0x000014bf       0xe2 src\globals.o
                                0x925 (size before relaxing)
 .debug_str     0x000015a1      0x544 src\PWM.o
                                0xdca (size before relaxing)
 .debug_str     0x00001ae5       0x6d src\PID.o
                                0x24e (size before relaxing)
 .debug_str     0x00001b52       0xcc src\Kalman.o
                                0x339 (size before relaxing)
 .debug_str     0x00001c1e      0x343 src\I2C_Treiber.o
                                0xeb9 (size before relaxing)
 .debug_str     0x00001f61      0x100 src\Daten_Filter.o
                                0x39d (size before relaxing)
 .debug_str     0x00002061      0x59d Libraries\STM32F4xx_HAL_Driver\Src\stm32f4xx_hal_tim_ex.o
                                0xc8f (size before relaxing)
 .debug_str     0x000025fe      0xc20 Libraries\STM32F4xx_HAL_Driver\Src\stm32f4xx_hal_tim.o
                               0x13dc (size before relaxing)
 .debug_str     0x0000321e      0x2b2 Libraries\STM32F4xx_HAL_Driver\Src\stm32f4xx_hal_rcc.o
                                0x6d1 (size before relaxing)
 .debug_str     0x000034d0      0x5a8 Libraries\STM32F4xx_HAL_Driver\Src\stm32f4xx_hal_i2c.o
                                0xc7d (size before relaxing)
 .debug_str     0x00003a78      0x155 Libraries\STM32F4xx_HAL_Driver\Src\stm32f4xx_hal_gpio.o
                                0x51d (size before relaxing)
 .debug_str     0x00003bcd      0x199 Libraries\STM32F4xx_HAL_Driver\Src\stm32f4xx_hal_dma.o
                                0x683 (size before relaxing)
 .debug_str     0x00003d66      0x3aa Libraries\STM32F4xx_HAL_Driver\Src\stm32f4xx_hal_cortex.o
                                0xc15 (size before relaxing)
 .debug_str     0x00004110      0x1a9 Libraries\STM32F4xx_HAL_Driver\Src\stm32f4xx_hal.o
                                0xa6c (size before relaxing)
 .debug_str     0x000042b9      0x40a Libraries\CMSIS\Include\USART_STM32F4xx.o
                               0x13a2 (size before relaxing)

.comment        0x00000000       0x82
 .comment       0x00000000       0x82 src\tiny_printf.o
                                 0x83 (size before relaxing)
 .comment       0x00000000       0x83 src\system_stm32f4xx.o
 .comment       0x00000000       0x83 src\stm32f4xx_it.o
 .comment       0x00000000       0x83 src\stm32f4xx_hal_msp.o
 .comment       0x00000000       0x83 src\stdout_USART.o
 .comment       0x00000000       0x83 src\main.o
 .comment       0x00000000       0x83 src\globals.o
 .comment       0x00000000       0x83 src\PWM.o
 .comment       0x00000000       0x83 src\PID.o
 .comment       0x00000000       0x83 src\Kalman.o
 .comment       0x00000000       0x83 src\I2C_Treiber.o
 .comment       0x00000000       0x83 src\Daten_Filter.o
 .comment       0x00000000       0x83 Libraries\STM32F4xx_HAL_Driver\Src\stm32f4xx_hal_tim_ex.o
 .comment       0x00000000       0x83 Libraries\STM32F4xx_HAL_Driver\Src\stm32f4xx_hal_tim.o
 .comment       0x00000000       0x83 Libraries\STM32F4xx_HAL_Driver\Src\stm32f4xx_hal_rcc.o
 .comment       0x00000000       0x83 Libraries\STM32F4xx_HAL_Driver\Src\stm32f4xx_hal_i2c.o
 .comment       0x00000000       0x83 Libraries\STM32F4xx_HAL_Driver\Src\stm32f4xx_hal_gpio.o
 .comment       0x00000000       0x83 Libraries\STM32F4xx_HAL_Driver\Src\stm32f4xx_hal_dma.o
 .comment       0x00000000       0x83 Libraries\STM32F4xx_HAL_Driver\Src\stm32f4xx_hal_cortex.o
 .comment       0x00000000       0x83 Libraries\STM32F4xx_HAL_Driver\Src\stm32f4xx_hal.o
 .comment       0x00000000       0x83 Libraries\CMSIS\Include\USART_STM32F4xx.o

.debug_frame    0x00000000     0x331c
 .debug_frame   0x00000000      0x154 src\tiny_printf.o
 .debug_frame   0x00000154       0x64 src\system_stm32f4xx.o
 .debug_frame   0x000001b8       0xec src\stm32f4xx_it.o
 .debug_frame   0x000002a4       0x40 src\stm32f4xx_hal_msp.o
 .debug_frame   0x000002e4      0x210 src\stdout_USART.o
 .debug_frame   0x000004f4       0xc4 src\main.o
 .debug_frame   0x000005b8       0xb8 src\globals.o
 .debug_frame   0x00000670       0xc8 src\PWM.o
 .debug_frame   0x00000738       0x88 src\PID.o
 .debug_frame   0x000007c0      0x144 src\Kalman.o
 .debug_frame   0x00000904      0x1dc src\I2C_Treiber.o
 .debug_frame   0x00000ae0       0xd8 src\Daten_Filter.o
 .debug_frame   0x00000bb8      0x480 Libraries\STM32F4xx_HAL_Driver\Src\stm32f4xx_hal_tim_ex.o
 .debug_frame   0x00001038      0xc98 Libraries\STM32F4xx_HAL_Driver\Src\stm32f4xx_hal_tim.o
 .debug_frame   0x00001cd0      0x1a0 Libraries\STM32F4xx_HAL_Driver\Src\stm32f4xx_hal_rcc.o
 .debug_frame   0x00001e70      0x70c Libraries\STM32F4xx_HAL_Driver\Src\stm32f4xx_hal_i2c.o
 .debug_frame   0x0000257c       0xf4 Libraries\STM32F4xx_HAL_Driver\Src\stm32f4xx_hal_gpio.o
 .debug_frame   0x00002670      0x160 Libraries\STM32F4xx_HAL_Driver\Src\stm32f4xx_hal_dma.o
 .debug_frame   0x000027d0      0x378 Libraries\STM32F4xx_HAL_Driver\Src\stm32f4xx_hal_cortex.o
 .debug_frame   0x00002b48      0x228 Libraries\STM32F4xx_HAL_Driver\Src\stm32f4xx_hal.o
 .debug_frame   0x00002d70      0x3f4 Libraries\CMSIS\Include\USART_STM32F4xx.o
 .debug_frame   0x00003164       0x2c c:/program files (x86)/atollic/truestudio for arm 5.4.0/armtools/bin/../lib/gcc/arm-atollic-eabi/4.8.3/../../../../arm-atollic-eabi/lib/armv7e-m/fpu\libc_s.a(lib_a-init.o)
 .debug_frame   0x00003190       0x20 c:/program files (x86)/atollic/truestudio for arm 5.4.0/armtools/bin/../lib/gcc/arm-atollic-eabi/4.8.3/../../../../arm-atollic-eabi/lib/armv7e-m/fpu\libc_s.a(lib_a-memset.o)
 .debug_frame   0x000031b0       0x20 c:/program files (x86)/atollic/truestudio for arm 5.4.0/armtools/bin/../lib/gcc/arm-atollic-eabi/4.8.3/../../../../arm-atollic-eabi/lib/armv7e-m/fpu\libc_s.a(lib_a-strlen.o)
 .debug_frame   0x000031d0      0x14c c:/program files (x86)/atollic/truestudio for arm 5.4.0/armtools/bin/../lib/gcc/arm-atollic-eabi/4.8.3/../../../../arm-atollic-eabi/lib/armv7e-m/fpu\libc_s.a(lib_a-syscalls.o)

Cross Reference Table

Symbol                                            File
ADC_IRQHandler                                    src\startup_stm32f40xx.o
AHBPrescTable                                     src\system_stm32f4xx.o
APBAHBPrescTable                                  Libraries\STM32F4xx_HAL_Driver\Src\stm32f4xx_hal_rcc.o
BusFault_Handler                                  src\stm32f4xx_it.o
CAN1_RX0_IRQHandler                               src\startup_stm32f40xx.o
CAN1_RX1_IRQHandler                               src\startup_stm32f40xx.o
CAN1_SCE_IRQHandler                               src\startup_stm32f40xx.o
CAN1_TX_IRQHandler                                src\startup_stm32f40xx.o
CAN2_RX0_IRQHandler                               src\startup_stm32f40xx.o
CAN2_RX1_IRQHandler                               src\startup_stm32f40xx.o
CAN2_SCE_IRQHandler                               src\startup_stm32f40xx.o
CAN2_TX_IRQHandler                                src\startup_stm32f40xx.o
CRYP_IRQHandler                                   src\startup_stm32f40xx.o
DCMI_IRQHandler                                   src\startup_stm32f40xx.o
DMA1_Stream0_IRQHandler                           src\startup_stm32f40xx.o
DMA1_Stream1_IRQHandler                           src\startup_stm32f40xx.o
DMA1_Stream2_IRQHandler                           src\startup_stm32f40xx.o
DMA1_Stream3_IRQHandler                           src\startup_stm32f40xx.o
DMA1_Stream4_IRQHandler                           src\startup_stm32f40xx.o
DMA1_Stream5_IRQHandler                           src\I2C_Treiber.o
                                                  src\startup_stm32f40xx.o
DMA1_Stream6_IRQHandler                           src\I2C_Treiber.o
                                                  src\startup_stm32f40xx.o
DMA1_Stream7_IRQHandler                           src\startup_stm32f40xx.o
DMA2_Stream0_IRQHandler                           src\startup_stm32f40xx.o
DMA2_Stream1_IRQHandler                           src\startup_stm32f40xx.o
DMA2_Stream2_IRQHandler                           src\startup_stm32f40xx.o
DMA2_Stream3_IRQHandler                           src\startup_stm32f40xx.o
DMA2_Stream4_IRQHandler                           src\startup_stm32f40xx.o
DMA2_Stream5_IRQHandler                           src\startup_stm32f40xx.o
DMA2_Stream6_IRQHandler                           src\startup_stm32f40xx.o
DMA2_Stream7_IRQHandler                           src\startup_stm32f40xx.o
DebugMon_Handler                                  src\stm32f4xx_it.o
Default_Handler                                   src\startup_stm32f40xx.o
Driver_USART3                                     Libraries\CMSIS\Include\USART_STM32F4xx.o
                                                  src\stdout_USART.o
ETH_IRQHandler                                    src\startup_stm32f40xx.o
ETH_WKUP_IRQHandler                               src\startup_stm32f40xx.o
EXTI0_IRQHandler                                  src\startup_stm32f40xx.o
EXTI15_10_IRQHandler                              src\startup_stm32f40xx.o
EXTI1_IRQHandler                                  src\startup_stm32f40xx.o
EXTI2_IRQHandler                                  src\startup_stm32f40xx.o
EXTI3_IRQHandler                                  src\I2C_Treiber.o
                                                  src\startup_stm32f40xx.o
EXTI4_IRQHandler                                  src\startup_stm32f40xx.o
EXTI9_5_IRQHandler                                src\startup_stm32f40xx.o
FLASH_Erase_Sector                                Libraries\STM32F4xx_HAL_Driver\Src\stm32f4xx_hal_flash_ex.o
                                                  Libraries\STM32F4xx_HAL_Driver\Src\stm32f4xx_hal_flash.o
FLASH_FlushCaches                                 Libraries\STM32F4xx_HAL_Driver\Src\stm32f4xx_hal_flash_ex.o
                                                  Libraries\STM32F4xx_HAL_Driver\Src\stm32f4xx_hal_flash.o
FLASH_IRQHandler                                  src\startup_stm32f40xx.o
FLASH_WaitForLastOperation                        Libraries\STM32F4xx_HAL_Driver\Src\stm32f4xx_hal_flash.o
                                                  Libraries\STM32F4xx_HAL_Driver\Src\stm32f4xx_hal_flash_ex.o
FPU_IRQHandler                                    src\startup_stm32f40xx.o
FSMC_IRQHandler                                   src\startup_stm32f40xx.o
Get_Gyro_Offset_Start                             src\Daten_Filter.o
                                                  src\main.o
Get_Gyro_Offset_Stopp                             src\Daten_Filter.o
                                                  src\main.o
Get_angle_from_Kalman                             src\Daten_Filter.o
Get_angle_from_accle                              src\Daten_Filter.o
Get_angle_from_comple                             src\Daten_Filter.o
HAL_ADCEx_InjectedConfigChannel                   Libraries\STM32F4xx_HAL_Driver\Src\stm32f4xx_hal_adc_ex.o
HAL_ADCEx_InjectedConvCpltCallback                Libraries\STM32F4xx_HAL_Driver\Src\stm32f4xx_hal_adc_ex.o
                                                  Libraries\STM32F4xx_HAL_Driver\Src\stm32f4xx_hal_adc.o
HAL_ADCEx_InjectedGetValue                        Libraries\STM32F4xx_HAL_Driver\Src\stm32f4xx_hal_adc_ex.o
HAL_ADCEx_InjectedPollForConversion               Libraries\STM32F4xx_HAL_Driver\Src\stm32f4xx_hal_adc_ex.o
HAL_ADCEx_InjectedStart                           Libraries\STM32F4xx_HAL_Driver\Src\stm32f4xx_hal_adc_ex.o
HAL_ADCEx_InjectedStart_IT                        Libraries\STM32F4xx_HAL_Driver\Src\stm32f4xx_hal_adc_ex.o
HAL_ADCEx_InjectedStop                            Libraries\STM32F4xx_HAL_Driver\Src\stm32f4xx_hal_adc_ex.o
HAL_ADCEx_InjectedStop_IT                         Libraries\STM32F4xx_HAL_Driver\Src\stm32f4xx_hal_adc_ex.o
HAL_ADCEx_MultiModeConfigChannel                  Libraries\STM32F4xx_HAL_Driver\Src\stm32f4xx_hal_adc_ex.o
HAL_ADCEx_MultiModeGetValue                       Libraries\STM32F4xx_HAL_Driver\Src\stm32f4xx_hal_adc_ex.o
HAL_ADCEx_MultiModeStart_DMA                      Libraries\STM32F4xx_HAL_Driver\Src\stm32f4xx_hal_adc_ex.o
HAL_ADCEx_MultiModeStop_DMA                       Libraries\STM32F4xx_HAL_Driver\Src\stm32f4xx_hal_adc_ex.o
HAL_ADC_AnalogWDGConfig                           Libraries\STM32F4xx_HAL_Driver\Src\stm32f4xx_hal_adc.o
HAL_ADC_ConfigChannel                             Libraries\STM32F4xx_HAL_Driver\Src\stm32f4xx_hal_adc.o
HAL_ADC_ConvCpltCallback                          Libraries\STM32F4xx_HAL_Driver\Src\stm32f4xx_hal_adc.o
                                                  Libraries\STM32F4xx_HAL_Driver\Src\stm32f4xx_hal_adc_ex.o
HAL_ADC_ConvHalfCpltCallback                      Libraries\STM32F4xx_HAL_Driver\Src\stm32f4xx_hal_adc.o
                                                  Libraries\STM32F4xx_HAL_Driver\Src\stm32f4xx_hal_adc_ex.o
HAL_ADC_DeInit                                    Libraries\STM32F4xx_HAL_Driver\Src\stm32f4xx_hal_adc.o
HAL_ADC_ErrorCallback                             Libraries\STM32F4xx_HAL_Driver\Src\stm32f4xx_hal_adc.o
                                                  Libraries\STM32F4xx_HAL_Driver\Src\stm32f4xx_hal_adc_ex.o
HAL_ADC_GetError                                  Libraries\STM32F4xx_HAL_Driver\Src\stm32f4xx_hal_adc.o
HAL_ADC_GetState                                  Libraries\STM32F4xx_HAL_Driver\Src\stm32f4xx_hal_adc.o
HAL_ADC_GetValue                                  Libraries\STM32F4xx_HAL_Driver\Src\stm32f4xx_hal_adc.o
HAL_ADC_IRQHandler                                Libraries\STM32F4xx_HAL_Driver\Src\stm32f4xx_hal_adc.o
HAL_ADC_Init                                      Libraries\STM32F4xx_HAL_Driver\Src\stm32f4xx_hal_adc.o
HAL_ADC_LevelOutOfWindowCallback                  Libraries\STM32F4xx_HAL_Driver\Src\stm32f4xx_hal_adc.o
HAL_ADC_MspDeInit                                 Libraries\STM32F4xx_HAL_Driver\Src\stm32f4xx_hal_adc.o
HAL_ADC_MspInit                                   Libraries\STM32F4xx_HAL_Driver\Src\stm32f4xx_hal_adc.o
HAL_ADC_PollForConversion                         Libraries\STM32F4xx_HAL_Driver\Src\stm32f4xx_hal_adc.o
HAL_ADC_PollForEvent                              Libraries\STM32F4xx_HAL_Driver\Src\stm32f4xx_hal_adc.o
HAL_ADC_Start                                     Libraries\STM32F4xx_HAL_Driver\Src\stm32f4xx_hal_adc.o
HAL_ADC_Start_DMA                                 Libraries\STM32F4xx_HAL_Driver\Src\stm32f4xx_hal_adc.o
HAL_ADC_Start_IT                                  Libraries\STM32F4xx_HAL_Driver\Src\stm32f4xx_hal_adc.o
HAL_ADC_Stop                                      Libraries\STM32F4xx_HAL_Driver\Src\stm32f4xx_hal_adc.o
HAL_ADC_Stop_DMA                                  Libraries\STM32F4xx_HAL_Driver\Src\stm32f4xx_hal_adc.o
HAL_ADC_Stop_IT                                   Libraries\STM32F4xx_HAL_Driver\Src\stm32f4xx_hal_adc.o
HAL_DBGMCU_DisableDBGSleepMode                    Libraries\STM32F4xx_HAL_Driver\Src\stm32f4xx_hal.o
HAL_DBGMCU_DisableDBGStandbyMode                  Libraries\STM32F4xx_HAL_Driver\Src\stm32f4xx_hal.o
HAL_DBGMCU_DisableDBGStopMode                     Libraries\STM32F4xx_HAL_Driver\Src\stm32f4xx_hal.o
HAL_DBGMCU_EnableDBGSleepMode                     Libraries\STM32F4xx_HAL_Driver\Src\stm32f4xx_hal.o
HAL_DBGMCU_EnableDBGStandbyMode                   Libraries\STM32F4xx_HAL_Driver\Src\stm32f4xx_hal.o
HAL_DBGMCU_EnableDBGStopMode                      Libraries\STM32F4xx_HAL_Driver\Src\stm32f4xx_hal.o
HAL_DMAEx_ChangeMemory                            Libraries\STM32F4xx_HAL_Driver\Src\stm32f4xx_hal_dma_ex.o